../Core/Src/injection_and_flow.c:20:6:InjectionAndFlow_Init	8	static,ignoring_inline_asm
../Core/Src/injection_and_flow.c:66:10:FlowMeter_GetPulseDeltaCount	0	static
../Core/Src/injection_and_flow.c:71:26:FlowMeter_GetPulseDeltas	0	static
../Core/Src/injection_and_flow.c:76:6:FlowMeter_ResetPulseDeltas	0	static,ignoring_inline_asm
../Core/Src/injection_and_flow.c:84:6:FlowMeter_TickHook	0	static
../Core/Src/injection_and_flow.c:100:6:FlowMeter_PulseCallback	8	static
../Core/Src/injection_and_flow.c:132:6:FlowMeter_UpdateInstantaneous	24	static,ignoring_inline_asm
../Core/Src/injection_and_flow.c:189:6:FlowMeter_UpdateTotal	8	static
../Core/Src/injection_and_flow.c:195:7:FlowMeter_GetFlow_Lmin	0	static
../Core/Src/injection_and_flow.c:200:7:FlowMeter_GetTotalLitres	0	static
../Core/Src/injection_and_flow.c:206:6:PumpControl_UpdatePI	24	static
../Core/Src/injection_and_flow.c:227:6:update_pump_state	8	static
../Core/Src/injection_and_flow.c:279:17:FlowSchedule_Depth	0	static
../Core/Src/injection_and_flow.c:290:9:FlowSchedule_Push	8	static,ignoring_inline_asm
../Core/Src/injection_and_flow.c:306:9:FlowSchedule_PushImmediate	0	static,ignoring_inline_asm
../Core/Src/injection_and_flow.c:322:6:FlowSchedule_Clear	0	static,ignoring_inline_asm
