../Core/Src/stm32f1xx_it.c:77:6:NMI_Handler	0	static
../Core/Src/stm32f1xx_it.c:92:6:HardFault_Handler	0	static
../Core/Src/stm32f1xx_it.c:107:6:MemManage_Handler	0	static
../Core/Src/stm32f1xx_it.c:122:6:BusFault_Handler	0	static
../Core/Src/stm32f1xx_it.c:137:6:UsageFault_Handler	0	static
../Core/Src/stm32f1xx_it.c:152:6:DebugMon_Handler	0	static
../Core/Src/stm32f1xx_it.c:165:6:SysTick_Handler	8	static
../Core/Src/stm32f1xx_it.c:194:6:USB_LP_CAN1_RX0_IRQHandler	0	static
../Core/Src/stm32f1xx_it.c:208:6:TIM3_IRQHandler	0	static
../Core/Src/stm32f1xx_it.c:222:6:USART2_IRQHandler	8	static
../Core/Src/stm32f1xx_it.c:236:6:USART3_IRQHandler	8	static
../Core/Src/stm32f1xx_it.c:250:6:TIM6_IRQHandler	0	static
