../Core/Src/comms_app.c:48:6:Comms_RegisterHandshakeCb	16	static
../Core/Src/comms_app.c:49:6:Comms_RegisterConfigCb	16	static
../Core/Src/comms_app.c:52:20:write_u32_le	16	static
../Core/Src/comms_app.c:68:6:Comms_ApplyConfigTLV	48	static
../Core/Src/comms_app.c:228:6:Comms_SendAck	24	static
../Core/Src/comms_app.c:237:6:Comms_SendNack	24	static
../Core/Src/comms_app.c:247:6:Comms_SendTelemetry	40	static
../Core/Src/comms_app.c:260:6:Comms_SendHeartbeat	24	static
../Core/Src/comms_app.c:284:13:Comms_OnPacket	48	static
../Core/Src/comms_app.c:442:6:Comms_Init	16	static
../Core/Src/comms_app.c:455:6:Comms_Process	8	static
../Core/Src/comms_app.c:461:6:Comms_Tick	24	static
../Core/Src/comms_app.c:495:6:EchoDebug_Process	80	static
../Core/Src/comms_app.c:529:6:Comms_EnqueueFlowmeterPulse	16	static,ignoring_inline_asm
../Core/Src/comms_app.c:548:6:Comms_SendFlowmeterPulseDebug	32	static
../Core/Src/comms_app.c:558:13:Comms_DrainFlowPulseQueue	16	static,ignoring_inline_asm
