../Core/Src/comms_app.c:46:6:Comms_RegisterHandshakeCb	16	static
../Core/Src/comms_app.c:47:6:Comms_RegisterConfigCb	16	static
../Core/Src/comms_app.c:50:20:write_u32_le	16	static
../Core/Src/comms_app.c:66:6:Comms_ApplyConfigTLV	48	static
../Core/Src/comms_app.c:218:6:Comms_SendAck	24	static
../Core/Src/comms_app.c:227:6:Comms_SendNack	24	static
../Core/Src/comms_app.c:237:6:Comms_SendTelemetry	40	static
../Core/Src/comms_app.c:250:6:Comms_SendHeartbeat	24	static
../Core/Src/comms_app.c:274:13:Comms_OnPacket	48	static
../Core/Src/comms_app.c:432:6:Comms_Init	16	static
../Core/Src/comms_app.c:445:6:Comms_Process	8	static
../Core/Src/comms_app.c:451:6:Comms_Tick	24	static
../Core/Src/comms_app.c:480:6:EchoDebug_Process	80	static
