../Core/Src/comms_app.c:53:6:Comms_RegisterHandshakeCb	16	static
../Core/Src/comms_app.c:54:6:Comms_RegisterConfigCb	16	static
../Core/Src/comms_app.c:57:20:write_u32_le	16	static
../Core/Src/comms_app.c:64:24:read_u32_le	16	static
../Core/Src/comms_app.c:76:6:Comms_ApplyConfigTLV	48	static
../Core/Src/comms_app.c:271:6:Comms_SendAck	24	static
../Core/Src/comms_app.c:280:6:Comms_SendNack	24	static
../Core/Src/comms_app.c:289:6:Comms_SendTelemetry	56	static
../Core/Src/comms_app.c:315:6:Comms_SendHeartbeat	24	static
../Core/Src/comms_app.c:339:13:Comms_OnPacket	48	static
../Core/Src/comms_app.c:520:6:Comms_Init	16	static
../Core/Src/comms_app.c:533:6:Comms_Process	8	static
../Core/Src/comms_app.c:539:6:Comms_Tick	24	static
../Core/Src/comms_app.c:573:6:EchoDebug_Process	80	static
../Core/Src/comms_app.c:608:6:Comms_EnqueueFlowmeterPulse	24	static,ignoring_inline_asm
../Core/Src/comms_app.c:626:6:Comms_SendFlowmeterPulseDebug	40	static
../Core/Src/comms_app.c:644:13:Comms_DrainFlowPulseQueue	24	static,ignoring_inline_asm
