../Core/Src/comms_app.c:53:6:Comms_RegisterHandshakeCb	16	static
../Core/Src/comms_app.c:54:6:Comms_RegisterConfigCb	16	static
../Core/Src/comms_app.c:57:20:write_u32_le	16	static
../Core/Src/comms_app.c:64:20:write_i32_le	16	static
../Core/Src/comms_app.c:68:24:read_u32_le	16	static
../Core/Src/comms_app.c:80:6:Comms_ApplyConfigTLV	48	static
../Core/Src/comms_app.c:275:6:Comms_SendAck	24	static
../Core/Src/comms_app.c:284:6:Comms_SendNack	24	static
../Core/Src/comms_app.c:293:6:Comms_SendTelemetry	64	static
../Core/Src/comms_app.c:320:6:Comms_SendHeartbeat	24	static
../Core/Src/comms_app.c:344:13:Comms_OnPacket	48	static
../Core/Src/comms_app.c:525:6:Comms_Init	16	static
../Core/Src/comms_app.c:538:6:Comms_Process	8	static
../Core/Src/comms_app.c:544:6:Comms_Tick	24	static
../Core/Src/comms_app.c:578:6:EchoDebug_Process	80	static
../Core/Src/comms_app.c:613:6:Comms_EnqueueFlowmeterPulse	24	static,ignoring_inline_asm
../Core/Src/comms_app.c:631:6:Comms_SendFlowmeterPulseDebug	40	static
../Core/Src/comms_app.c:649:13:Comms_DrainFlowPulseQueue	24	static,ignoring_inline_asm
