../Core/Src/injection_and_flow.c:23:6:InjectionAndFlow_Init	16	static,ignoring_inline_asm
../Core/Src/injection_and_flow.c:73:10:FlowMeter_GetPulseDeltaCount	4	static
../Core/Src/injection_and_flow.c:78:26:FlowMeter_GetPulseDeltas	4	static
../Core/Src/injection_and_flow.c:83:6:FlowMeter_ResetPulseDeltas	4	static,ignoring_inline_asm
../Core/Src/injection_and_flow.c:91:6:FlowMeter_TickHook	4	static
../Core/Src/injection_and_flow.c:107:6:FlowMeter_PulseCallback	24	static
../Core/Src/injection_and_flow.c:229:6:FlowMeter_UpdateInstantaneous	272	static,ignoring_inline_asm
../Core/Src/injection_and_flow.c:345:6:FlowMeter_UpdateTotal	4	static
../Core/Src/injection_and_flow.c:351:10:FlowMeter_GetFlow_mLmin	4	static
../Core/Src/injection_and_flow.c:356:10:FlowMeter_GetTotal_mL	4	static
../Core/Src/injection_and_flow.c:361:6:PumpControl_UpdatePI	24	static
../Core/Src/injection_and_flow.c:384:6:update_pump_state	24	static
../Core/Src/injection_and_flow.c:435:17:FlowSchedule_Depth	16	static
../Core/Src/injection_and_flow.c:446:9:FlowSchedule_Push	24	static,ignoring_inline_asm
../Core/Src/injection_and_flow.c:462:9:FlowSchedule_PushImmediate	16	static,ignoring_inline_asm
../Core/Src/injection_and_flow.c:477:6:FlowSchedule_Clear	4	static,ignoring_inline_asm
../Core/Src/injection_and_flow.c:487:6:Update_Solenoid_State	8	static
../Core/Src/injection_and_flow.c:504:6:GenerateSawWaveDebug	4	static
