../Core/Src/injection_and_flow.c:27:6:InjectionAndFlow_Init	16	static,ignoring_inline_asm
../Core/Src/injection_and_flow.c:73:10:FlowMeter_GetPulseDeltaCount	4	static
../Core/Src/injection_and_flow.c:78:26:FlowMeter_GetPulseDeltas	4	static
../Core/Src/injection_and_flow.c:83:6:FlowMeter_ResetPulseDeltas	4	static,ignoring_inline_asm
../Core/Src/injection_and_flow.c:91:6:FlowMeter_TickHook	4	static
../Core/Src/injection_and_flow.c:107:6:FlowMeter_PulseCallback	16	static
../Core/Src/injection_and_flow.c:139:6:FlowMeter_UpdateInstantaneous	104	static,ignoring_inline_asm
../Core/Src/injection_and_flow.c:207:6:FlowMeter_UpdateTotal	4	static
../Core/Src/injection_and_flow.c:213:10:FlowMeter_GetFlow_mLmin	4	static
../Core/Src/injection_and_flow.c:218:10:FlowMeter_GetTotal_mL	4	static
../Core/Src/injection_and_flow.c:249:6:update_pump_state	24	static
../Core/Src/injection_and_flow.c:300:17:FlowSchedule_Depth	16	static
../Core/Src/injection_and_flow.c:311:9:FlowSchedule_Push	24	static,ignoring_inline_asm
../Core/Src/injection_and_flow.c:327:9:FlowSchedule_PushImmediate	24	static,ignoring_inline_asm
../Core/Src/injection_and_flow.c:343:6:FlowSchedule_Clear	4	static,ignoring_inline_asm
../Core/Src/injection_and_flow.c:353:6:GenerateSawWaveDebug	4	static
