../Core/Src/injection_and_flow.c:24:6:InjectionAndFlow_Init	16	static,ignoring_inline_asm
../Core/Src/injection_and_flow.c:97:10:FlowMeter_GetPulseDeltaCount	4	static
../Core/Src/injection_and_flow.c:102:26:FlowMeter_GetPulseDeltas	4	static
../Core/Src/injection_and_flow.c:107:6:FlowMeter_ResetPulseDeltas	4	static,ignoring_inline_asm
../Core/Src/injection_and_flow.c:115:6:FlowMeter_TickHook	4	static
../Core/Src/injection_and_flow.c:131:6:FlowMeter_PulseCallback	24	static
../Core/Src/injection_and_flow.c:253:6:FlowMeter_UpdateInstantaneous	272	static,ignoring_inline_asm
../Core/Src/injection_and_flow.c:369:6:FlowMeter_UpdateTotal	4	static
../Core/Src/injection_and_flow.c:375:10:FlowMeter_GetFlow_mLmin	4	static
../Core/Src/injection_and_flow.c:380:10:FlowMeter_GetTotal_mL	4	static
../Core/Src/injection_and_flow.c:385:6:PumpControl_UpdatePI	24	static
../Core/Src/injection_and_flow.c:408:6:update_pump_state	24	static
../Core/Src/injection_and_flow.c:459:17:FlowSchedule_Depth	16	static
../Core/Src/injection_and_flow.c:470:9:FlowSchedule_Push	24	static,ignoring_inline_asm
../Core/Src/injection_and_flow.c:486:9:FlowSchedule_PushImmediate	16	static,ignoring_inline_asm
../Core/Src/injection_and_flow.c:501:6:FlowSchedule_Clear	4	static,ignoring_inline_asm
../Core/Src/injection_and_flow.c:511:6:Update_Solenoid_State	8	static
../Core/Src/injection_and_flow.c:528:6:GenerateSawWaveDebug	4	static
../Core/Src/injection_and_flow.c:568:6:FlowMeter2_PulseCallback	16	static
../Core/Src/injection_and_flow.c:598:6:FlowMeter2_UpdateInstantaneous	272	static,ignoring_inline_asm
../Core/Src/injection_and_flow.c:699:6:FlowMeter2_UpdateTotal	4	static
../Core/Src/injection_and_flow.c:705:10:FlowMeter2_GetFlow_mLmin	4	static
../Core/Src/injection_and_flow.c:710:10:FlowMeter2_GetTotal_mL	4	static
../Core/Src/injection_and_flow.c:715:10:FlowMeter2_GetPulseTotal	4	static
