../Core/Src/injection_and_flow.c:27:6:InjectionAndFlow_Init	16	static,ignoring_inline_asm
../Core/Src/injection_and_flow.c:77:10:FlowMeter_GetPulseDeltaCount	4	static
../Core/Src/injection_and_flow.c:82:26:FlowMeter_GetPulseDeltas	4	static
../Core/Src/injection_and_flow.c:87:6:FlowMeter_ResetPulseDeltas	4	static,ignoring_inline_asm
../Core/Src/injection_and_flow.c:95:6:FlowMeter_TickHook	4	static
../Core/Src/injection_and_flow.c:111:6:FlowMeter_PulseCallback	16	static
../Core/Src/injection_and_flow.c:143:6:FlowMeter_UpdateInstantaneous	104	static,ignoring_inline_asm
../Core/Src/injection_and_flow.c:211:6:FlowMeter_UpdateTotal	4	static
../Core/Src/injection_and_flow.c:217:10:FlowMeter_GetFlow_mLmin	4	static
../Core/Src/injection_and_flow.c:222:10:FlowMeter_GetTotal_mL	4	static
../Core/Src/injection_and_flow.c:227:6:PumpControl_UpdatePI	24	static
../Core/Src/injection_and_flow.c:251:6:update_pump_state	24	static
../Core/Src/injection_and_flow.c:302:17:FlowSchedule_Depth	16	static
../Core/Src/injection_and_flow.c:313:9:FlowSchedule_Push	24	static,ignoring_inline_asm
../Core/Src/injection_and_flow.c:329:9:FlowSchedule_PushImmediate	16	static,ignoring_inline_asm
../Core/Src/injection_and_flow.c:344:6:FlowSchedule_Clear	4	static,ignoring_inline_asm
../Core/Src/injection_and_flow.c:354:6:Update_Solenoid_State	8	static
../Core/Src/injection_and_flow.c:371:6:GenerateSawWaveDebug	4	static
