../Core/Src/injection_and_flow.c:23:6:InjectionAndFlow_Init	16	static,ignoring_inline_asm
../Core/Src/injection_and_flow.c:73:10:FlowMeter_GetPulseDeltaCount	4	static
../Core/Src/injection_and_flow.c:78:26:FlowMeter_GetPulseDeltas	4	static
../Core/Src/injection_and_flow.c:83:6:FlowMeter_ResetPulseDeltas	4	static,ignoring_inline_asm
../Core/Src/injection_and_flow.c:91:6:FlowMeter_TickHook	4	static
../Core/Src/injection_and_flow.c:107:6:FlowMeter_PulseCallback	24	static
../Core/Src/injection_and_flow.c:227:6:FlowMeter_UpdateInstantaneous	304	static,ignoring_inline_asm
../Core/Src/injection_and_flow.c:317:6:FlowMeter_UpdateTotal	4	static
../Core/Src/injection_and_flow.c:323:10:FlowMeter_GetFlow_mLmin	4	static
../Core/Src/injection_and_flow.c:328:10:FlowMeter_GetTotal_mL	4	static
../Core/Src/injection_and_flow.c:333:6:PumpControl_UpdatePI	24	static
../Core/Src/injection_and_flow.c:356:6:update_pump_state	24	static
../Core/Src/injection_and_flow.c:407:17:FlowSchedule_Depth	16	static
../Core/Src/injection_and_flow.c:418:9:FlowSchedule_Push	24	static,ignoring_inline_asm
../Core/Src/injection_and_flow.c:434:9:FlowSchedule_PushImmediate	16	static,ignoring_inline_asm
../Core/Src/injection_and_flow.c:449:6:FlowSchedule_Clear	4	static,ignoring_inline_asm
../Core/Src/injection_and_flow.c:459:6:Update_Solenoid_State	8	static
../Core/Src/injection_and_flow.c:476:6:GenerateSawWaveDebug	4	static
