../Core/Src/state_machine.c:28:6:RunStartupSequence	8	static
../Core/Src/state_machine.c:105:6:StateMachine_Init	4	static
../Core/Src/state_machine.c:116:12:StateMachine_GetState	4	static
../Core/Src/state_machine.c:120:9:StateMachine_GetStartupStep	4	static
../Core/Src/state_machine.c:125:6:StateMachine_OnHandshakeAccepted	4	static
../Core/Src/state_machine.c:136:6:StateMachine_TriggerFatal	8	static
../Core/Src/state_machine.c:142:6:StateMachine_EnterDebug	4	static
../Core/Src/state_machine.c:150:6:StateMachine_ExitDebug	4	static
../Core/Src/state_machine.c:169:6:StateMachine_ProcessTick	16	static
../Core/Src/state_machine.c:269:6:StateMachine_EnterPairing	4	static
