../Core/Src/injection_and_flow.c:48:6:InjectionAndFlow_Init	0	static
../Core/Src/injection_and_flow.c:68:10:FlowMeter_GetPulseDeltaCount	0	static
../Core/Src/injection_and_flow.c:73:26:FlowMeter_GetPulseDeltas	0	static
../Core/Src/injection_and_flow.c:78:6:FlowMeter_ResetPulseDeltas	0	static,ignoring_inline_asm
../Core/Src/injection_and_flow.c:86:6:FlowMeter_TickHook	0	static
../Core/Src/injection_and_flow.c:102:6:FlowMeter_PulseCallback	16	static
../Core/Src/injection_and_flow.c:132:6:FlowMeter_UpdateInstantaneous	24	static,ignoring_inline_asm
../Core/Src/injection_and_flow.c:189:6:FlowMeter_UpdateTotal	8	static
../Core/Src/injection_and_flow.c:194:7:FlowMeter_GetFlow_Lmin	0	static
../Core/Src/injection_and_flow.c:199:7:FlowMeter_GetTotalLitres	0	static
../Core/Src/injection_and_flow.c:204:6:update_pump_state	0	static
