../Core/Src/injection_and_flow.c:20:6:InjectionAndFlow_Init	16	static,ignoring_inline_asm
../Core/Src/injection_and_flow.c:66:10:FlowMeter_GetPulseDeltaCount	4	static
../Core/Src/injection_and_flow.c:71:26:FlowMeter_GetPulseDeltas	4	static
../Core/Src/injection_and_flow.c:76:6:FlowMeter_ResetPulseDeltas	4	static,ignoring_inline_asm
../Core/Src/injection_and_flow.c:84:6:FlowMeter_TickHook	4	static
../Core/Src/injection_and_flow.c:100:6:FlowMeter_PulseCallback	16	static
../Core/Src/injection_and_flow.c:132:6:FlowMeter_UpdateInstantaneous	64	static,ignoring_inline_asm
../Core/Src/injection_and_flow.c:189:6:FlowMeter_UpdateTotal	8	static
../Core/Src/injection_and_flow.c:195:7:FlowMeter_GetFlow_Lmin	4	static
../Core/Src/injection_and_flow.c:200:7:FlowMeter_GetTotalLitres	4	static
../Core/Src/injection_and_flow.c:206:6:PumpControl_UpdatePI	32	static
../Core/Src/injection_and_flow.c:227:6:update_pump_state	24	static
../Core/Src/injection_and_flow.c:279:17:FlowSchedule_Depth	16	static
../Core/Src/injection_and_flow.c:290:9:FlowSchedule_Push	24	static,ignoring_inline_asm
../Core/Src/injection_and_flow.c:306:9:FlowSchedule_PushImmediate	24	static,ignoring_inline_asm
../Core/Src/injection_and_flow.c:322:6:FlowSchedule_Clear	4	static,ignoring_inline_asm
