Archive member included to satisfy reference by file (symbol)

/opt/st/stm32cubeide_2.0.0/plugins/com.st.stm32cube.ide.mcu.externaltools.gnu-tools-for-stm32.13.3.rel1.linux64_1.0.100.202509120712/tools/bin/../lib/gcc/arm-none-eabi/13.3.1/../../../../arm-none-eabi/lib/thumb/v7-m/nofp/libc_nano.a(libc_a-exit.o)
                              /opt/st/stm32cubeide_2.0.0/plugins/com.st.stm32cube.ide.mcu.externaltools.gnu-tools-for-stm32.13.3.rel1.linux64_1.0.100.202509120712/tools/bin/../lib/gcc/arm-none-eabi/13.3.1/../../../../arm-none-eabi/lib/thumb/v7-m/nofp/crt0.o (exit)
/opt/st/stm32cubeide_2.0.0/plugins/com.st.stm32cube.ide.mcu.externaltools.gnu-tools-for-stm32.13.3.rel1.linux64_1.0.100.202509120712/tools/bin/../lib/gcc/arm-none-eabi/13.3.1/../../../../arm-none-eabi/lib/thumb/v7-m/nofp/libc_nano.a(libc_a-nano-vfprintf_float.o)
                              (_printf_float)
/opt/st/stm32cubeide_2.0.0/plugins/com.st.stm32cube.ide.mcu.externaltools.gnu-tools-for-stm32.13.3.rel1.linux64_1.0.100.202509120712/tools/bin/../lib/gcc/arm-none-eabi/13.3.1/../../../../arm-none-eabi/lib/thumb/v7-m/nofp/libc_nano.a(libc_a-nano-vfprintf_i.o)
                              /opt/st/stm32cubeide_2.0.0/plugins/com.st.stm32cube.ide.mcu.externaltools.gnu-tools-for-stm32.13.3.rel1.linux64_1.0.100.202509120712/tools/bin/../lib/gcc/arm-none-eabi/13.3.1/../../../../arm-none-eabi/lib/thumb/v7-m/nofp/libc_nano.a(libc_a-nano-vfprintf_float.o) (_printf_common)
/opt/st/stm32cubeide_2.0.0/plugins/com.st.stm32cube.ide.mcu.externaltools.gnu-tools-for-stm32.13.3.rel1.linux64_1.0.100.202509120712/tools/bin/../lib/gcc/arm-none-eabi/13.3.1/../../../../arm-none-eabi/lib/thumb/v7-m/nofp/libc_nano.a(libc_a-findfp.o)
                              /opt/st/stm32cubeide_2.0.0/plugins/com.st.stm32cube.ide.mcu.externaltools.gnu-tools-for-stm32.13.3.rel1.linux64_1.0.100.202509120712/tools/bin/../lib/gcc/arm-none-eabi/13.3.1/../../../../arm-none-eabi/lib/thumb/v7-m/nofp/libc_nano.a(libc_a-exit.o) (__stdio_exit_handler)
/opt/st/stm32cubeide_2.0.0/plugins/com.st.stm32cube.ide.mcu.externaltools.gnu-tools-for-stm32.13.3.rel1.linux64_1.0.100.202509120712/tools/bin/../lib/gcc/arm-none-eabi/13.3.1/../../../../arm-none-eabi/lib/thumb/v7-m/nofp/libc_nano.a(libc_a-fwalk.o)
                              /opt/st/stm32cubeide_2.0.0/plugins/com.st.stm32cube.ide.mcu.externaltools.gnu-tools-for-stm32.13.3.rel1.linux64_1.0.100.202509120712/tools/bin/../lib/gcc/arm-none-eabi/13.3.1/../../../../arm-none-eabi/lib/thumb/v7-m/nofp/libc_nano.a(libc_a-findfp.o) (_fwalk_sglue)
/opt/st/stm32cubeide_2.0.0/plugins/com.st.stm32cube.ide.mcu.externaltools.gnu-tools-for-stm32.13.3.rel1.linux64_1.0.100.202509120712/tools/bin/../lib/gcc/arm-none-eabi/13.3.1/../../../../arm-none-eabi/lib/thumb/v7-m/nofp/libc_nano.a(libc_a-snprintf.o)
                              ./Core/Src/usb_debug.o (snprintf)
/opt/st/stm32cubeide_2.0.0/plugins/com.st.stm32cube.ide.mcu.externaltools.gnu-tools-for-stm32.13.3.rel1.linux64_1.0.100.202509120712/tools/bin/../lib/gcc/arm-none-eabi/13.3.1/../../../../arm-none-eabi/lib/thumb/v7-m/nofp/libc_nano.a(libc_a-stdio.o)
                              /opt/st/stm32cubeide_2.0.0/plugins/com.st.stm32cube.ide.mcu.externaltools.gnu-tools-for-stm32.13.3.rel1.linux64_1.0.100.202509120712/tools/bin/../lib/gcc/arm-none-eabi/13.3.1/../../../../arm-none-eabi/lib/thumb/v7-m/nofp/libc_nano.a(libc_a-findfp.o) (__sread)
/opt/st/stm32cubeide_2.0.0/plugins/com.st.stm32cube.ide.mcu.externaltools.gnu-tools-for-stm32.13.3.rel1.linux64_1.0.100.202509120712/tools/bin/../lib/gcc/arm-none-eabi/13.3.1/../../../../arm-none-eabi/lib/thumb/v7-m/nofp/libc_nano.a(libc_a-memset.o)
                              /opt/st/stm32cubeide_2.0.0/plugins/com.st.stm32cube.ide.mcu.externaltools.gnu-tools-for-stm32.13.3.rel1.linux64_1.0.100.202509120712/tools/bin/../lib/gcc/arm-none-eabi/13.3.1/../../../../arm-none-eabi/lib/thumb/v7-m/nofp/crt0.o (memset)
/opt/st/stm32cubeide_2.0.0/plugins/com.st.stm32cube.ide.mcu.externaltools.gnu-tools-for-stm32.13.3.rel1.linux64_1.0.100.202509120712/tools/bin/../lib/gcc/arm-none-eabi/13.3.1/../../../../arm-none-eabi/lib/thumb/v7-m/nofp/libc_nano.a(libc_a-localeconv.o)
                              /opt/st/stm32cubeide_2.0.0/plugins/com.st.stm32cube.ide.mcu.externaltools.gnu-tools-for-stm32.13.3.rel1.linux64_1.0.100.202509120712/tools/bin/../lib/gcc/arm-none-eabi/13.3.1/../../../../arm-none-eabi/lib/thumb/v7-m/nofp/libc_nano.a(libc_a-nano-vfprintf_float.o) (_localeconv_r)
/opt/st/stm32cubeide_2.0.0/plugins/com.st.stm32cube.ide.mcu.externaltools.gnu-tools-for-stm32.13.3.rel1.linux64_1.0.100.202509120712/tools/bin/../lib/gcc/arm-none-eabi/13.3.1/../../../../arm-none-eabi/lib/thumb/v7-m/nofp/libc_nano.a(libc_a-closer.o)
[...]
Memory Configuration

Name             Origin             Length             Attributes
RAM              0x20000000         0x00010000         xrw
FLASH            0x08000000         0x00080000         xr
*default*        0x00000000         0xffffffff

Linker script and memory map

LOAD /opt/st/stm32cubeide_2.0.0/plugins/com.st.stm32cube.ide.mcu.externaltools.gnu-tools-for-stm32.13.3.rel1.linux64_1.0.100.202509120712/tools/bin/../lib/gcc/arm-none-eabi/13.3.1/thumb/v7-m/nofp/crti.o
LOAD /opt/st/stm32cubeide_2.0.0/plugins/com.st.stm32cube.ide.mcu.externaltools.gnu-tools-for-stm32.13.3.rel1.linux64_1.0.100.202509120712/tools/bin/../lib/gcc/arm-none-eabi/13.3.1/thumb/v7-m/nofp/crtbegin.o
LOAD /opt/st/stm32cubeide_2.0.0/plugins/com.st.stm32cube.ide.mcu.externaltools.gnu-tools-for-stm32.13.3.rel1.linux64_1.0.100.202509120712/tools/bin/../lib/gcc/arm-none-eabi/13.3.1/../../../../arm-none-eabi/lib/thumb/v7-m/nofp/crt0.o
LOAD ./Core/Src/computer_bridge.o
LOAD ./Core/Src/config.o
LOAD ./Core/Src/flow_lut.o
LOAD ./Core/Src/gpio.o
LOAD ./Core/Src/hall_sensor.o
LOAD ./Core/Src/injection_and_flow.o
LOAD ./Core/Src/lasers.o
LOAD ./Core/Src/led_strip.o
LOAD ./Core/Src/main.o
LOAD ./Core/Src/mks42d.o
LOAD ./Core/Src/motor_control.o
LOAD ./Core/Src/stm32f1xx_hal_msp.o
LOAD ./Core/Src/stm32f1xx_it.o
LOAD ./Core/Src/system_stm32f1xx.o
LOAD ./Core/Src/tim.o
LOAD ./Core/Src/uart_hal.o
LOAD ./Core/Src/usart.o
LOAD ./Core/Src/usb_debug.o
LOAD ./Drivers/STM32F1xx_HAL_Driver/Src/stm32f1xx_hal.o
LOAD ./Drivers/STM32F1xx_HAL_Driver/Src/stm32f1xx_hal_cortex.o
LOAD ./Drivers/STM32F1xx_HAL_Driver/Src/stm32f1xx_hal_dma.o
LOAD ./Drivers/STM32F1xx_HAL_Driver/Src/stm32f1xx_hal_exti.o
LOAD ./Drivers/STM32F1xx_HAL_Driver/Src/stm32f1xx_hal_flash.o
LOAD ./Drivers/STM32F1xx_HAL_Driver/Src/stm32f1xx_hal_flash_ex.o
LOAD ./Drivers/STM32F1xx_HAL_Driver/Src/stm32f1xx_hal_gpio.o
LOAD ./Drivers/STM32F1xx_HAL_Driver/Src/stm32f1xx_hal_gpio_ex.o
LOAD ./Drivers/STM32F1xx_HAL_Driver/Src/stm32f1xx_hal_pcd.o
LOAD ./Drivers/STM32F1xx_HAL_Driver/Src/stm32f1xx_hal_pcd_ex.o
LOAD ./Drivers/STM32F1xx_HAL_Driver/Src/stm32f1xx_hal_pwr.o
LOAD ./Drivers/STM32F1xx_HAL_Driver/Src/stm32f1xx_hal_rcc.o
LOAD ./Drivers/STM32F1xx_HAL_Driver/Src/stm32f1xx_hal_rcc_ex.o
LOAD ./Drivers/STM32F1xx_HAL_Driver/Src/stm32f1xx_hal_tim.o
LOAD ./Drivers/STM32F1xx_HAL_Driver/Src/stm32f1xx_hal_tim_ex.o
LOAD ./Drivers/STM32F1xx_HAL_Driver/Src/stm32f1xx_hal_uart.o
LOAD ./Drivers/STM32F1xx_HAL_Driver/Src/stm32f1xx_ll_usb.o
LOAD ./Middlewares/ST/STM32_USB_Device_Library/Class/CDC/Src/usbd_cdc.o
LOAD ./Middlewares/ST/STM32_USB_Device_Library/Core/Src/usbd_core.o
LOAD ./Middlewares/ST/STM32_USB_Device_Library/Core/Src/usbd_ctlreq.o
LOAD ./Middlewares/ST/STM32_USB_Device_Library/Core/Src/usbd_ioreq.o
LOAD ./USB_DEVICE/App/usb_device.o
LOAD ./USB_DEVICE/App/usbd_cdc_if.o
LOAD ./USB_DEVICE/App/usbd_desc.o
LOAD ./USB_DEVICE/Target/usbd_conf.o
LOAD ./startup/startup_stm32f103xe.o
START GROUP
LOAD /opt/st/stm32cubeide_2.0.0/plugins/com.st.stm32cube.ide.mcu.externaltools.gnu-tools-for-stm32.13.3.rel1.linux64_1.0.100.202509120712/tools/bin/../lib/gcc/arm-none-eabi/13.3.1/../../../../arm-none-eabi/lib/thumb/v7-m/nofp/libc_nano.a
LOAD /opt/st/stm32cubeide_2.0.0/plugins/com.st.stm32cube.ide.mcu.externaltools.gnu-tools-for-stm32.13.3.rel1.linux64_1.0.100.202509120712/tools/bin/../lib/gcc/arm-none-eabi/13.3.1/../../../../arm-none-eabi/lib/thumb/v7-m/nofp/libm.a
END GROUP
START GROUP
LOAD /opt/st/stm32cubeide_2.0.0/plugins/com.st.stm32cube.ide.mcu.externaltools.gnu-tools-for-stm32.13.3.rel1.linux64_1.0.100.202509120712/tools/bin/../lib/gcc/arm-none-eabi/13.3.1/thumb/v7-m/nofp/libgcc.a
LOAD /opt/st/stm32cubeide_2.0.0/plugins/com.st.stm32cube.ide.mcu.externaltools.gnu-tools-for-stm32.13.3.rel1.linux64_1.0.100.202509120712/tools/bin/../lib/gcc/arm-none-eabi/13.3.1/../../../../arm-none-eabi/lib/thumb/v7-m/nofp/libc_nano.a
END GROUP
START GROUP
LOAD /opt/st/stm32cubeide_2.0.0/plugins/com.st.stm32cube.ide.mcu.externaltools.gnu-tools-for-stm32.13.3.rel1.linux64_1.0.100.202509120712/tools/bin/../lib/gcc/arm-none-eabi/13.3.1/thumb/v7-m/nofp/libgcc.a
LOAD /opt/st/stm32cubeide_2.0.0/plugins/com.st.stm32cube.ide.mcu.externaltools.gnu-tools-for-stm32.13.3.rel1.linux64_1.0.100.202509120712/tools/bin/../lib/gcc/arm-none-eabi/13.3.1/../../../../arm-none-eabi/lib/thumb/v7-m/nofp/libc_nano.a
LOAD /opt/st/stm32cubeide_2.0.0/plugins/com.st.stm32cube.ide.mcu.externaltools.gnu-tools-for-stm32.13.3.rel1.linux64_1.0.100.202509120712/tools/bin/../lib/gcc/arm-none-eabi/13.3.1/../../../../arm-none-eabi/lib/thumb/v7-m/nofp/libnosys.a
END GROUP
START GROUP
LOAD /opt/st/stm32cubeide_2.0.0/plugins/com.st.stm32cube.ide.mcu.externaltools.gnu-tools-for-stm32.13.3.rel1.linux64_1.0.100.202509120712/tools/bin/../lib/gcc/arm-none-eabi/13.3.1/thumb/v7-m/nofp/libgcc.a
LOAD /opt/st/stm32cubeide_2.0.0/plugins/com.st.stm32cube.ide.mcu.externaltools.gnu-tools-for-stm32.13.3.rel1.linux64_1.0.100.202509120712/tools/bin/../lib/gcc/arm-none-eabi/13.3.1/../../../../arm-none-eabi/lib/thumb/v7-m/nofp/libc_nano.a
LOAD /opt/st/stm32cubeide_2.0.0/plugins/com.st.stm32cube.ide.mcu.externaltools.gnu-tools-for-stm32.13.3.rel1.linux64_1.0.100.202509120712/tools/bin/../lib/gcc/arm-none-eabi/13.3.1/../../../../arm-none-eabi/lib/thumb/v7-m/nofp/libnosys.a
END GROUP
LOAD /opt/st/stm32cubeide_2.0.0/plugins/com.st.stm32cube.ide.mcu.externaltools.gnu-tools-for-stm32.13.3.rel1.linux64_1.0.100.202509120712/tools/bin/../lib/gcc/arm-none-eabi/13.3.1/thumb/v7-m/nofp/crtend.o
LOAD /opt/st/stm32cubeide_2.0.0/plugins/com.st.stm32cube.ide.mcu.externaltools.gnu-tools-for-stm32.13.3.rel1.linux64_1.0.100.202509120712/tools/bin/../lib/gcc/arm-none-eabi/13.3.1/thumb/v7-m/nofp/crtn.o
                0x20010000                        _estack = (ORIGIN (RAM) + LENGTH (RAM))
                0x00000200                        _Min_Heap_Size = 0x200
                0x00000400                        _Min_Stack_Size = 0x400

.isr_vector     0x08000000      0x1e4
                0x08000000                        . = ALIGN (0x4)
 *(.isr_vector)
 .isr_vector    0x08000000      0x1e4 ./startup/startup_stm32f103xe.o
                0x08000000                g_pfnVectors
                0x080001e4                        . = ALIGN (0x4)

.text           0x080001e8     0xf260
                0x080001e8                        . = ALIGN (0x4)
 *(.text)
 .text          0x080001e8       0x40 /opt/st/stm32cubeide_2.0.0/plugins/com.st.stm32cube.ide.mcu.externaltools.gnu-tools-for-stm32.13.3.rel1.linux64_1.0.100.202509120712/tools/bin/../lib/gcc/arm-none-eabi/13.3.1/thumb/v7-m/nofp/crtbegin.o
 .text          0x08000228       0x10 /opt/st/stm32cubeide_2.0.0/plugins/com.st.stm32cube.ide.mcu.externaltools.gnu-tools-for-stm32.13.3.rel1.linux64_1.0.100.202509120712/tools/bin/../lib/gcc/arm-none-eabi/13.3.1/../../../../arm-none-eabi/lib/thumb/v7-m/nofp/libc_nano.a(libc_a-strlen.o)
                0x08000228                strlen
 .text          0x08000238      0x378 /opt/st/stm32cubeide_2.0.0/plugins/com.st.stm32cube.ide.mcu.externaltools.gnu-tools-for-stm32.13.3.rel1.linux64_1.0.100.202509120712/tools/bin/../lib/gcc/arm-none-eabi/13.3.1/thumb/v7-m/nofp/libgcc.a(_arm_addsubdf3.o)
                0x08000238                __aeabi_drsub
                0x08000240                __aeabi_dsub
                0x08000240                __subdf3
                0x08000244                __adddf3
                0x08000244                __aeabi_dadd
                0x080004bc                __aeabi_ui2d
                0x080004bc                __floatunsidf
                0x080004dc                __floatsidf
                0x080004dc                __aeabi_i2d
                0x08000500                __extendsfdf2
                0x08000500                __aeabi_f2d
                0x08000544                __aeabi_ul2d
                0x08000544                __floatundidf
                0x08000554                __floatdidf
                0x08000554                __aeabi_l2d
 .text          0x080005b0      0x424 /opt/st/stm32cubeide_2.0.0/plugins/com.st.stm32cube.ide.mcu.externaltools.gnu-tools-for-stm32.13.3.rel1.linux64_1.0.100.202509120712/tools/bin/../lib/gcc/arm-none-eabi/13.3.1/thumb/v7-m/nofp/libgcc.a(_arm_muldivdf3.o)
                0x080005b0                __aeabi_dmul
                0x080005b0                __muldf3
                0x08000804                __aeabi_ddiv
                0x08000804                __divdf3
 .text          0x080009d4      0x110 /opt/st/stm32cubeide_2.0.0/plugins/com.st.stm32cube.ide.mcu.externaltools.gnu-tools-for-stm32.13.3.rel1.linux64_1.0.100.202509120712/tools/bin/../lib/gcc/arm-none-eabi/13.3.1/thumb/v7-m/nofp/libgcc.a(_arm_cmpdf2.o)
                0x080009d4                __gtdf2
                0x080009d4                __gedf2
                0x080009dc                __ltdf2
                0x080009dc                __ledf2
                0x080009e4                __cmpdf2
                0x080009e4                __eqdf2
                0x080009e4                __nedf2
                0x08000a60                __aeabi_cdrcmple
                0x08000a70                __aeabi_cdcmple
                0x08000a70                __aeabi_cdcmpeq
                0x08000a80                __aeabi_dcmpeq
                0x08000a94                __aeabi_dcmplt
                0x08000aa8                __aeabi_dcmple
                0x08000abc                __aeabi_dcmpge
                0x08000ad0                __aeabi_dcmpgt
 .text          0x08000ae4       0x2c /opt/st/stm32cubeide_2.0.0/plugins/com.st.stm32cube.ide.mcu.externaltools.gnu-tools-for-stm32.13.3.rel1.linux64_1.0.100.202509120712/tools/bin/../lib/gcc/arm-none-eabi/13.3.1/thumb/v7-m/nofp/libgcc.a(_arm_unorddf2.o)
                0x08000ae4                __aeabi_dcmpun
                0x08000ae4                __unorddf2
 .text          0x08000b10       0x50 /opt/st/stm32cubeide_2.0.0/plugins/com.st.stm32cube.ide.mcu.externaltools.gnu-tools-for-stm32.13.3.rel1.linux64_1.0.100.202509120712/tools/bin/../lib/gcc/arm-none-eabi/13.3.1/thumb/v7-m/nofp/libgcc.a(_arm_fixdfsi.o)
                0x08000b10                __fixdfsi
                0x08000b10                __aeabi_d2iz
 .text          0x08000b60      0x21c /opt/st/stm32cubeide_2.0.0/plugins/com.st.stm32cube.ide.mcu.externaltools.gnu-tools-for-stm32.13.3.rel1.linux64_1.0.100.202509120712/tools/bin/../lib/gcc/arm-none-eabi/13.3.1/thumb/v7-m/nofp/libgcc.a(_arm_addsubsf3.o)
                0x08000b60                __aeabi_frsub
                0x08000b68                __subsf3
                0x08000b68                __aeabi_fsub
                0x08000b6c                __aeabi_fadd
                0x08000b6c                __addsf3
                0x08000ccc                __aeabi_ui2f
                0x08000ccc                __floatunsisf
                0x08000cd4                __aeabi_i2f
                0x08000cd4                __floatsisf
                0x08000cf0                __floatundisf
                0x08000cf0                __aeabi_ul2f
                0x08000d00                __floatdisf
                0x08000d00                __aeabi_l2f
 .text          0x08000d7c      0x2a0 /opt/st/stm32cubeide_2.0.0/plugins/com.st.stm32cube.ide.mcu.externaltools.gnu-tools-for-stm32.13.3.rel1.linux64_1.0.100.202509120712/tools/bin/../lib/gcc/arm-none-eabi/13.3.1/thumb/v7-m/nofp/libgcc.a(_arm_muldivsf3.o)
                0x08000d7c                __mulsf3
                0x08000d7c                __aeabi_fmul
                0x08000ee4                __divsf3
                0x08000ee4                __aeabi_fdiv
 .text          0x0800101c       0xec /opt/st/stm32cubeide_2.0.0/plugins/com.st.stm32cube.ide.mcu.externaltools.gnu-tools-for-stm32.13.3.rel1.linux64_1.0.100.202509120712/tools/bin/../lib/gcc/arm-none-eabi/13.3.1/thumb/v7-m/nofp/libgcc.a(_arm_cmpsf2.o)
                0x0800101c                __gtsf2
                0x0800101c                __gesf2
                0x08001024                __lesf2
                0x08001024                __ltsf2
                0x0800102c                __nesf2
                0x0800102c                __eqsf2
                0x0800102c                __cmpsf2
                0x0800108c                __aeabi_cfrcmple
                0x08001094                __aeabi_cfcmple
                0x08001094                __aeabi_cfcmpeq
                0x080010a4                __aeabi_fcmpeq
                0x080010b8                __aeabi_fcmplt
                0x080010cc                __aeabi_fcmple
                0x080010e0                __aeabi_fcmpge
                0x080010f4                __aeabi_fcmpgt
 .text          0x08001108       0x40 /opt/st/stm32cubeide_2.0.0/plugins/com.st.stm32cube.ide.mcu.externaltools.gnu-tools-for-stm32.13.3.rel1.linux64_1.0.100.202509120712/tools/bin/../lib/gcc/arm-none-eabi/13.3.1/thumb/v7-m/nofp/libgcc.a(_arm_fixunssfsi.o)
                0x08001108                __aeabi_f2uiz
                0x08001108                __fixunssfsi
 .text          0x08001148       0x30 /opt/st/stm32cubeide_2.0.0/plugins/com.st.stm32cube.ide.mcu.externaltools.gnu-tools-for-stm32.13.3.rel1.linux64_1.0.100.202509120712/tools/bin/../lib/gcc/arm-none-eabi/13.3.1/thumb/v7-m/nofp/libgcc.a(_aeabi_uldivmod.o)
                0x08001148                __aeabi_uldivmod
 .text          0x08001178      0x300 /opt/st/stm32cubeide_2.0.0/plugins/com.st.stm32cube.ide.mcu.externaltools.gnu-tools-for-stm32.13.3.rel1.linux64_1.0.100.202509120712/tools/bin/../lib/gcc/arm-none-eabi/13.3.1/thumb/v7-m/nofp/libgcc.a(_udivmoddi4.o)
                0x08001178                __udivmoddi4
 .text          0x08001478        0x4 /opt/st/stm32cubeide_2.0.0/plugins/com.st.stm32cube.ide.mcu.externaltools.gnu-tools-for-stm32.13.3.rel1.linux64_1.0.100.202509120712/tools/bin/../lib/gcc/arm-none-eabi/13.3.1/thumb/v7-m/nofp/libgcc.a(_dvmd_tls.o)
                0x08001478                __aeabi_ldiv0
                0x08001478                __aeabi_idiv0
 *(.text*)
 .text.COM_BUS  0x0800147c       0x14 ./Core/Src/computer_bridge.o
 .text.check_start
                0x08001490       0x34 ./Core/Src/computer_bridge.o
                0x08001490                check_start
 .text.transmit_data
                0x080014c4       0xb8 ./Core/Src/computer_bridge.o
                0x080014c4                transmit_data
 .text.flags_init
                0x0800157c       0x24 ./Core/Src/config.o
                0x0800157c                flags_init
 .text.FlowLUT_GetDutyForFlow
                0x080015a0      0x104 ./Core/Src/flow_lut.o
                0x080015a0                FlowLUT_GetDutyForFlow
 .text.MX_GPIO_Init
                0x080016a4       0xd8 ./Core/Src/gpio.o
                0x080016a4                MX_GPIO_Init
 .text.InjectionAndFlow_Init
                0x0800177c       0xfc ./Core/Src/injection_and_flow.o
                0x0800177c                InjectionAndFlow_Init
 .text.FlowMeter_GetPulseDeltaCount
                0x08001878       0x1c ./Core/Src/injection_and_flow.o
                0x08001878                FlowMeter_GetPulseDeltaCount
 .text.FlowMeter_GetPulseDeltas
                0x08001894       0x14 ./Core/Src/injection_and_flow.o
                0x08001894                FlowMeter_GetPulseDeltas
 .text.FlowMeter_TickHook
                0x080018a8       0x7c ./Core/Src/injection_and_flow.o
                0x080018a8                FlowMeter_TickHook
 .text.FlowMeter_PulseCallback
                0x08001924      0x108 ./Core/Src/injection_and_flow.o
                0x08001924                FlowMeter_PulseCallback
 .text.FlowMeter_UpdateInstantaneous
                0x08001a2c      0x214 ./Core/Src/injection_and_flow.o
                0x08001a2c                FlowMeter_UpdateInstantaneous
 .text.FlowMeter_UpdateTotal
                0x08001c40       0x30 ./Core/Src/injection_and_flow.o
                0x08001c40                FlowMeter_UpdateTotal
 .text.FlowMeter_GetFlow_mLmin
                0x08001c70       0x18 ./Core/Src/injection_and_flow.o
                0x08001c70                FlowMeter_GetFlow_mLmin
 .text.FlowMeter_GetTotal_mL
                0x08001c88       0x18 ./Core/Src/injection_and_flow.o
                0x08001c88                FlowMeter_GetTotal_mL
 .text.PumpControl_UpdatePI
                0x08001ca0       0xc8 ./Core/Src/injection_and_flow.o
                0x08001ca0                PumpControl_UpdatePI
 .text.update_pump_state
                0x08001d68       0xc8 ./Core/Src/injection_and_flow.o
                0x08001d68                update_pump_state
 .text.main     0x08001e30       0x70 ./Core/Src/main.o
                0x08001e30                main
 .text.SystemClock_Config
                0x08001ea0       0xba ./Core/Src/main.o
                0x08001ea0                SystemClock_Config
 *fill*         0x08001f5a        0x2 
 .text.HAL_TIM_IC_CaptureCallback
                0x08001f5c       0x2c ./Core/Src/main.o
                0x08001f5c                HAL_TIM_IC_CaptureCallback
 .text.HAL_TIM_PeriodElapsedCallback
                0x08001f88      0x140 ./Core/Src/main.o
                0x08001f88                HAL_TIM_PeriodElapsedCallback
 .text.Error_Handler
                0x080020c8        0xc ./Core/Src/main.o
                0x080020c8                Error_Handler
 .text.MKS_BUS  0x080020d4       0x14 ./Core/Src/mks42d.o
 .text.getCheckSum
                0x080020e8       0x42 ./Core/Src/mks42d.o
                0x080020e8                getCheckSum
 *fill*         0x0800212a        0x2 
 .text.positionMode2Run
                0x0800212c       0xa4 ./Core/Src/mks42d.o
                0x0800212c                positionMode2Run
 .text.readStepperPosTx
                0x080021d0       0x54 ./Core/Src/mks42d.o
                0x080021d0                readStepperPosTx
 .text.readStepperPos
                0x08002224      0x1ec ./Core/Src/mks42d.o
                0x08002224                readStepperPos
 .text.motor_test
                0x08002410       0x60 ./Core/Src/motor_control.o
                0x08002410                motor_test
 .text.motor_read
                0x08002470       0x68 ./Core/Src/motor_control.o
                0x08002470                motor_read
 .text.HAL_MspInit
                0x080024d8       0x64 ./Core/Src/stm32f1xx_hal_msp.o
                0x080024d8                HAL_MspInit
 .text.NMI_Handler
                0x0800253c        0x8 ./Core/Src/stm32f1xx_it.o
                0x0800253c                NMI_Handler
 .text.HardFault_Handler
                0x08002544        0x8 ./Core/Src/stm32f1xx_it.o
                0x08002544                HardFault_Handler
 .text.MemManage_Handler
                0x0800254c        0x8 ./Core/Src/stm32f1xx_it.o
                0x0800254c                MemManage_Handler
 .text.BusFault_Handler
                0x08002554        0x8 ./Core/Src/stm32f1xx_it.o
                0x08002554                BusFault_Handler
 .text.UsageFault_Handler
                0x0800255c        0x8 ./Core/Src/stm32f1xx_it.o
                0x0800255c                UsageFault_Handler
 .text.SVC_Handler
                0x08002564        0xc ./Core/Src/stm32f1xx_it.o
                0x08002564                SVC_Handler
 .text.DebugMon_Handler
                0x08002570        0xc ./Core/Src/stm32f1xx_it.o
                0x08002570                DebugMon_Handler
 .text.PendSV_Handler
                0x0800257c        0xc ./Core/Src/stm32f1xx_it.o
                0x0800257c                PendSV_Handler
 .text.SysTick_Handler
                0x08002588        0xc ./Core/Src/stm32f1xx_it.o
                0x08002588                SysTick_Handler
 .text.USB_LP_CAN1_RX0_IRQHandler
                0x08002594       0x14 ./Core/Src/stm32f1xx_it.o
                0x08002594                USB_LP_CAN1_RX0_IRQHandler
 .text.TIM3_IRQHandler
                0x080025a8       0x14 ./Core/Src/stm32f1xx_it.o
                0x080025a8                TIM3_IRQHandler
 .text.USART2_IRQHandler
                0x080025bc       0x1c ./Core/Src/stm32f1xx_it.o
                0x080025bc                USART2_IRQHandler
 .text.USART3_IRQHandler
                0x080025d8       0x1c ./Core/Src/stm32f1xx_it.o
                0x080025d8                USART3_IRQHandler
 .text.TIM6_IRQHandler
                0x080025f4       0x14 ./Core/Src/stm32f1xx_it.o
                0x080025f4                TIM6_IRQHandler
 .text.SystemInit
                0x08002608        0xc ./Core/Src/system_stm32f1xx.o
                0x08002608                SystemInit
 .text.MX_TIM2_Init
                0x08002614       0xe8 ./Core/Src/tim.o
                0x08002614                MX_TIM2_Init
 .text.MX_TIM3_Init
                0x080026fc       0xe0 ./Core/Src/tim.o
                0x080026fc                MX_TIM3_Init
 .text.MX_TIM6_Init
                0x080027dc       0x68 ./Core/Src/tim.o
                0x080027dc                MX_TIM6_Init
 .text.HAL_TIM_Base_MspInit
                0x08002844       0xe8 ./Core/Src/tim.o
                0x08002844                HAL_TIM_Base_MspInit
 .text.HAL_TIM_MspPostInit
                0x0800292c       0x8c ./Core/Src/tim.o
                0x0800292c                HAL_TIM_MspPostInit
 .text._get_port
                0x080029b8       0x50 ./Core/Src/uart_hal.o
 .text._nxt     0x08002a08       0x2c ./Core/Src/uart_hal.o
 .text.UartHAL_Attach
                0x08002a34       0x62 ./Core/Src/uart_hal.o
                0x08002a34                UartHAL_Attach
 .text.UartHAL_FlushRx
                0x08002a96       0x42 ./Core/Src/uart_hal.o
                0x08002a96                UartHAL_FlushRx
 .text.UartHAL_Read
                0x08002ad8       0x84 ./Core/Src/uart_hal.o
                0x08002ad8                UartHAL_Read
 .text.UartHAL_Send
                0x08002b5c       0xca ./Core/Src/uart_hal.o
                0x08002b5c                UartHAL_Send
 .text.UartHAL_IRQHandler
                0x08002c26       0xf6 ./Core/Src/uart_hal.o
                0x08002c26                UartHAL_IRQHandler
 .text.UartHAL_RxAvailable
                0x08002d1c       0x7c ./Core/Src/uart_hal.o
                0x08002d1c                UartHAL_RxAvailable
 .text.MX_USART2_UART_Init
                0x08002d98       0x5c ./Core/Src/usart.o
                0x08002d98                MX_USART2_UART_Init
 .text.MX_USART3_UART_Init
                0x08002df4       0x58 ./Core/Src/usart.o
                0x08002df4                MX_USART3_UART_Init
 .text.HAL_UART_MspInit
                0x08002e4c      0x12c ./Core/Src/usart.o
                0x08002e4c                HAL_UART_MspInit
 .text.USB_serial_send_debug
                0x08002f78       0xc8 ./Core/Src/usb_debug.o
                0x08002f78                USB_serial_send_debug
 .text.Dump_LongTerm_Memory_USB
                0x08003040       0xd8 ./Core/Src/usb_debug.o
                0x08003040                Dump_LongTerm_Memory_USB
 .text.HAL_Init
                0x08003118       0x2c ./Drivers/STM32F1xx_HAL_Driver/Src/stm32f1xx_hal.o
                0x08003118                HAL_Init
 .text.HAL_InitTick
                0x08003144       0x60 ./Drivers/STM32F1xx_HAL_Driver/Src/stm32f1xx_hal.o
                0x08003144                HAL_InitTick
 .text.HAL_IncTick
                0x080031a4       0x24 ./Drivers/STM32F1xx_HAL_Driver/Src/stm32f1xx_hal.o
                0x080031a4                HAL_IncTick
 .text.HAL_GetTick
                0x080031c8       0x14 ./Drivers/STM32F1xx_HAL_Driver/Src/stm32f1xx_hal.o
                0x080031c8                HAL_GetTick
 .text.HAL_Delay
                0x080031dc       0x48 ./Drivers/STM32F1xx_HAL_Driver/Src/stm32f1xx_hal.o
                0x080031dc                HAL_Delay
 .text.__NVIC_SetPriorityGrouping
                0x08003224       0x48 ./Drivers/STM32F1xx_HAL_Driver/Src/stm32f1xx_hal_cortex.o
 .text.__NVIC_GetPriorityGrouping
                0x0800326c       0x1c ./Drivers/STM32F1xx_HAL_Driver/Src/stm32f1xx_hal_cortex.o
 .text.__NVIC_EnableIRQ
                0x08003288       0x38 ./Drivers/STM32F1xx_HAL_Driver/Src/stm32f1xx_hal_cortex.o
 .text.__NVIC_SetPriority
                0x080032c0       0x54 ./Drivers/STM32F1xx_HAL_Driver/Src/stm32f1xx_hal_cortex.o
 .text.NVIC_EncodePriority
                0x08003314       0x64 ./Drivers/STM32F1xx_HAL_Driver/Src/stm32f1xx_hal_cortex.o
 .text.SysTick_Config
                0x08003378       0x44 ./Drivers/STM32F1xx_HAL_Driver/Src/stm32f1xx_hal_cortex.o
 .text.HAL_NVIC_SetPriorityGrouping
                0x080033bc       0x16 ./Drivers/STM32F1xx_HAL_Driver/Src/stm32f1xx_hal_cortex.o
                0x080033bc                HAL_NVIC_SetPriorityGrouping
 .text.HAL_NVIC_SetPriority
                0x080033d2       0x38 ./Drivers/STM32F1xx_HAL_Driver/Src/stm32f1xx_hal_cortex.o
                0x080033d2                HAL_NVIC_SetPriority
 .text.HAL_NVIC_EnableIRQ
                0x0800340a       0x1c ./Drivers/STM32F1xx_HAL_Driver/Src/stm32f1xx_hal_cortex.o
                0x0800340a                HAL_NVIC_EnableIRQ
 .text.HAL_SYSTICK_Config
                0x08003426       0x18 ./Drivers/STM32F1xx_HAL_Driver/Src/stm32f1xx_hal_cortex.o
                0x08003426                HAL_SYSTICK_Config
 .text.HAL_DMA_Abort
                0x0800343e       0x76 ./Drivers/STM32F1xx_HAL_Driver/Src/stm32f1xx_hal_dma.o
                0x0800343e                HAL_DMA_Abort
 .text.HAL_DMA_Abort_IT
                0x080034b4      0x210 ./Drivers/STM32F1xx_HAL_Driver/Src/stm32f1xx_hal_dma.o
                0x080034b4                HAL_DMA_Abort_IT
 .text.HAL_GPIO_Init
                0x080036c4      0x328 ./Drivers/STM32F1xx_HAL_Driver/Src/stm32f1xx_hal_gpio.o
                0x080036c4                HAL_GPIO_Init
 .text.HAL_GPIO_ReadPin
                0x080039ec       0x2e ./Drivers/STM32F1xx_HAL_Driver/Src/stm32f1xx_hal_gpio.o
                0x080039ec                HAL_GPIO_ReadPin
 .text.HAL_GPIO_WritePin
                0x08003a1a       0x30 ./Drivers/STM32F1xx_HAL_Driver/Src/stm32f1xx_hal_gpio.o
                0x08003a1a                HAL_GPIO_WritePin
 .text.HAL_PCD_Init
                0x08003a4a      0x1ec ./Drivers/STM32F1xx_HAL_Driver/Src/stm32f1xx_hal_pcd.o
                0x08003a4a                HAL_PCD_Init
 .text.HAL_PCD_Start
                0x08003c36       0x4c ./Drivers/STM32F1xx_HAL_Driver/Src/stm32f1xx_hal_pcd.o
                0x08003c36                HAL_PCD_Start
 .text.HAL_PCD_IRQHandler
                0x08003c82      0x260 ./Drivers/STM32F1xx_HAL_Driver/Src/stm32f1xx_hal_pcd.o
                0x08003c82                HAL_PCD_IRQHandler
 .text.HAL_PCD_SetAddress
                0x08003ee2       0x48 ./Drivers/STM32F1xx_HAL_Driver/Src/stm32f1xx_hal_pcd.o
                0x08003ee2                HAL_PCD_SetAddress
 .text.HAL_PCD_EP_Open
                0x08003f2a       0xba ./Drivers/STM32F1xx_HAL_Driver/Src/stm32f1xx_hal_pcd.o
                0x08003f2a                HAL_PCD_EP_Open
 .text.HAL_PCD_EP_Close
                0x08003fe4       0x90 ./Drivers/STM32F1xx_HAL_Driver/Src/stm32f1xx_hal_pcd.o
                0x08003fe4                HAL_PCD_EP_Close
 .text.HAL_PCD_EP_Receive
                0x08004074       0x62 ./Drivers/STM32F1xx_HAL_Driver/Src/stm32f1xx_hal_pcd.o
                0x08004074                HAL_PCD_EP_Receive
 .text.HAL_PCD_EP_GetRxCount
                0x080040d6       0x2e ./Drivers/STM32F1xx_HAL_Driver/Src/stm32f1xx_hal_pcd.o
                0x080040d6                HAL_PCD_EP_GetRxCount
 .text.HAL_PCD_EP_Transmit
                0x08004104       0x6e ./Drivers/STM32F1xx_HAL_Driver/Src/stm32f1xx_hal_pcd.o
                0x08004104                HAL_PCD_EP_Transmit
 .text.HAL_PCD_EP_SetStall
                0x08004172       0xc0 ./Drivers/STM32F1xx_HAL_Driver/Src/stm32f1xx_hal_pcd.o
                0x08004172                HAL_PCD_EP_SetStall
 .text.HAL_PCD_EP_ClrStall
                0x08004232       0xa8 ./Drivers/STM32F1xx_HAL_Driver/Src/stm32f1xx_hal_pcd.o
                0x08004232                HAL_PCD_EP_ClrStall
 .text.PCD_EP_ISR_Handler
                0x080042da      0x79e ./Drivers/STM32F1xx_HAL_Driver/Src/stm32f1xx_hal_pcd.o
 .text.HAL_PCD_EP_DB_Receive
                0x08004a78      0x21a ./Drivers/STM32F1xx_HAL_Driver/Src/stm32f1xx_hal_pcd.o
 .text.HAL_PCD_EP_DB_Transmit
                0x08004c92      0x7f4 ./Drivers/STM32F1xx_HAL_Driver/Src/stm32f1xx_hal_pcd.o
 .text.HAL_PCDEx_PMAConfig
                0x08005486       0x84 ./Drivers/STM32F1xx_HAL_Driver/Src/stm32f1xx_hal_pcd_ex.o
                0x08005486                HAL_PCDEx_PMAConfig
 *fill*         0x0800550a        0x2 
 .text.HAL_RCC_OscConfig
                0x0800550c      0x504 ./Drivers/STM32F1xx_HAL_Driver/Src/stm32f1xx_hal_rcc.o
                0x0800550c                HAL_RCC_OscConfig
 .text.HAL_RCC_ClockConfig
                0x08005a10      0x1d4 ./Drivers/STM32F1xx_HAL_Driver/Src/stm32f1xx_hal_rcc.o
                0x08005a10                HAL_RCC_ClockConfig
 .text.HAL_RCC_GetSysClockFreq
                0x08005be4       0xa8 ./Drivers/STM32F1xx_HAL_Driver/Src/stm32f1xx_hal_rcc.o
                0x08005be4                HAL_RCC_GetSysClockFreq
 .text.HAL_RCC_GetHCLKFreq
                0x08005c8c       0x14 ./Drivers/STM32F1xx_HAL_Driver/Src/stm32f1xx_hal_rcc.o
                0x08005c8c                HAL_RCC_GetHCLKFreq
 .text.HAL_RCC_GetPCLK1Freq
                0x08005ca0       0x28 ./Drivers/STM32F1xx_HAL_Driver/Src/stm32f1xx_hal_rcc.o
                0x08005ca0                HAL_RCC_GetPCLK1Freq
 .text.HAL_RCC_GetPCLK2Freq
                0x08005cc8       0x28 ./Drivers/STM32F1xx_HAL_Driver/Src/stm32f1xx_hal_rcc.o
                0x08005cc8                HAL_RCC_GetPCLK2Freq
 .text.RCC_Delay
                0x08005cf0       0x3c ./Drivers/STM32F1xx_HAL_Driver/Src/stm32f1xx_hal_rcc.o
 .text.HAL_RCCEx_PeriphCLKConfig
                0x08005d2c      0x16c ./Drivers/STM32F1xx_HAL_Driver/Src/stm32f1xx_hal_rcc_ex.o
                0x08005d2c                HAL_RCCEx_PeriphCLKConfig
 .text.HAL_TIM_Base_Init
                0x08005e98       0x9e ./Drivers/STM32F1xx_HAL_Driver/Src/stm32f1xx_hal_tim.o
                0x08005e98                HAL_TIM_Base_Init
 *fill*         0x08005f36        0x2 
 .text.HAL_TIM_Base_Start_IT
                0x08005f38       0xc0 ./Drivers/STM32F1xx_HAL_Driver/Src/stm32f1xx_hal_tim.o
                0x08005f38                HAL_TIM_Base_Start_IT
 .text.HAL_TIM_PWM_Init
                0x08005ff8       0x9e ./Drivers/STM32F1xx_HAL_Driver/Src/stm32f1xx_hal_tim.o
                0x08005ff8                HAL_TIM_PWM_Init
 .text.HAL_TIM_PWM_MspInit
                0x08006096       0x12 ./Drivers/STM32F1xx_HAL_Driver/Src/stm32f1xx_hal_tim.o
                0x08006096                HAL_TIM_PWM_MspInit
 .text.HAL_TIM_PWM_Start
                0x080060a8      0x174 ./Drivers/STM32F1xx_HAL_Driver/Src/stm32f1xx_hal_tim.o
                0x080060a8                HAL_TIM_PWM_Start
 .text.HAL_TIM_IC_Init
                0x0800621c       0x9e ./Drivers/STM32F1xx_HAL_Driver/Src/stm32f1xx_hal_tim.o
                0x0800621c                HAL_TIM_IC_Init
 .text.HAL_TIM_IC_MspInit
                0x080062ba       0x12 ./Drivers/STM32F1xx_HAL_Driver/Src/stm32f1xx_hal_tim.o
                0x080062ba                HAL_TIM_IC_MspInit
 .text.HAL_TIM_IC_Start_IT
                0x080062cc      0x234 ./Drivers/STM32F1xx_HAL_Driver/Src/stm32f1xx_hal_tim.o
                0x080062cc                HAL_TIM_IC_Start_IT
 .text.HAL_TIM_IRQHandler
                0x08006500      0x1e0 ./Drivers/STM32F1xx_HAL_Driver/Src/stm32f1xx_hal_tim.o
                0x08006500                HAL_TIM_IRQHandler
 .text.HAL_TIM_IC_ConfigChannel
                0x080066e0      0x138 ./Drivers/STM32F1xx_HAL_Driver/Src/stm32f1xx_hal_tim.o
                0x080066e0                HAL_TIM_IC_ConfigChannel
 .text.HAL_TIM_PWM_ConfigChannel
                0x08006818      0x184 ./Drivers/STM32F1xx_HAL_Driver/Src/stm32f1xx_hal_tim.o
                0x08006818                HAL_TIM_PWM_ConfigChannel
 .text.HAL_TIM_ConfigClockSource
                0x0800699c      0x18e ./Drivers/STM32F1xx_HAL_Driver/Src/stm32f1xx_hal_tim.o
                0x0800699c                HAL_TIM_ConfigClockSource
 .text.HAL_TIM_OC_DelayElapsedCallback
                0x08006b2a       0x12 ./Drivers/STM32F1xx_HAL_Driver/Src/stm32f1xx_hal_tim.o
                0x08006b2a                HAL_TIM_OC_DelayElapsedCallback
 .text.HAL_TIM_PWM_PulseFinishedCallback
                0x08006b3c       0x12 ./Drivers/STM32F1xx_HAL_Driver/Src/stm32f1xx_hal_tim.o
                0x08006b3c                HAL_TIM_PWM_PulseFinishedCallback
 .text.HAL_TIM_TriggerCallback
                0x08006b4e       0x12 ./Drivers/STM32F1xx_HAL_Driver/Src/stm32f1xx_hal_tim.o
                0x08006b4e                HAL_TIM_TriggerCallback
 .text.TIM_Base_SetConfig
                0x08006b60      0x10c ./Drivers/STM32F1xx_HAL_Driver/Src/stm32f1xx_hal_tim.o
                0x08006b60                TIM_Base_SetConfig
 .text.TIM_OC1_SetConfig
                0x08006c6c       0xe0 ./Drivers/STM32F1xx_HAL_Driver/Src/stm32f1xx_hal_tim.o
 .text.TIM_OC2_SetConfig
                0x08006d4c       0xe8 ./Drivers/STM32F1xx_HAL_Driver/Src/stm32f1xx_hal_tim.o
                0x08006d4c                TIM_OC2_SetConfig
 .text.TIM_OC3_SetConfig
                0x08006e34       0xe8 ./Drivers/STM32F1xx_HAL_Driver/Src/stm32f1xx_hal_tim.o
 .text.TIM_OC4_SetConfig
                0x08006f1c       0xa8 ./Drivers/STM32F1xx_HAL_Driver/Src/stm32f1xx_hal_tim.o
 .text.TIM_TI1_SetConfig
                0x08006fc4       0xcc ./Drivers/STM32F1xx_HAL_Driver/Src/stm32f1xx_hal_tim.o
                0x08006fc4                TIM_TI1_SetConfig
 .text.TIM_TI1_ConfigInputStage
                0x08007090       0x5c ./Drivers/STM32F1xx_HAL_Driver/Src/stm32f1xx_hal_tim.o
 .text.TIM_TI2_SetConfig
                0x080070ec       0x78 ./Drivers/STM32F1xx_HAL_Driver/Src/stm32f1xx_hal_tim.o
 .text.TIM_TI2_ConfigInputStage
                0x08007164       0x5e ./Drivers/STM32F1xx_HAL_Driver/Src/stm32f1xx_hal_tim.o
 .text.TIM_TI3_SetConfig
                0x080071c2       0x76 ./Drivers/STM32F1xx_HAL_Driver/Src/stm32f1xx_hal_tim.o
 .text.TIM_TI4_SetConfig
                0x08007238       0x78 ./Drivers/STM32F1xx_HAL_Driver/Src/stm32f1xx_hal_tim.o
 .text.TIM_ITRx_SetConfig
                0x080072b0       0x34 ./Drivers/STM32F1xx_HAL_Driver/Src/stm32f1xx_hal_tim.o
 .text.TIM_ETR_SetConfig
                0x080072e4       0x3e ./Drivers/STM32F1xx_HAL_Driver/Src/stm32f1xx_hal_tim.o
                0x080072e4                TIM_ETR_SetConfig
 .text.TIM_CCxChannelCmd
                0x08007322       0x48 ./Drivers/STM32F1xx_HAL_Driver/Src/stm32f1xx_hal_tim.o
                0x08007322                TIM_CCxChannelCmd
 *fill*         0x0800736a        0x2 
 .text.HAL_TIMEx_MasterConfigSynchronization
                0x0800736c       0xd8 ./Drivers/STM32F1xx_HAL_Driver/Src/stm32f1xx_hal_tim_ex.o
                0x0800736c                HAL_TIMEx_MasterConfigSynchronization
 .text.HAL_TIMEx_CommutCallback
                0x08007444       0x12 ./Drivers/STM32F1xx_HAL_Driver/Src/stm32f1xx_hal_tim_ex.o
                0x08007444                HAL_TIMEx_CommutCallback
 .text.HAL_TIMEx_BreakCallback
                0x08007456       0x12 ./Drivers/STM32F1xx_HAL_Driver/Src/stm32f1xx_hal_tim_ex.o
                0x08007456                HAL_TIMEx_BreakCallback
 .text.HAL_UART_Init
                0x08007468       0xa0 ./Drivers/STM32F1xx_HAL_Driver/Src/stm32f1xx_hal_uart.o
                0x08007468                HAL_UART_Init
 .text.HAL_UART_IRQHandler
                0x08007508      0x524 ./Drivers/STM32F1xx_HAL_Driver/Src/stm32f1xx_hal_uart.o
                0x08007508                HAL_UART_IRQHandler
 .text.HAL_UART_TxCpltCallback
                0x08007a2c       0x12 ./Drivers/STM32F1xx_HAL_Driver/Src/stm32f1xx_hal_uart.o
                0x08007a2c                HAL_UART_TxCpltCallback
 .text.HAL_UART_RxCpltCallback
                0x08007a3e       0x12 ./Drivers/STM32F1xx_HAL_Driver/Src/stm32f1xx_hal_uart.o
                0x08007a3e                HAL_UART_RxCpltCallback
 .text.HAL_UART_ErrorCallback
                0x08007a50       0x12 ./Drivers/STM32F1xx_HAL_Driver/Src/stm32f1xx_hal_uart.o
                0x08007a50                HAL_UART_ErrorCallback
 .text.HAL_UARTEx_RxEventCallback
                0x08007a62       0x16 ./Drivers/STM32F1xx_HAL_Driver/Src/stm32f1xx_hal_uart.o
                0x08007a62                HAL_UARTEx_RxEventCallback
 .text.UART_EndRxTransfer
                0x08007a78       0xc4 ./Drivers/STM32F1xx_HAL_Driver/Src/stm32f1xx_hal_uart.o
 .text.UART_DMAAbortOnError
                0x08007b3c       0x28 ./Drivers/STM32F1xx_HAL_Driver/Src/stm32f1xx_hal_uart.o
 .text.UART_Transmit_IT
                0x08007b64       0x9e ./Drivers/STM32F1xx_HAL_Driver/Src/stm32f1xx_hal_uart.o
 .text.UART_EndTransmit_IT
                0x08007c02       0x30 ./Drivers/STM32F1xx_HAL_Driver/Src/stm32f1xx_hal_uart.o
 .text.UART_Receive_IT
                0x08007c32      0x17c ./Drivers/STM32F1xx_HAL_Driver/Src/stm32f1xx_hal_uart.o
 *fill*         0x08007dae        0x2 
 .text.UART_SetConfig
                0x08007db0      0x11c ./Drivers/STM32F1xx_HAL_Driver/Src/stm32f1xx_hal_uart.o
 .text.USB_CoreInit
                0x08007ecc       0x1a ./Drivers/STM32F1xx_HAL_Driver/Src/stm32f1xx_ll_usb.o
                0x08007ecc                USB_CoreInit
 .text.USB_EnableGlobalInt
                0x08007ee6       0x2c ./Drivers/STM32F1xx_HAL_Driver/Src/stm32f1xx_ll_usb.o
                0x08007ee6                USB_EnableGlobalInt
 .text.USB_DisableGlobalInt
                0x08007f12       0x34 ./Drivers/STM32F1xx_HAL_Driver/Src/stm32f1xx_ll_usb.o
                0x08007f12                USB_DisableGlobalInt
 .text.USB_SetCurrentMode
                0x08007f46       0x18 ./Drivers/STM32F1xx_HAL_Driver/Src/stm32f1xx_ll_usb.o
                0x08007f46                USB_SetCurrentMode
 .text.USB_DevInit
                0x08007f5e       0x3a ./Drivers/STM32F1xx_HAL_Driver/Src/stm32f1xx_ll_usb.o
                0x08007f5e                USB_DevInit
 .text.USB_ActivateEndpoint
                0x08007f98      0x780 ./Drivers/STM32F1xx_HAL_Driver/Src/stm32f1xx_ll_usb.o
                0x08007f98                USB_ActivateEndpoint
 .text.USB_DeactivateEndpoint
                0x08008718      0x3d8 ./Drivers/STM32F1xx_HAL_Driver/Src/stm32f1xx_ll_usb.o
                0x08008718                USB_DeactivateEndpoint
 .text.USB_EPStartXfer
                0x08008af0     0x1762 ./Drivers/STM32F1xx_HAL_Driver/Src/stm32f1xx_ll_usb.o
                0x08008af0                USB_EPStartXfer
 .text.USB_EPSetStall
                0x0800a252       0xa0 ./Drivers/STM32F1xx_HAL_Driver/Src/stm32f1xx_ll_usb.o
                0x0800a252                USB_EPSetStall
 .text.USB_EPClearStall
                0x0800a2f2      0x15a ./Drivers/STM32F1xx_HAL_Driver/Src/stm32f1xx_ll_usb.o
                0x0800a2f2                USB_EPClearStall
 .text.USB_SetDevAddress
                0x0800a44c       0x26 ./Drivers/STM32F1xx_HAL_Driver/Src/stm32f1xx_ll_usb.o
                0x0800a44c                USB_SetDevAddress
 .text.USB_DevConnect
                0x0800a472       0x14 ./Drivers/STM32F1xx_HAL_Driver/Src/stm32f1xx_ll_usb.o
                0x0800a472                USB_DevConnect
 .text.USB_DevDisconnect
                0x0800a486       0x14 ./Drivers/STM32F1xx_HAL_Driver/Src/stm32f1xx_ll_usb.o
                0x0800a486                USB_DevDisconnect
 .text.USB_ReadInterrupts
                0x0800a49a       0x1e ./Drivers/STM32F1xx_HAL_Driver/Src/stm32f1xx_ll_usb.o
                0x0800a49a                USB_ReadInterrupts
 .text.USB_EP0_OutStart
                0x0800a4b8       0x16 ./Drivers/STM32F1xx_HAL_Driver/Src/stm32f1xx_ll_usb.o
                0x0800a4b8                USB_EP0_OutStart
 .text.USB_WritePMA
                0x0800a4ce       0x8c ./Drivers/STM32F1xx_HAL_Driver/Src/stm32f1xx_ll_usb.o
                0x0800a4ce                USB_WritePMA
 .text.USB_ReadPMA
                0x0800a55a       0x9e ./Drivers/STM32F1xx_HAL_Driver/Src/stm32f1xx_ll_usb.o
                0x0800a55a                USB_ReadPMA
 .text.USBD_CDC_Init
                0x0800a5f8       0xf4 ./Middlewares/ST/STM32_USB_Device_Library/Class/CDC/Src/usbd_cdc.o
 .text.USBD_CDC_DeInit
                0x0800a6ec       0x6e ./Middlewares/ST/STM32_USB_Device_Library/Class/CDC/Src/usbd_cdc.o
 .text.USBD_CDC_Setup
                0x0800a75a      0x146 ./Middlewares/ST/STM32_USB_Device_Library/Class/CDC/Src/usbd_cdc.o
 .text.USBD_CDC_DataIn
                0x0800a8a0       0xa6 ./Middlewares/ST/STM32_USB_Device_Library/Class/CDC/Src/usbd_cdc.o
 .text.USBD_CDC_DataOut
                0x0800a946       0x56 ./Middlewares/ST/STM32_USB_Device_Library/Class/CDC/Src/usbd_cdc.o
 .text.USBD_CDC_EP0_RxReady
                0x0800a99c       0x4e ./Middlewares/ST/STM32_USB_Device_Library/Class/CDC/Src/usbd_cdc.o
 *fill*         0x0800a9ea        0x2 
 .text.USBD_CDC_GetFSCfgDesc
                0x0800a9ec       0x20 ./Middlewares/ST/STM32_USB_Device_Library/Class/CDC/Src/usbd_cdc.o
 .text.USBD_CDC_GetHSCfgDesc
                0x0800aa0c       0x20 ./Middlewares/ST/STM32_USB_Device_Library/Class/CDC/Src/usbd_cdc.o
 .text.USBD_CDC_GetOtherSpeedCfgDesc
                0x0800aa2c       0x20 ./Middlewares/ST/STM32_USB_Device_Library/Class/CDC/Src/usbd_cdc.o
 .text.USBD_CDC_GetDeviceQualifierDescriptor
                0x0800aa4c       0x20 ./Middlewares/ST/STM32_USB_Device_Library/Class/CDC/Src/usbd_cdc.o
                0x0800aa4c                USBD_CDC_GetDeviceQualifierDescriptor
 .text.USBD_CDC_RegisterInterface
                0x0800aa6c       0x2c ./Middlewares/ST/STM32_USB_Device_Library/Class/CDC/Src/usbd_cdc.o
                0x0800aa6c                USBD_CDC_RegisterInterface
 .text.USBD_CDC_SetTxBuffer
                0x0800aa98       0x32 ./Middlewares/ST/STM32_USB_Device_Library/Class/CDC/Src/usbd_cdc.o
                0x0800aa98                USBD_CDC_SetTxBuffer
 .text.USBD_CDC_SetRxBuffer
                0x0800aaca       0x26 ./Middlewares/ST/STM32_USB_Device_Library/Class/CDC/Src/usbd_cdc.o
                0x0800aaca                USBD_CDC_SetRxBuffer
 .text.USBD_CDC_TransmitPacket
                0x0800aaf0       0x5e ./Middlewares/ST/STM32_USB_Device_Library/Class/CDC/Src/usbd_cdc.o
                0x0800aaf0                USBD_CDC_TransmitPacket
 .text.USBD_CDC_ReceivePacket
                0x0800ab4e       0x54 ./Middlewares/ST/STM32_USB_Device_Library/Class/CDC/Src/usbd_cdc.o
                0x0800ab4e                USBD_CDC_ReceivePacket
 .text.USBD_Init
                0x0800aba2       0x56 ./Middlewares/ST/STM32_USB_Device_Library/Core/Src/usbd_core.o
                0x0800aba2                USBD_Init
 .text.USBD_RegisterClass
                0x0800abf8       0x32 ./Middlewares/ST/STM32_USB_Device_Library/Core/Src/usbd_core.o
                0x0800abf8                USBD_RegisterClass
 .text.USBD_Start
                0x0800ac2a       0x18 ./Middlewares/ST/STM32_USB_Device_Library/Core/Src/usbd_core.o
                0x0800ac2a                USBD_Start
 .text.USBD_RunTestMode
                0x0800ac42       0x14 ./Middlewares/ST/STM32_USB_Device_Library/Core/Src/usbd_core.o
                0x0800ac42                USBD_RunTestMode
 .text.USBD_SetClassConfig
                0x0800ac56       0x3e ./Middlewares/ST/STM32_USB_Device_Library/Core/Src/usbd_core.o
                0x0800ac56                USBD_SetClassConfig
 .text.USBD_ClrClassConfig
                0x0800ac94       0x26 ./Middlewares/ST/STM32_USB_Device_Library/Core/Src/usbd_core.o
                0x0800ac94                USBD_ClrClassConfig
 .text.USBD_LL_SetupStage
                0x0800acba       0x9a ./Middlewares/ST/STM32_USB_Device_Library/Core/Src/usbd_core.o
                0x0800acba                USBD_LL_SetupStage
 .text.USBD_LL_DataOutStage
                0x0800ad54       0xe2 ./Middlewares/ST/STM32_USB_Device_Library/Core/Src/usbd_core.o
                0x0800ad54                USBD_LL_DataOutStage
 .text.USBD_LL_DataInStage
                0x0800ae36      0x14a ./Middlewares/ST/STM32_USB_Device_Library/Core/Src/usbd_core.o
                0x0800ae36                USBD_LL_DataInStage
 .text.USBD_LL_Reset
                0x0800af80       0x82 ./Middlewares/ST/STM32_USB_Device_Library/Core/Src/usbd_core.o
                0x0800af80                USBD_LL_Reset
 .text.USBD_LL_SetSpeed
                0x0800b002       0x1e ./Middlewares/ST/STM32_USB_Device_Library/Core/Src/usbd_core.o
                0x0800b002                USBD_LL_SetSpeed
 .text.USBD_LL_Suspend
                0x0800b020       0x28 ./Middlewares/ST/STM32_USB_Device_Library/Core/Src/usbd_core.o
                0x0800b020                USBD_LL_Suspend
 .text.USBD_LL_Resume
                0x0800b048       0x2a ./Middlewares/ST/STM32_USB_Device_Library/Core/Src/usbd_core.o
                0x0800b048                USBD_LL_Resume
 .text.USBD_LL_SOF
                0x0800b072       0x34 ./Middlewares/ST/STM32_USB_Device_Library/Core/Src/usbd_core.o
                0x0800b072                USBD_LL_SOF
 *fill*         0x0800b0a6        0x2 
 .text.USBD_StdDevReq
                0x0800b0a8       0xd4 ./Middlewares/ST/STM32_USB_Device_Library/Core/Src/usbd_ctlreq.o
                0x0800b0a8                USBD_StdDevReq
 .text.USBD_StdItfReq
                0x0800b17c       0x90 ./Middlewares/ST/STM32_USB_Device_Library/Core/Src/usbd_ctlreq.o
                0x0800b17c                USBD_StdItfReq
 .text.USBD_StdEPReq
                0x0800b20c      0x2c6 ./Middlewares/ST/STM32_USB_Device_Library/Core/Src/usbd_ctlreq.o
                0x0800b20c                USBD_StdEPReq
 *fill*         0x0800b4d2        0x2 
 .text.USBD_GetDescriptor
                0x0800b4d4      0x2d0 ./Middlewares/ST/STM32_USB_Device_Library/Core/Src/usbd_ctlreq.o
 .text.USBD_SetAddress
                0x0800b7a4       0x86 ./Middlewares/ST/STM32_USB_Device_Library/Core/Src/usbd_ctlreq.o
 *fill*         0x0800b82a        0x2 
 .text.USBD_SetConfig
                0x0800b82c      0x11c ./Middlewares/ST/STM32_USB_Device_Library/Core/Src/usbd_ctlreq.o
 .text.USBD_GetConfig
                0x0800b948       0x6a ./Middlewares/ST/STM32_USB_Device_Library/Core/Src/usbd_ctlreq.o
 .text.USBD_GetStatus
                0x0800b9b2       0x66 ./Middlewares/ST/STM32_USB_Device_Library/Core/Src/usbd_ctlreq.o
 .text.USBD_SetFeature
                0x0800ba18       0x28 ./Middlewares/ST/STM32_USB_Device_Library/Core/Src/usbd_ctlreq.o
 .text.USBD_ClrFeature
                0x0800ba40       0x42 ./Middlewares/ST/STM32_USB_Device_Library/Core/Src/usbd_ctlreq.o
 .text.USBD_ParseSetupRequest
                0x0800ba82       0x72 ./Middlewares/ST/STM32_USB_Device_Library/Core/Src/usbd_ctlreq.o
                0x0800ba82                USBD_ParseSetupRequest
 .text.USBD_CtlError
                0x0800baf4       0x22 ./Middlewares/ST/STM32_USB_Device_Library/Core/Src/usbd_ctlreq.o
                0x0800baf4                USBD_CtlError
 .text.USBD_GetString
                0x0800bb16       0x84 ./Middlewares/ST/STM32_USB_Device_Library/Core/Src/usbd_ctlreq.o
                0x0800bb16                USBD_GetString
 .text.USBD_GetLen
                0x0800bb9a       0x2e ./Middlewares/ST/STM32_USB_Device_Library/Core/Src/usbd_ctlreq.o
 .text.USBD_CtlSendData
                0x0800bbc8       0x38 ./Middlewares/ST/STM32_USB_Device_Library/Core/Src/usbd_ioreq.o
                0x0800bbc8                USBD_CtlSendData
 .text.USBD_CtlContinueSendData
                0x0800bc00       0x24 ./Middlewares/ST/STM32_USB_Device_Library/Core/Src/usbd_ioreq.o
                0x0800bc00                USBD_CtlContinueSendData
 .text.USBD_CtlPrepareRx
                0x0800bc24       0x3c ./Middlewares/ST/STM32_USB_Device_Library/Core/Src/usbd_ioreq.o
                0x0800bc24                USBD_CtlPrepareRx
 .text.USBD_CtlContinueRx
                0x0800bc60       0x24 ./Middlewares/ST/STM32_USB_Device_Library/Core/Src/usbd_ioreq.o
                0x0800bc60                USBD_CtlContinueRx
 .text.USBD_CtlSendStatus
                0x0800bc84       0x26 ./Middlewares/ST/STM32_USB_Device_Library/Core/Src/usbd_ioreq.o
                0x0800bc84                USBD_CtlSendStatus
 .text.USBD_CtlReceiveStatus
                0x0800bcaa       0x26 ./Middlewares/ST/STM32_USB_Device_Library/Core/Src/usbd_ioreq.o
                0x0800bcaa                USBD_CtlReceiveStatus
 .text.MX_USB_DEVICE_Init
                0x0800bcd0       0x60 ./USB_DEVICE/App/usb_device.o
                0x0800bcd0                MX_USB_DEVICE_Init
 .text.CDC_Init_FS
                0x0800bd30       0x28 ./USB_DEVICE/App/usbd_cdc_if.o
 .text.CDC_DeInit_FS
                0x0800bd58        0xe ./USB_DEVICE/App/usbd_cdc_if.o
 *fill*         0x0800bd66        0x2 
 .text.CDC_Control_FS
                0x0800bd68       0xbc ./USB_DEVICE/App/usbd_cdc_if.o
 .text.CDC_Receive_FS
                0x0800be24       0x4c ./USB_DEVICE/App/usbd_cdc_if.o
 .text.CDC_Transmit_FS
                0x0800be70       0x4c ./USB_DEVICE/App/usbd_cdc_if.o
                0x0800be70                CDC_Transmit_FS
 .text.usb_rx_process
                0x0800bebc       0x4c ./USB_DEVICE/App/usbd_cdc_if.o
                0x0800bebc                usb_rx_process
 .text.USBD_FS_DeviceDescriptor
                0x0800bf08       0x24 ./USB_DEVICE/App/usbd_desc.o
                0x0800bf08                USBD_FS_DeviceDescriptor
 .text.USBD_FS_LangIDStrDescriptor
                0x0800bf2c       0x24 ./USB_DEVICE/App/usbd_desc.o
                0x0800bf2c                USBD_FS_LangIDStrDescriptor
 .text.USBD_FS_ProductStrDescriptor
                0x0800bf50       0x3c ./USB_DEVICE/App/usbd_desc.o
                0x0800bf50                USBD_FS_ProductStrDescriptor
 .text.USBD_FS_ManufacturerStrDescriptor
                0x0800bf8c       0x28 ./USB_DEVICE/App/usbd_desc.o
                0x0800bf8c                USBD_FS_ManufacturerStrDescriptor
 .text.USBD_FS_SerialStrDescriptor
                0x0800bfb4       0x24 ./USB_DEVICE/App/usbd_desc.o
                0x0800bfb4                USBD_FS_SerialStrDescriptor
 .text.USBD_FS_ConfigStrDescriptor
                0x0800bfd8       0x3c ./USB_DEVICE/App/usbd_desc.o
                0x0800bfd8                USBD_FS_ConfigStrDescriptor
 .text.USBD_FS_InterfaceStrDescriptor
                0x0800c014       0x3c ./USB_DEVICE/App/usbd_desc.o
                0x0800c014                USBD_FS_InterfaceStrDescriptor
 .text.Get_SerialNum
                0x0800c050       0x58 ./USB_DEVICE/App/usbd_desc.o
 .text.IntToUnicode
                0x0800c0a8       0x7c ./USB_DEVICE/App/usbd_desc.o
 .text.HAL_PCD_MspInit
                0x0800c124       0x4c ./USB_DEVICE/Target/usbd_conf.o
                0x0800c124                HAL_PCD_MspInit
 .text.HAL_PCD_SetupStageCallback
                0x0800c170       0x24 ./USB_DEVICE/Target/usbd_conf.o
                0x0800c170                HAL_PCD_SetupStageCallback
 .text.HAL_PCD_DataOutStageCallback
                0x0800c194       0x36 ./USB_DEVICE/Target/usbd_conf.o
                0x0800c194                HAL_PCD_DataOutStageCallback
 .text.HAL_PCD_DataInStageCallback
                0x0800c1ca       0x34 ./USB_DEVICE/Target/usbd_conf.o
                0x0800c1ca                HAL_PCD_DataInStageCallback
 .text.HAL_PCD_SOFCallback
                0x0800c1fe       0x1c ./USB_DEVICE/Target/usbd_conf.o
                0x0800c1fe                HAL_PCD_SOFCallback
 .text.HAL_PCD_ResetCallback
                0x0800c21a       0x3c ./USB_DEVICE/Target/usbd_conf.o
                0x0800c21a                HAL_PCD_ResetCallback
 *fill*         0x0800c256        0x2 
 .text.HAL_PCD_SuspendCallback
                0x0800c258       0x34 ./USB_DEVICE/Target/usbd_conf.o
                0x0800c258                HAL_PCD_SuspendCallback
 .text.HAL_PCD_ResumeCallback
                0x0800c28c       0x1c ./USB_DEVICE/Target/usbd_conf.o
                0x0800c28c                HAL_PCD_ResumeCallback
 .text.USBD_LL_Init
                0x0800c2a8       0xb4 ./USB_DEVICE/Target/usbd_conf.o
                0x0800c2a8                USBD_LL_Init
 .text.USBD_LL_Start
                0x0800c35c       0x36 ./USB_DEVICE/Target/usbd_conf.o
                0x0800c35c                USBD_LL_Start
 .text.USBD_LL_OpenEP
                0x0800c392       0x4c ./USB_DEVICE/Target/usbd_conf.o
                0x0800c392                USBD_LL_OpenEP
 .text.USBD_LL_CloseEP
                0x0800c3de       0x3e ./USB_DEVICE/Target/usbd_conf.o
                0x0800c3de                USBD_LL_CloseEP
 .text.USBD_LL_StallEP
                0x0800c41c       0x3e ./USB_DEVICE/Target/usbd_conf.o
                0x0800c41c                USBD_LL_StallEP
 .text.USBD_LL_ClearStallEP
                0x0800c45a       0x3e ./USB_DEVICE/Target/usbd_conf.o
                0x0800c45a                USBD_LL_ClearStallEP
 .text.USBD_LL_IsStallEP
                0x0800c498       0x56 ./USB_DEVICE/Target/usbd_conf.o
                0x0800c498                USBD_LL_IsStallEP
 .text.USBD_LL_SetUSBAddress
                0x0800c4ee       0x3e ./USB_DEVICE/Target/usbd_conf.o
                0x0800c4ee                USBD_LL_SetUSBAddress
 .text.USBD_LL_Transmit
                0x0800c52c       0x46 ./USB_DEVICE/Target/usbd_conf.o
                0x0800c52c                USBD_LL_Transmit
 .text.USBD_LL_PrepareReceive
                0x0800c572       0x46 ./USB_DEVICE/Target/usbd_conf.o
                0x0800c572                USBD_LL_PrepareReceive
 .text.USBD_LL_GetRxDataSize
                0x0800c5b8       0x26 ./USB_DEVICE/Target/usbd_conf.o
                0x0800c5b8                USBD_LL_GetRxDataSize
 *fill*         0x0800c5de        0x2 
 .text.USBD_static_malloc
                0x0800c5e0       0x18 ./USB_DEVICE/Target/usbd_conf.o
                0x0800c5e0                USBD_static_malloc
 .text.USBD_static_free
                0x0800c5f8       0x12 ./USB_DEVICE/Target/usbd_conf.o
                0x0800c5f8                USBD_static_free
 .text.HAL_PCDEx_SetConnectionState
                0x0800c60a       0x16 ./USB_DEVICE/Target/usbd_conf.o
                0x0800c60a                HAL_PCDEx_SetConnectionState
 .text.USBD_Get_USB_Status
                0x0800c620       0x58 ./USB_DEVICE/Target/usbd_conf.o
 .text.Reset_Handler
                0x0800c678       0x48 ./startup/startup_stm32f103xe.o
                0x0800c678                Reset_Handler
 .text.Default_Handler
                0x0800c6c0        0x2 ./startup/startup_stm32f103xe.o
                0x0800c6c0                RTC_Alarm_IRQHandler
                0x0800c6c0                EXTI2_IRQHandler
                0x0800c6c0                TIM8_TRG_COM_IRQHandler
                0x0800c6c0                TIM8_CC_IRQHandler
                0x0800c6c0                TIM1_CC_IRQHandler
                0x0800c6c0                PVD_IRQHandler
                0x0800c6c0                SDIO_IRQHandler
                0x0800c6c0                EXTI3_IRQHandler
                0x0800c6c0                EXTI0_IRQHandler
                0x0800c6c0                I2C2_EV_IRQHandler
                0x0800c6c0                ADC1_2_IRQHandler
                0x0800c6c0                SPI1_IRQHandler
                0x0800c6c0                TAMPER_IRQHandler
                0x0800c6c0                TIM8_UP_IRQHandler
                0x0800c6c0                DMA2_Channel2_IRQHandler
                0x0800c6c0                DMA1_Channel4_IRQHandler
                0x0800c6c0                RTC_IRQHandler
                0x0800c6c0                DMA1_Channel7_IRQHandler
                0x0800c6c0                CAN1_RX1_IRQHandler
                0x0800c6c0                UART5_IRQHandler
                0x0800c6c0                ADC3_IRQHandler
                0x0800c6c0                TIM4_IRQHandler
                0x0800c6c0                DMA2_Channel1_IRQHandler
                0x0800c6c0                I2C1_EV_IRQHandler
                0x0800c6c0                DMA1_Channel6_IRQHandler
                0x0800c6c0                UART4_IRQHandler
                0x0800c6c0                RCC_IRQHandler
                0x0800c6c0                TIM1_TRG_COM_IRQHandler
                0x0800c6c0                DMA1_Channel1_IRQHandler
                0x0800c6c0                Default_Handler
                0x0800c6c0                EXTI15_10_IRQHandler
                0x0800c6c0                TIM7_IRQHandler
                0x0800c6c0                TIM5_IRQHandler
                0x0800c6c0                EXTI9_5_IRQHandler
                0x0800c6c0                SPI2_IRQHandler
                0x0800c6c0                DMA1_Channel5_IRQHandler
                0x0800c6c0                EXTI4_IRQHandler
                0x0800c6c0                USB_HP_CAN1_TX_IRQHandler
                0x0800c6c0                DMA1_Channel3_IRQHandler
                0x0800c6c0                FSMC_IRQHandler
                0x0800c6c0                TIM1_UP_IRQHandler
                0x0800c6c0                WWDG_IRQHandler
                0x0800c6c0                TIM2_IRQHandler
                0x0800c6c0                TIM1_BRK_IRQHandler
                0x0800c6c0                EXTI1_IRQHandler
                0x0800c6c0                DMA2_Channel4_5_IRQHandler
                0x0800c6c0                I2C2_ER_IRQHandler
                0x0800c6c0                DMA1_Channel2_IRQHandler
                0x0800c6c0                TIM8_BRK_IRQHandler
                0x0800c6c0                CAN1_SCE_IRQHandler
                0x0800c6c0                FLASH_IRQHandler
                0x0800c6c0                USART1_IRQHandler
                0x0800c6c0                SPI3_IRQHandler
                0x0800c6c0                I2C1_ER_IRQHandler
                0x0800c6c0                USBWakeUp_IRQHandler
                0x0800c6c0                DMA2_Channel3_IRQHandler
 .text.__cvt    0x0800c6c2       0xc8 /opt/st/stm32cubeide_2.0.0/plugins/com.st.stm32cube.ide.mcu.externaltools.gnu-tools-for-stm32.13.3.rel1.linux64_1.0.100.202509120712/tools/bin/../lib/gcc/arm-none-eabi/13.3.1/../../../../arm-none-eabi/lib/thumb/v7-m/nofp/libc_nano.a(libc_a-nano-vfprintf_float.o)
                0x0800c6c2                __cvt
 .text.__exponent
                0x0800c78a       0x74 /opt/st/stm32cubeide_2.0.0/plugins/com.st.stm32cube.ide.mcu.externaltools.gnu-tools-for-stm32.13.3.rel1.linux64_1.0.100.202509120712/tools/bin/../lib/gcc/arm-none-eabi/13.3.1/../../../../arm-none-eabi/lib/thumb/v7-m/nofp/libc_nano.a(libc_a-nano-vfprintf_float.o)
                0x0800c78a                __exponent
 *fill*         0x0800c7fe        0x2 
 .text._printf_float
                0x0800c800      0x458 /opt/st/stm32cubeide_2.0.0/plugins/com.st.stm32cube.ide.mcu.externaltools.gnu-tools-for-stm32.13.3.rel1.linux64_1.0.100.202509120712/tools/bin/../lib/gcc/arm-none-eabi/13.3.1/../../../../arm-none-eabi/lib/thumb/v7-m/nofp/libc_nano.a(libc_a-nano-vfprintf_float.o)
                0x0800c800                _printf_float
 .text._printf_common
                0x0800cc58       0xe4 /opt/st/stm32cubeide_2.0.0/plugins/com.st.stm32cube.ide.mcu.externaltools.gnu-tools-for-stm32.13.3.rel1.linux64_1.0.100.202509120712/tools/bin/../lib/gcc/arm-none-eabi/13.3.1/../../../../arm-none-eabi/lib/thumb/v7-m/nofp/libc_nano.a(libc_a-nano-vfprintf_i.o)
                0x0800cc58                _printf_common
 .text._printf_i
                0x0800cd3c      0x23c /opt/st/stm32cubeide_2.0.0/plugins/com.st.stm32cube.ide.mcu.externaltools.gnu-tools-for-stm32.13.3.rel1.linux64_1.0.100.202509120712/tools/bin/../lib/gcc/arm-none-eabi/13.3.1/../../../../arm-none-eabi/lib/thumb/v7-m/nofp/libc_nano.a(libc_a-nano-vfprintf_i.o)
                0x0800cd3c                _printf_i
 .text.std      0x0800cf78       0x6c /opt/st/stm32cubeide_2.0.0/plugins/com.st.stm32cube.ide.mcu.externaltools.gnu-tools-for-stm32.13.3.rel1.linux64_1.0.100.202509120712/tools/bin/../lib/gcc/arm-none-eabi/13.3.1/../../../../arm-none-eabi/lib/thumb/v7-m/nofp/libc_nano.a(libc_a-findfp.o)
 .text.stdio_exit_handler
                0x0800cfe4       0x18 /opt/st/stm32cubeide_2.0.0/plugins/com.st.stm32cube.ide.mcu.externaltools.gnu-tools-for-stm32.13.3.rel1.linux64_1.0.100.202509120712/tools/bin/../lib/gcc/arm-none-eabi/13.3.1/../../../../arm-none-eabi/lib/thumb/v7-m/nofp/libc_nano.a(libc_a-findfp.o)
 .text.cleanup_stdio
                0x0800cffc       0x40 /opt/st/stm32cubeide_2.0.0/plugins/com.st.stm32cube.ide.mcu.externaltools.gnu-tools-for-stm32.13.3.rel1.linux64_1.0.100.202509120712/tools/bin/../lib/gcc/arm-none-eabi/13.3.1/../../../../arm-none-eabi/lib/thumb/v7-m/nofp/libc_nano.a(libc_a-findfp.o)
 .text.global_stdio_init.part.0
                0x0800d03c       0x3c /opt/st/stm32cubeide_2.0.0/plugins/com.st.stm32cube.ide.mcu.externaltools.gnu-tools-for-stm32.13.3.rel1.linux64_1.0.100.202509120712/tools/bin/../lib/gcc/arm-none-eabi/13.3.1/../../../../arm-none-eabi/lib/thumb/v7-m/nofp/libc_nano.a(libc_a-findfp.o)
 .text.__sfp_lock_acquire
                0x0800d078        0xc /opt/st/stm32cubeide_2.0.0/plugins/com.st.stm32cube.ide.mcu.externaltools.gnu-tools-for-stm32.13.3.rel1.linux64_1.0.100.202509120712/tools/bin/../lib/gcc/arm-none-eabi/13.3.1/../../../../arm-none-eabi/lib/thumb/v7-m/nofp/libc_nano.a(libc_a-findfp.o)
                0x0800d078                __sfp_lock_acquire
 .text.__sfp_lock_release
                0x0800d084        0xc /opt/st/stm32cubeide_2.0.0/plugins/com.st.stm32cube.ide.mcu.externaltools.gnu-tools-for-stm32.13.3.rel1.linux64_1.0.100.202509120712/tools/bin/../lib/gcc/arm-none-eabi/13.3.1/../../../../arm-none-eabi/lib/thumb/v7-m/nofp/libc_nano.a(libc_a-findfp.o)
                0x0800d084                __sfp_lock_release
 .text.__sinit  0x0800d090       0x30 /opt/st/stm32cubeide_2.0.0/plugins/com.st.stm32cube.ide.mcu.externaltools.gnu-tools-for-stm32.13.3.rel1.linux64_1.0.100.202509120712/tools/bin/../lib/gcc/arm-none-eabi/13.3.1/../../../../arm-none-eabi/lib/thumb/v7-m/nofp/libc_nano.a(libc_a-findfp.o)
                0x0800d090                __sinit
 .text._fwalk_sglue
                0x0800d0c0       0x3c /opt/st/stm32cubeide_2.0.0/plugins/com.st.stm32cube.ide.mcu.externaltools.gnu-tools-for-stm32.13.3.rel1.linux64_1.0.100.202509120712/tools/bin/../lib/gcc/arm-none-eabi/13.3.1/../../../../arm-none-eabi/lib/thumb/v7-m/nofp/libc_nano.a(libc_a-fwalk.o)
                0x0800d0c0                _fwalk_sglue
 .text.snprintf
                0x0800d0fc       0x6c /opt/st/stm32cubeide_2.0.0/plugins/com.st.stm32cube.ide.mcu.externaltools.gnu-tools-for-stm32.13.3.rel1.linux64_1.0.100.202509120712/tools/bin/../lib/gcc/arm-none-eabi/13.3.1/../../../../arm-none-eabi/lib/thumb/v7-m/nofp/libc_nano.a(libc_a-snprintf.o)
                0x0800d0fc                snprintf
                0x0800d0fc                sniprintf
 .text.__sread  0x0800d168       0x22 /opt/st/stm32cubeide_2.0.0/plugins/com.st.stm32cube.ide.mcu.externaltools.gnu-tools-for-stm32.13.3.rel1.linux64_1.0.100.202509120712/tools/bin/../lib/gcc/arm-none-eabi/13.3.1/../../../../arm-none-eabi/lib/thumb/v7-m/nofp/libc_nano.a(libc_a-stdio.o)
                0x0800d168                __sread
 .text.__swrite
                0x0800d18a       0x38 /opt/st/stm32cubeide_2.0.0/plugins/com.st.stm32cube.ide.mcu.externaltools.gnu-tools-for-stm32.13.3.rel1.linux64_1.0.100.202509120712/tools/bin/../lib/gcc/arm-none-eabi/13.3.1/../../../../arm-none-eabi/lib/thumb/v7-m/nofp/libc_nano.a(libc_a-stdio.o)
                0x0800d18a                __swrite
 .text.__sseek  0x0800d1c2       0x24 /opt/st/stm32cubeide_2.0.0/plugins/com.st.stm32cube.ide.mcu.externaltools.gnu-tools-for-stm32.13.3.rel1.linux64_1.0.100.202509120712/tools/bin/../lib/gcc/arm-none-eabi/13.3.1/../../../../arm-none-eabi/lib/thumb/v7-m/nofp/libc_nano.a(libc_a-stdio.o)
                0x0800d1c2                __sseek
 .text.__sclose
                0x0800d1e6        0x8 /opt/st/stm32cubeide_2.0.0/plugins/com.st.stm32cube.ide.mcu.externaltools.gnu-tools-for-stm32.13.3.rel1.linux64_1.0.100.202509120712/tools/bin/../lib/gcc/arm-none-eabi/13.3.1/../../../../arm-none-eabi/lib/thumb/v7-m/nofp/libc_nano.a(libc_a-stdio.o)
                0x0800d1e6                __sclose
 .text.memset   0x0800d1ee       0x10 /opt/st/stm32cubeide_2.0.0/plugins/com.st.stm32cube.ide.mcu.externaltools.gnu-tools-for-stm32.13.3.rel1.linux64_1.0.100.202509120712/tools/bin/../lib/gcc/arm-none-eabi/13.3.1/../../../../arm-none-eabi/lib/thumb/v7-m/nofp/libc_nano.a(libc_a-memset.o)
                0x0800d1ee                memset
 *fill*         0x0800d1fe        0x2 
 .text._localeconv_r
                0x0800d200        0x8 /opt/st/stm32cubeide_2.0.0/plugins/com.st.stm32cube.ide.mcu.externaltools.gnu-tools-for-stm32.13.3.rel1.linux64_1.0.100.202509120712/tools/bin/../lib/gcc/arm-none-eabi/13.3.1/../../../../arm-none-eabi/lib/thumb/v7-m/nofp/libc_nano.a(libc_a-localeconv.o)
                0x0800d200                _localeconv_r
 .text._close_r
                0x0800d208       0x20 /opt/st/stm32cubeide_2.0.0/plugins/com.st.stm32cube.ide.mcu.externaltools.gnu-tools-for-stm32.13.3.rel1.linux64_1.0.100.202509120712/tools/bin/../lib/gcc/arm-none-eabi/13.3.1/../../../../arm-none-eabi/lib/thumb/v7-m/nofp/libc_nano.a(libc_a-closer.o)
                0x0800d208                _close_r
 .text._lseek_r
                0x0800d228       0x24 /opt/st/stm32cubeide_2.0.0/plugins/com.st.stm32cube.ide.mcu.externaltools.gnu-tools-for-stm32.13.3.rel1.linux64_1.0.100.202509120712/tools/bin/../lib/gcc/arm-none-eabi/13.3.1/../../../../arm-none-eabi/lib/thumb/v7-m/nofp/libc_nano.a(libc_a-lseekr.o)
                0x0800d228                _lseek_r
 .text._read_r  0x0800d24c       0x24 /opt/st/stm32cubeide_2.0.0/plugins/com.st.stm32cube.ide.mcu.externaltools.gnu-tools-for-stm32.13.3.rel1.linux64_1.0.100.202509120712/tools/bin/../lib/gcc/arm-none-eabi/13.3.1/../../../../arm-none-eabi/lib/thumb/v7-m/nofp/libc_nano.a(libc_a-readr.o)
                0x0800d24c                _read_r
 .text._write_r
                0x0800d270       0x24 /opt/st/stm32cubeide_2.0.0/plugins/com.st.stm32cube.ide.mcu.externaltools.gnu-tools-for-stm32.13.3.rel1.linux64_1.0.100.202509120712/tools/bin/../lib/gcc/arm-none-eabi/13.3.1/../../../../arm-none-eabi/lib/thumb/v7-m/nofp/libc_nano.a(libc_a-writer.o)
                0x0800d270                _write_r
 .text.__libc_init_array
                0x0800d294       0x48 /opt/st/stm32cubeide_2.0.0/plugins/com.st.stm32cube.ide.mcu.externaltools.gnu-tools-for-stm32.13.3.rel1.linux64_1.0.100.202509120712/tools/bin/../lib/gcc/arm-none-eabi/13.3.1/../../../../arm-none-eabi/lib/thumb/v7-m/nofp/libc_nano.a(libc_a-init.o)
                0x0800d294                __libc_init_array
 .text.__retarget_lock_init_recursive
                0x0800d2dc        0x2 /opt/st/stm32cubeide_2.0.0/plugins/com.st.stm32cube.ide.mcu.externaltools.gnu-tools-for-stm32.13.3.rel1.linux64_1.0.100.202509120712/tools/bin/../lib/gcc/arm-none-eabi/13.3.1/../../../../arm-none-eabi/lib/thumb/v7-m/nofp/libc_nano.a(libc_a-lock.o)
                0x0800d2dc                __retarget_lock_init_recursive
 .text.__retarget_lock_acquire_recursive
                0x0800d2de        0x2 /opt/st/stm32cubeide_2.0.0/plugins/com.st.stm32cube.ide.mcu.externaltools.gnu-tools-for-stm32.13.3.rel1.linux64_1.0.100.202509120712/tools/bin/../lib/gcc/arm-none-eabi/13.3.1/../../../../arm-none-eabi/lib/thumb/v7-m/nofp/libc_nano.a(libc_a-lock.o)
                0x0800d2de                __retarget_lock_acquire_recursive
 .text.__retarget_lock_release_recursive
                0x0800d2e0        0x2 /opt/st/stm32cubeide_2.0.0/plugins/com.st.stm32cube.ide.mcu.externaltools.gnu-tools-for-stm32.13.3.rel1.linux64_1.0.100.202509120712/tools/bin/../lib/gcc/arm-none-eabi/13.3.1/../../../../arm-none-eabi/lib/thumb/v7-m/nofp/libc_nano.a(libc_a-lock.o)
                0x0800d2e0                __retarget_lock_release_recursive
 .text.memchr   0x0800d2e2       0x1c /opt/st/stm32cubeide_2.0.0/plugins/com.st.stm32cube.ide.mcu.externaltools.gnu-tools-for-stm32.13.3.rel1.linux64_1.0.100.202509120712/tools/bin/../lib/gcc/arm-none-eabi/13.3.1/../../../../arm-none-eabi/lib/thumb/v7-m/nofp/libc_nano.a(libc_a-memchr-stub.o)
                0x0800d2e2                memchr
 .text.quorem   0x0800d2fe      0x110 /opt/st/stm32cubeide_2.0.0/plugins/com.st.stm32cube.ide.mcu.externaltools.gnu-tools-for-stm32.13.3.rel1.linux64_1.0.100.202509120712/tools/bin/../lib/gcc/arm-none-eabi/13.3.1/../../../../arm-none-eabi/lib/thumb/v7-m/nofp/libc_nano.a(libc_a-dtoa.o)
 *fill*         0x0800d40e        0x2 
 .text._dtoa_r  0x0800d410      0xba8 /opt/st/stm32cubeide_2.0.0/plugins/com.st.stm32cube.ide.mcu.externaltools.gnu-tools-for-stm32.13.3.rel1.linux64_1.0.100.202509120712/tools/bin/../lib/gcc/arm-none-eabi/13.3.1/../../../../arm-none-eabi/lib/thumb/v7-m/nofp/libc_nano.a(libc_a-dtoa.o)
                0x0800d410                _dtoa_r
 .text._free_r  0x0800dfb8       0x90 /opt/st/stm32cubeide_2.0.0/plugins/com.st.stm32cube.ide.mcu.externaltools.gnu-tools-for-stm32.13.3.rel1.linux64_1.0.100.202509120712/tools/bin/../lib/gcc/arm-none-eabi/13.3.1/../../../../arm-none-eabi/lib/thumb/v7-m/nofp/libc_nano.a(libc_a-freer.o)
                0x0800dfb8                _free_r
 .text.malloc   0x0800e048       0x10 /opt/st/stm32cubeide_2.0.0/plugins/com.st.stm32cube.ide.mcu.externaltools.gnu-tools-for-stm32.13.3.rel1.linux64_1.0.100.202509120712/tools/bin/../lib/gcc/arm-none-eabi/13.3.1/../../../../arm-none-eabi/lib/thumb/v7-m/nofp/libc_nano.a(libc_a-malloc.o)
                0x0800e048                malloc
 .text.sbrk_aligned
                0x0800e058       0x44 /opt/st/stm32cubeide_2.0.0/plugins/com.st.stm32cube.ide.mcu.externaltools.gnu-tools-for-stm32.13.3.rel1.linux64_1.0.100.202509120712/tools/bin/../lib/gcc/arm-none-eabi/13.3.1/../../../../arm-none-eabi/lib/thumb/v7-m/nofp/libc_nano.a(libc_a-mallocr.o)
 .text._malloc_r
                0x0800e09c      0x100 /opt/st/stm32cubeide_2.0.0/plugins/com.st.stm32cube.ide.mcu.externaltools.gnu-tools-for-stm32.13.3.rel1.linux64_1.0.100.202509120712/tools/bin/../lib/gcc/arm-none-eabi/13.3.1/../../../../arm-none-eabi/lib/thumb/v7-m/nofp/libc_nano.a(libc_a-mallocr.o)
                0x0800e09c                _malloc_r
 .text.__malloc_lock
                0x0800e19c        0xc /opt/st/stm32cubeide_2.0.0/plugins/com.st.stm32cube.ide.mcu.externaltools.gnu-tools-for-stm32.13.3.rel1.linux64_1.0.100.202509120712/tools/bin/../lib/gcc/arm-none-eabi/13.3.1/../../../../arm-none-eabi/lib/thumb/v7-m/nofp/libc_nano.a(libc_a-mlock.o)
                0x0800e19c                __malloc_lock
 .text.__malloc_unlock
                0x0800e1a8        0xc /opt/st/stm32cubeide_2.0.0/plugins/com.st.stm32cube.ide.mcu.externaltools.gnu-tools-for-stm32.13.3.rel1.linux64_1.0.100.202509120712/tools/bin/../lib/gcc/arm-none-eabi/13.3.1/../../../../arm-none-eabi/lib/thumb/v7-m/nofp/libc_nano.a(libc_a-mlock.o)
                0x0800e1a8                __malloc_unlock
 .text._Balloc  0x0800e1b4       0x80 /opt/st/stm32cubeide_2.0.0/plugins/com.st.stm32cube.ide.mcu.externaltools.gnu-tools-for-stm32.13.3.rel1.linux64_1.0.100.202509120712/tools/bin/../lib/gcc/arm-none-eabi/13.3.1/../../../../arm-none-eabi/lib/thumb/v7-m/nofp/libc_nano.a(libc_a-mprec.o)
                0x0800e1b4                _Balloc
 .text._Bfree   0x0800e234       0x44 /opt/st/stm32cubeide_2.0.0/plugins/com.st.stm32cube.ide.mcu.externaltools.gnu-tools-for-stm32.13.3.rel1.linux64_1.0.100.202509120712/tools/bin/../lib/gcc/arm-none-eabi/13.3.1/../../../../arm-none-eabi/lib/thumb/v7-m/nofp/libc_nano.a(libc_a-mprec.o)
                0x0800e234                _Bfree
 .text.__multadd
                0x0800e278       0x8c /opt/st/stm32cubeide_2.0.0/plugins/com.st.stm32cube.ide.mcu.externaltools.gnu-tools-for-stm32.13.3.rel1.linux64_1.0.100.202509120712/tools/bin/../lib/gcc/arm-none-eabi/13.3.1/../../../../arm-none-eabi/lib/thumb/v7-m/nofp/libc_nano.a(libc_a-mprec.o)
                0x0800e278                __multadd
 .text.__hi0bits
                0x0800e304       0x3e /opt/st/stm32cubeide_2.0.0/plugins/com.st.stm32cube.ide.mcu.externaltools.gnu-tools-for-stm32.13.3.rel1.linux64_1.0.100.202509120712/tools/bin/../lib/gcc/arm-none-eabi/13.3.1/../../../../arm-none-eabi/lib/thumb/v7-m/nofp/libc_nano.a(libc_a-mprec.o)
                0x0800e304                __hi0bits
 .text.__lo0bits
                0x0800e342       0x5a /opt/st/stm32cubeide_2.0.0/plugins/com.st.stm32cube.ide.mcu.externaltools.gnu-tools-for-stm32.13.3.rel1.linux64_1.0.100.202509120712/tools/bin/../lib/gcc/arm-none-eabi/13.3.1/../../../../arm-none-eabi/lib/thumb/v7-m/nofp/libc_nano.a(libc_a-mprec.o)
                0x0800e342                __lo0bits
 .text.__i2b    0x0800e39c       0x2c /opt/st/stm32cubeide_2.0.0/plugins/com.st.stm32cube.ide.mcu.externaltools.gnu-tools-for-stm32.13.3.rel1.linux64_1.0.100.202509120712/tools/bin/../lib/gcc/arm-none-eabi/13.3.1/../../../../arm-none-eabi/lib/thumb/v7-m/nofp/libc_nano.a(libc_a-mprec.o)
                0x0800e39c                __i2b
 .text.__multiply
                0x0800e3c8      0x144 /opt/st/stm32cubeide_2.0.0/plugins/com.st.stm32cube.ide.mcu.externaltools.gnu-tools-for-stm32.13.3.rel1.linux64_1.0.100.202509120712/tools/bin/../lib/gcc/arm-none-eabi/13.3.1/../../../../arm-none-eabi/lib/thumb/v7-m/nofp/libc_nano.a(libc_a-mprec.o)
                0x0800e3c8                __multiply
 .text.__pow5mult
                0x0800e50c       0xb4 /opt/st/stm32cubeide_2.0.0/plugins/com.st.stm32cube.ide.mcu.externaltools.gnu-tools-for-stm32.13.3.rel1.linux64_1.0.100.202509120712/tools/bin/../lib/gcc/arm-none-eabi/13.3.1/../../../../arm-none-eabi/lib/thumb/v7-m/nofp/libc_nano.a(libc_a-mprec.o)
                0x0800e50c                __pow5mult
 .text.__lshift
                0x0800e5c0       0xd8 /opt/st/stm32cubeide_2.0.0/plugins/com.st.stm32cube.ide.mcu.externaltools.gnu-tools-for-stm32.13.3.rel1.linux64_1.0.100.202509120712/tools/bin/../lib/gcc/arm-none-eabi/13.3.1/../../../../arm-none-eabi/lib/thumb/v7-m/nofp/libc_nano.a(libc_a-mprec.o)
                0x0800e5c0                __lshift
 .text.__mcmp   0x0800e698       0x36 /opt/st/stm32cubeide_2.0.0/plugins/com.st.stm32cube.ide.mcu.externaltools.gnu-tools-for-stm32.13.3.rel1.linux64_1.0.100.202509120712/tools/bin/../lib/gcc/arm-none-eabi/13.3.1/../../../../arm-none-eabi/lib/thumb/v7-m/nofp/libc_nano.a(libc_a-mprec.o)
                0x0800e698                __mcmp
 *fill*         0x0800e6ce        0x2 
 .text.__mdiff  0x0800e6d0      0x128 /opt/st/stm32cubeide_2.0.0/plugins/com.st.stm32cube.ide.mcu.externaltools.gnu-tools-for-stm32.13.3.rel1.linux64_1.0.100.202509120712/tools/bin/../lib/gcc/arm-none-eabi/13.3.1/../../../../arm-none-eabi/lib/thumb/v7-m/nofp/libc_nano.a(libc_a-mprec.o)
                0x0800e6d0                __mdiff
 .text.__d2b    0x0800e7f8       0xb0 /opt/st/stm32cubeide_2.0.0/plugins/com.st.stm32cube.ide.mcu.externaltools.gnu-tools-for-stm32.13.3.rel1.linux64_1.0.100.202509120712/tools/bin/../lib/gcc/arm-none-eabi/13.3.1/../../../../arm-none-eabi/lib/thumb/v7-m/nofp/libc_nano.a(libc_a-mprec.o)
                0x0800e7f8                __d2b
 .text.__ssputs_r
                0x0800e8a8       0xb6 /opt/st/stm32cubeide_2.0.0/plugins/com.st.stm32cube.ide.mcu.externaltools.gnu-tools-for-stm32.13.3.rel1.linux64_1.0.100.202509120712/tools/bin/../lib/gcc/arm-none-eabi/13.3.1/../../../../arm-none-eabi/lib/thumb/v7-m/nofp/libc_nano.a(libc_a-nano-svfprintf.o)
                0x0800e8a8                __ssputs_r
 *fill*         0x0800e95e        0x2 
 .text._svfprintf_r
                0x0800e960      0x1f8 /opt/st/stm32cubeide_2.0.0/plugins/com.st.stm32cube.ide.mcu.externaltools.gnu-tools-for-stm32.13.3.rel1.linux64_1.0.100.202509120712/tools/bin/../lib/gcc/arm-none-eabi/13.3.1/../../../../arm-none-eabi/lib/thumb/v7-m/nofp/libc_nano.a(libc_a-nano-svfprintf.o)
                0x0800e960                _svfprintf_r
                0x0800e960                _svfiprintf_r
 .text.__sflush_r
                0x0800eb58      0x100 /opt/st/stm32cubeide_2.0.0/plugins/com.st.stm32cube.ide.mcu.externaltools.gnu-tools-for-stm32.13.3.rel1.linux64_1.0.100.202509120712/tools/bin/../lib/gcc/arm-none-eabi/13.3.1/../../../../arm-none-eabi/lib/thumb/v7-m/nofp/libc_nano.a(libc_a-fflush.o)
                0x0800eb58                __sflush_r
 .text._fflush_r
                0x0800ec58       0x50 /opt/st/stm32cubeide_2.0.0/plugins/com.st.stm32cube.ide.mcu.externaltools.gnu-tools-for-stm32.13.3.rel1.linux64_1.0.100.202509120712/tools/bin/../lib/gcc/arm-none-eabi/13.3.1/../../../../arm-none-eabi/lib/thumb/v7-m/nofp/libc_nano.a(libc_a-fflush.o)
                0x0800ec58                _fflush_r
 .text.memmove  0x0800eca8       0x34 /opt/st/stm32cubeide_2.0.0/plugins/com.st.stm32cube.ide.mcu.externaltools.gnu-tools-for-stm32.13.3.rel1.linux64_1.0.100.202509120712/tools/bin/../lib/gcc/arm-none-eabi/13.3.1/../../../../arm-none-eabi/lib/thumb/v7-m/nofp/libc_nano.a(libc_a-memmove.o)
                0x0800eca8                memmove
 .text._sbrk_r  0x0800ecdc       0x20 /opt/st/stm32cubeide_2.0.0/plugins/com.st.stm32cube.ide.mcu.externaltools.gnu-tools-for-stm32.13.3.rel1.linux64_1.0.100.202509120712/tools/bin/../lib/gcc/arm-none-eabi/13.3.1/../../../../arm-none-eabi/lib/thumb/v7-m/nofp/libc_nano.a(libc_a-sbrkr.o)
                0x0800ecdc                _sbrk_r
 .text.memcpy   0x0800ecfc       0x1c /opt/st/stm32cubeide_2.0.0/plugins/com.st.stm32cube.ide.mcu.externaltools.gnu-tools-for-stm32.13.3.rel1.linux64_1.0.100.202509120712/tools/bin/../lib/gcc/arm-none-eabi/13.3.1/../../../../arm-none-eabi/lib/thumb/v7-m/nofp/libc_nano.a(libc_a-memcpy-stub.o)
                0x0800ecfc                memcpy
 .text.__assert_func
                0x0800ed18       0x3c /opt/st/stm32cubeide_2.0.0/plugins/com.st.stm32cube.ide.mcu.externaltools.gnu-tools-for-stm32.13.3.rel1.linux64_1.0.100.202509120712/tools/bin/../lib/gcc/arm-none-eabi/13.3.1/../../../../arm-none-eabi/lib/thumb/v7-m/nofp/libc_nano.a(libc_a-assert.o)
                0x0800ed18                __assert_func
 .text._calloc_r
                0x0800ed54       0x28 /opt/st/stm32cubeide_2.0.0/plugins/com.st.stm32cube.ide.mcu.externaltools.gnu-tools-for-stm32.13.3.rel1.linux64_1.0.100.202509120712/tools/bin/../lib/gcc/arm-none-eabi/13.3.1/../../../../arm-none-eabi/lib/thumb/v7-m/nofp/libc_nano.a(libc_a-callocr.o)
                0x0800ed54                _calloc_r
 .text.__ascii_mbtowc
                0x0800ed7c       0x24 /opt/st/stm32cubeide_2.0.0/plugins/com.st.stm32cube.ide.mcu.externaltools.gnu-tools-for-stm32.13.3.rel1.linux64_1.0.100.202509120712/tools/bin/../lib/gcc/arm-none-eabi/13.3.1/../../../../arm-none-eabi/lib/thumb/v7-m/nofp/libc_nano.a(libc_a-mbtowc_r.o)
                0x0800ed7c                __ascii_mbtowc
 .text._realloc_r
                0x0800eda0       0x5c /opt/st/stm32cubeide_2.0.0/plugins/com.st.stm32cube.ide.mcu.externaltools.gnu-tools-for-stm32.13.3.rel1.linux64_1.0.100.202509120712/tools/bin/../lib/gcc/arm-none-eabi/13.3.1/../../../../arm-none-eabi/lib/thumb/v7-m/nofp/libc_nano.a(libc_a-reallocr.o)
                0x0800eda0                _realloc_r
 .text.__ascii_wctomb
                0x0800edfc       0x1a /opt/st/stm32cubeide_2.0.0/plugins/com.st.stm32cube.ide.mcu.externaltools.gnu-tools-for-stm32.13.3.rel1.linux64_1.0.100.202509120712/tools/bin/../lib/gcc/arm-none-eabi/13.3.1/../../../../arm-none-eabi/lib/thumb/v7-m/nofp/libc_nano.a(libc_a-wctomb_r.o)
                0x0800edfc                __ascii_wctomb
 *fill*         0x0800ee16        0x2 
 .text.fprintf  0x0800ee18       0x24 /opt/st/stm32cubeide_2.0.0/plugins/com.st.stm32cube.ide.mcu.externaltools.gnu-tools-for-stm32.13.3.rel1.linux64_1.0.100.202509120712/tools/bin/../lib/gcc/arm-none-eabi/13.3.1/../../../../arm-none-eabi/lib/thumb/v7-m/nofp/libc_nano.a(libc_a-fprintf.o)
                0x0800ee18                fprintf
                0x0800ee18                fiprintf
 .text.abort    0x0800ee3c        0xe /opt/st/stm32cubeide_2.0.0/plugins/com.st.stm32cube.ide.mcu.externaltools.gnu-tools-for-stm32.13.3.rel1.linux64_1.0.100.202509120712/tools/bin/../lib/gcc/arm-none-eabi/13.3.1/../../../../arm-none-eabi/lib/thumb/v7-m/nofp/libc_nano.a(libc_a-abort.o)
                0x0800ee3c                abort
 .text._malloc_usable_size_r
                0x0800ee4a       0x10 /opt/st/stm32cubeide_2.0.0/plugins/com.st.stm32cube.ide.mcu.externaltools.gnu-tools-for-stm32.13.3.rel1.linux64_1.0.100.202509120712/tools/bin/../lib/gcc/arm-none-eabi/13.3.1/../../../../arm-none-eabi/lib/thumb/v7-m/nofp/libc_nano.a(libc_a-msizer.o)
                0x0800ee4a                _malloc_usable_size_r
 .text.__sfputc_r
                0x0800ee5a       0x2a /opt/st/stm32cubeide_2.0.0/plugins/com.st.stm32cube.ide.mcu.externaltools.gnu-tools-for-stm32.13.3.rel1.linux64_1.0.100.202509120712/tools/bin/../lib/gcc/arm-none-eabi/13.3.1/../../../../arm-none-eabi/lib/thumb/v7-m/nofp/libc_nano.a(libc_a-nano-vfprintf.o)
 .text.__sfputs_r
                0x0800ee84       0x24 /opt/st/stm32cubeide_2.0.0/plugins/com.st.stm32cube.ide.mcu.externaltools.gnu-tools-for-stm32.13.3.rel1.linux64_1.0.100.202509120712/tools/bin/../lib/gcc/arm-none-eabi/13.3.1/../../../../arm-none-eabi/lib/thumb/v7-m/nofp/libc_nano.a(libc_a-nano-vfprintf.o)
                0x0800ee84                __sfputs_r
 .text._vfprintf_r
                0x0800eea8      0x230 /opt/st/stm32cubeide_2.0.0/plugins/com.st.stm32cube.ide.mcu.externaltools.gnu-tools-for-stm32.13.3.rel1.linux64_1.0.100.202509120712/tools/bin/../lib/gcc/arm-none-eabi/13.3.1/../../../../arm-none-eabi/lib/thumb/v7-m/nofp/libc_nano.a(libc_a-nano-vfprintf.o)
                0x0800eea8                _vfiprintf_r
                0x0800eea8                _vfprintf_r
 .text.__swbuf_r
                0x0800f0d8       0x7c /opt/st/stm32cubeide_2.0.0/plugins/com.st.stm32cube.ide.mcu.externaltools.gnu-tools-for-stm32.13.3.rel1.linux64_1.0.100.202509120712/tools/bin/../lib/gcc/arm-none-eabi/13.3.1/../../../../arm-none-eabi/lib/thumb/v7-m/nofp/libc_nano.a(libc_a-wbuf.o)
                0x0800f0d8                __swbuf_r
 .text.__swsetup_r
                0x0800f154       0xac /opt/st/stm32cubeide_2.0.0/plugins/com.st.stm32cube.ide.mcu.externaltools.gnu-tools-for-stm32.13.3.rel1.linux64_1.0.100.202509120712/tools/bin/../lib/gcc/arm-none-eabi/13.3.1/../../../../arm-none-eabi/lib/thumb/v7-m/nofp/libc_nano.a(libc_a-wsetup.o)
                0x0800f154                __swsetup_r
 .text._raise_r
                0x0800f200       0x50 /opt/st/stm32cubeide_2.0.0/plugins/com.st.stm32cube.ide.mcu.externaltools.gnu-tools-for-stm32.13.3.rel1.linux64_1.0.100.202509120712/tools/bin/../lib/gcc/arm-none-eabi/13.3.1/../../../../arm-none-eabi/lib/thumb/v7-m/nofp/libc_nano.a(libc_a-signal.o)
                0x0800f200                _raise_r
 .text.raise    0x0800f250       0x10 /opt/st/stm32cubeide_2.0.0/plugins/com.st.stm32cube.ide.mcu.externaltools.gnu-tools-for-stm32.13.3.rel1.linux64_1.0.100.202509120712/tools/bin/../lib/gcc/arm-none-eabi/13.3.1/../../../../arm-none-eabi/lib/thumb/v7-m/nofp/libc_nano.a(libc_a-signal.o)
                0x0800f250                raise
 .text._kill_r  0x0800f260       0x24 /opt/st/stm32cubeide_2.0.0/plugins/com.st.stm32cube.ide.mcu.externaltools.gnu-tools-for-stm32.13.3.rel1.linux64_1.0.100.202509120712/tools/bin/../lib/gcc/arm-none-eabi/13.3.1/../../../../arm-none-eabi/lib/thumb/v7-m/nofp/libc_nano.a(libc_a-signalr.o)
                0x0800f260                _kill_r
 .text._getpid_r
                0x0800f284        0x4 /opt/st/stm32cubeide_2.0.0/plugins/com.st.stm32cube.ide.mcu.externaltools.gnu-tools-for-stm32.13.3.rel1.linux64_1.0.100.202509120712/tools/bin/../lib/gcc/arm-none-eabi/13.3.1/../../../../arm-none-eabi/lib/thumb/v7-m/nofp/libc_nano.a(libc_a-signalr.o)
                0x0800f284                _getpid_r
 .text.__swhatbuf_r
                0x0800f288       0x4a /opt/st/stm32cubeide_2.0.0/plugins/com.st.stm32cube.ide.mcu.externaltools.gnu-tools-for-stm32.13.3.rel1.linux64_1.0.100.202509120712/tools/bin/../lib/gcc/arm-none-eabi/13.3.1/../../../../arm-none-eabi/lib/thumb/v7-m/nofp/libc_nano.a(libc_a-makebuf.o)
                0x0800f288                __swhatbuf_r
 .text.__smakebuf_r
                0x0800f2d2       0x78 /opt/st/stm32cubeide_2.0.0/plugins/com.st.stm32cube.ide.mcu.externaltools.gnu-tools-for-stm32.13.3.rel1.linux64_1.0.100.202509120712/tools/bin/../lib/gcc/arm-none-eabi/13.3.1/../../../../arm-none-eabi/lib/thumb/v7-m/nofp/libc_nano.a(libc_a-makebuf.o)
                0x0800f2d2                __smakebuf_r
 *fill*         0x0800f34a        0x2 
 .text._fstat_r
                0x0800f34c       0x24 /opt/st/stm32cubeide_2.0.0/plugins/com.st.stm32cube.ide.mcu.externaltools.gnu-tools-for-stm32.13.3.rel1.linux64_1.0.100.202509120712/tools/bin/../lib/gcc/arm-none-eabi/13.3.1/../../../../arm-none-eabi/lib/thumb/v7-m/nofp/libc_nano.a(libc_a-fstatr.o)
                0x0800f34c                _fstat_r
 .text._isatty_r
                0x0800f370       0x20 /opt/st/stm32cubeide_2.0.0/plugins/com.st.stm32cube.ide.mcu.externaltools.gnu-tools-for-stm32.13.3.rel1.linux64_1.0.100.202509120712/tools/bin/../lib/gcc/arm-none-eabi/13.3.1/../../../../arm-none-eabi/lib/thumb/v7-m/nofp/libc_nano.a(libc_a-isattyr.o)
                0x0800f370                _isatty_r
 .text._close   0x0800f390       0x10 /opt/st/stm32cubeide_2.0.0/plugins/com.st.stm32cube.ide.mcu.externaltools.gnu-tools-for-stm32.13.3.rel1.linux64_1.0.100.202509120712/tools/bin/../lib/gcc/arm-none-eabi/13.3.1/../../../../arm-none-eabi/lib/thumb/v7-m/nofp/libnosys.a(close.o)
                0x0800f390                _close
 .text._fstat   0x0800f3a0       0x10 /opt/st/stm32cubeide_2.0.0/plugins/com.st.stm32cube.ide.mcu.externaltools.gnu-tools-for-stm32.13.3.rel1.linux64_1.0.100.202509120712/tools/bin/../lib/gcc/arm-none-eabi/13.3.1/../../../../arm-none-eabi/lib/thumb/v7-m/nofp/libnosys.a(fstat.o)
                0x0800f3a0                _fstat
 .text._getpid  0x0800f3b0       0x10 /opt/st/stm32cubeide_2.0.0/plugins/com.st.stm32cube.ide.mcu.externaltools.gnu-tools-for-stm32.13.3.rel1.linux64_1.0.100.202509120712/tools/bin/../lib/gcc/arm-none-eabi/13.3.1/../../../../arm-none-eabi/lib/thumb/v7-m/nofp/libnosys.a(getpid.o)
                0x0800f3b0                _getpid
 .text._isatty  0x0800f3c0       0x10 /opt/st/stm32cubeide_2.0.0/plugins/com.st.stm32cube.ide.mcu.externaltools.gnu-tools-for-stm32.13.3.rel1.linux64_1.0.100.202509120712/tools/bin/../lib/gcc/arm-none-eabi/13.3.1/../../../../arm-none-eabi/lib/thumb/v7-m/nofp/libnosys.a(isatty.o)
                0x0800f3c0                _isatty
 .text._kill    0x0800f3d0       0x10 /opt/st/stm32cubeide_2.0.0/plugins/com.st.stm32cube.ide.mcu.externaltools.gnu-tools-for-stm32.13.3.rel1.linux64_1.0.100.202509120712/tools/bin/../lib/gcc/arm-none-eabi/13.3.1/../../../../arm-none-eabi/lib/thumb/v7-m/nofp/libnosys.a(kill.o)
                0x0800f3d0                _kill
 .text._lseek   0x0800f3e0       0x10 /opt/st/stm32cubeide_2.0.0/plugins/com.st.stm32cube.ide.mcu.externaltools.gnu-tools-for-stm32.13.3.rel1.linux64_1.0.100.202509120712/tools/bin/../lib/gcc/arm-none-eabi/13.3.1/../../../../arm-none-eabi/lib/thumb/v7-m/nofp/libnosys.a(lseek.o)
                0x0800f3e0                _lseek
 .text._read    0x0800f3f0       0x10 /opt/st/stm32cubeide_2.0.0/plugins/com.st.stm32cube.ide.mcu.externaltools.gnu-tools-for-stm32.13.3.rel1.linux64_1.0.100.202509120712/tools/bin/../lib/gcc/arm-none-eabi/13.3.1/../../../../arm-none-eabi/lib/thumb/v7-m/nofp/libnosys.a(read.o)
                0x0800f3f0                _read
 .text._sbrk    0x0800f400       0x1c /opt/st/stm32cubeide_2.0.0/plugins/com.st.stm32cube.ide.mcu.externaltools.gnu-tools-for-stm32.13.3.rel1.linux64_1.0.100.202509120712/tools/bin/../lib/gcc/arm-none-eabi/13.3.1/../../../../arm-none-eabi/lib/thumb/v7-m/nofp/libnosys.a(sbrk.o)
                0x0800f400                _sbrk
 .text._write   0x0800f41c       0x10 /opt/st/stm32cubeide_2.0.0/plugins/com.st.stm32cube.ide.mcu.externaltools.gnu-tools-for-stm32.13.3.rel1.linux64_1.0.100.202509120712/tools/bin/../lib/gcc/arm-none-eabi/13.3.1/../../../../arm-none-eabi/lib/thumb/v7-m/nofp/libnosys.a(write.o)
                0x0800f41c                _write
 .text._exit    0x0800f42c        0x2 /opt/st/stm32cubeide_2.0.0/plugins/com.st.stm32cube.ide.mcu.externaltools.gnu-tools-for-stm32.13.3.rel1.linux64_1.0.100.202509120712/tools/bin/../lib/gcc/arm-none-eabi/13.3.1/../../../../arm-none-eabi/lib/thumb/v7-m/nofp/libnosys.a(_exit.o)
                0x0800f42c                _exit
 *(.glue_7)
 .glue_7        0x0800f42e        0x0 linker stubs
 *(.glue_7t)
 .glue_7t       0x0800f42e        0x0 linker stubs
 *(.eh_frame)
 *fill*         0x0800f42e        0x2 
 .eh_frame      0x0800f430        0x0 /opt/st/stm32cubeide_2.0.0/plugins/com.st.stm32cube.ide.mcu.externaltools.gnu-tools-for-stm32.13.3.rel1.linux64_1.0.100.202509120712/tools/bin/../lib/gcc/arm-none-eabi/13.3.1/thumb/v7-m/nofp/crtbegin.o
 *(.init)
 .init          0x0800f430        0x4 /opt/st/stm32cubeide_2.0.0/plugins/com.st.stm32cube.ide.mcu.externaltools.gnu-tools-for-stm32.13.3.rel1.linux64_1.0.100.202509120712/tools/bin/../lib/gcc/arm-none-eabi/13.3.1/thumb/v7-m/nofp/crti.o
                0x0800f430                _init
 .init          0x0800f434        0x8 /opt/st/stm32cubeide_2.0.0/plugins/com.st.stm32cube.ide.mcu.externaltools.gnu-tools-for-stm32.13.3.rel1.linux64_1.0.100.202509120712/tools/bin/../lib/gcc/arm-none-eabi/13.3.1/thumb/v7-m/nofp/crtn.o
 *(.fini)
 .fini          0x0800f43c        0x4 /opt/st/stm32cubeide_2.0.0/plugins/com.st.stm32cube.ide.mcu.externaltools.gnu-tools-for-stm32.13.3.rel1.linux64_1.0.100.202509120712/tools/bin/../lib/gcc/arm-none-eabi/13.3.1/thumb/v7-m/nofp/crti.o
                0x0800f43c                _fini
 .fini          0x0800f440        0x8 /opt/st/stm32cubeide_2.0.0/plugins/com.st.stm32cube.ide.mcu.externaltools.gnu-tools-for-stm32.13.3.rel1.linux64_1.0.100.202509120712/tools/bin/../lib/gcc/arm-none-eabi/13.3.1/thumb/v7-m/nofp/crtn.o
                0x0800f448                        . = ALIGN (0x4)
                0x0800f448                        _etext = .

.vfp11_veneer   0x0800f448        0x0
 .vfp11_veneer  0x0800f448        0x0 linker stubs

.v4_bx          0x0800f448        0x0
 .v4_bx         0x0800f448        0x0 linker stubs

.iplt           0x0800f448        0x0
 .iplt          0x0800f448        0x0 /opt/st/stm32cubeide_2.0.0/plugins/com.st.stm32cube.ide.mcu.externaltools.gnu-tools-for-stm32.13.3.rel1.linux64_1.0.100.202509120712/tools/bin/../lib/gcc/arm-none-eabi/13.3.1/thumb/v7-m/nofp/crtbegin.o

.rodata         0x0800f448      0x47c
                0x0800f448                        . = ALIGN (0x4)
 *(.rodata)
 .rodata        0x0800f448       0x92 ./Core/Src/usb_debug.o
 *fill*         0x0800f4da        0x2 
 .rodata        0x0800f4dc       0x46 ./USB_DEVICE/App/usbd_desc.o
 *(.rodata*)
 *fill*         0x0800f522        0x2 
 .rodata.AHBPrescTable
                0x0800f524       0x10 ./Core/Src/system_stm32f1xx.o
                0x0800f524                AHBPrescTable
 .rodata.APBPrescTable
                0x0800f534        0x8 ./Core/Src/system_stm32f1xx.o
                0x0800f534                APBPrescTable
 .rodata.aPLLMULFactorTable.1
                0x0800f53c       0x10 ./Drivers/STM32F1xx_HAL_Driver/Src/stm32f1xx_hal_rcc.o
 .rodata.aPredivFactorTable.0
                0x0800f54c        0x2 ./Drivers/STM32F1xx_HAL_Driver/Src/stm32f1xx_hal_rcc.o
 .rodata._printf_float.str1.1
                0x0800f54e      0x171 /opt/st/stm32cubeide_2.0.0/plugins/com.st.stm32cube.ide.mcu.externaltools.gnu-tools-for-stm32.13.3.rel1.linux64_1.0.100.202509120712/tools/bin/../lib/gcc/arm-none-eabi/13.3.1/../../../../arm-none-eabi/lib/thumb/v7-m/nofp/libc_nano.a(libc_a-nano-vfprintf_float.o)
                                 0x12 (size before relaxing)
 .rodata._printf_i.str1.1
                0x0800f6bf        0x0 /opt/st/stm32cubeide_2.0.0/plugins/com.st.stm32cube.ide.mcu.externaltools.gnu-tools-for-stm32.13.3.rel1.linux64_1.0.100.202509120712/tools/bin/../lib/gcc/arm-none-eabi/13.3.1/../../../../arm-none-eabi/lib/thumb/v7-m/nofp/libc_nano.a(libc_a-nano-vfprintf_i.o)
                                 0x22 (size before relaxing)
 .rodata._dtoa_r.str1.1
                0x0800f6bf        0x0 /opt/st/stm32cubeide_2.0.0/plugins/com.st.stm32cube.ide.mcu.externaltools.gnu-tools-for-stm32.13.3.rel1.linux64_1.0.100.202509120712/tools/bin/../lib/gcc/arm-none-eabi/13.3.1/../../../../arm-none-eabi/lib/thumb/v7-m/nofp/libc_nano.a(libc_a-dtoa.o)
                                 0x8f (size before relaxing)
 .rodata._Balloc.str1.1
                0x0800f6bf        0x0 /opt/st/stm32cubeide_2.0.0/plugins/com.st.stm32cube.ide.mcu.externaltools.gnu-tools-for-stm32.13.3.rel1.linux64_1.0.100.202509120712/tools/bin/../lib/gcc/arm-none-eabi/13.3.1/../../../../arm-none-eabi/lib/thumb/v7-m/nofp/libc_nano.a(libc_a-mprec.o)
                                 0x70 (size before relaxing)
 .rodata.__multadd.str1.1
                0x0800f6bf        0x0 /opt/st/stm32cubeide_2.0.0/plugins/com.st.stm32cube.ide.mcu.externaltools.gnu-tools-for-stm32.13.3.rel1.linux64_1.0.100.202509120712/tools/bin/../lib/gcc/arm-none-eabi/13.3.1/../../../../arm-none-eabi/lib/thumb/v7-m/nofp/libc_nano.a(libc_a-mprec.o)
                                 0x11 (size before relaxing)
 *fill*         0x0800f6bf        0x1 
 .rodata.p05.0  0x0800f6c0        0xc /opt/st/stm32cubeide_2.0.0/plugins/com.st.stm32cube.ide.mcu.externaltools.gnu-tools-for-stm32.13.3.rel1.linux64_1.0.100.202509120712/tools/bin/../lib/gcc/arm-none-eabi/13.3.1/../../../../arm-none-eabi/lib/thumb/v7-m/nofp/libc_nano.a(libc_a-mprec.o)
 *fill*         0x0800f6cc        0x4 
 .rodata.__mprec_bigtens
                0x0800f6d0       0x28 /opt/st/stm32cubeide_2.0.0/plugins/com.st.stm32cube.ide.mcu.externaltools.gnu-tools-for-stm32.13.3.rel1.linux64_1.0.100.202509120712/tools/bin/../lib/gcc/arm-none-eabi/13.3.1/../../../../arm-none-eabi/lib/thumb/v7-m/nofp/libc_nano.a(libc_a-mprec.o)
                0x0800f6d0                __mprec_bigtens