<html>
<body>
<pre>
<h1>µVision Build Log</h1>
<h2>Tool Versions:</h2>
IDE-Version: µVision V5.43.1.0
Copyright (C) 2025 ARM Ltd and ARM Germany GmbH. All rights reserved.
License Information: Andrei Chernolesskiy, Imperial College London, LIC=----
 
Tool Versions:
Toolchain:       MDK-Lite  Version: 5.43.0.0
Toolchain Path:  C:\Users\andre\AppData\Local\Keil_v5\ARM\ARMCLANG\Bin
C Compiler:      ArmClang.exe V6.24
Assembler:       Armasm.exe V6.24
Linker/Locator:  ArmLink.exe V6.24
Library Manager: ArmAr.exe V6.24
Hex Converter:   FromElf.exe V6.24
CPU DLL:         SARMCM3.DLL V5.43.0.0
Dialog DLL:      DCM.DLL V1.17.5.0
Target DLL:      STLink\ST-LINKIII-KEIL_SWO.dll V3.3.1.0
Dialog DLL:      TCM.DLL V1.56.6.0
 
<h2>Project:</h2>
C:\Users\andre\Documents\ME3\DMT\DMT-Control-System\PWR_Control_F401RT6\MDK-ARM\PWR_Control_F401RT6.uvprojx
Project File Date:  01/26/2026

<h2>Output:</h2>
*** Using Compiler 'V6.24', folder: 'C:\Users\andre\AppData\Local\Keil_v5\ARM\ARMCLANG\Bin'
Build target 'PWR_Control_F401RT6'
compiling main.c...
compiling flow_lut.c...
compiling stm32f4xx_hal_msp.c...
compiling config.c...
compiling gpio.c...
compiling stm32f4xx_it.c...
compiling usart.c...
compiling computer_bridge.c...
compiling tim.c...
compiling hall_sensor.c...
compiling lasers.c...
compiling led_strip.c...
../Core/Src/usb_debug.c(107): warning: extra tokens at end of #endif directive [-Wextra-tokens]
  107 | #endif ENABLE_USB_SERIAL_DEBUG
      |        ^
      |        //
1 warning generated.
compiling usb_debug.c...
compiling injection_and_flow.c...
compiling system_stm32f4xx.c...
compiling motor_control.c...
compiling mks42d.c...
compiling uart_hal.c...
compiling stm32f4xx_hal_rcc.c...
compiling stm32f4xx_hal_rcc_ex.c...
compiling stm32f4xx_hal_flash_ramfunc.c...
compiling stm32f4xx_hal_flash.c...
compiling stm32f4xx_hal_gpio.c...
compiling stm32f4xx_hal_tim_ex.c...
compiling stm32f4xx_hal_flash_ex.c...
compiling stm32f4xx_hal_dma_ex.c...
compiling stm32f4xx_hal_pwr.c...
compiling stm32f4xx_hal_pwr_ex.c...
compiling stm32f4xx_hal_dma.c...
compiling stm32f4xx_hal_cortex.c...
compiling stm32f4xx_hal.c...
compiling stm32f4xx_hal_exti.c...
compiling stm32f4xx_hal_tim.c...
compiling stm32f4xx_hal_uart.c...
linking...
Program Size: Code=12176 RO-data=508 RW-data=16 ZI-data=21136  
FromELF: creating hex file...
"PWR_Control_F401RT6\PWR_Control_F401RT6.axf" - 0 Error(s), 1 Warning(s).

<h2>Software Packages used:</h2>

Package Vendor: ARM
                https://www.keil.com/pack/ARM.CMSIS.6.3.0.pack
                ARM::CMSIS@6.3.0
                CMSIS (Common Microcontroller Software Interface Standard)
   * Component: CORE Version: 6.2.0

Package Vendor: Keil
                https://www.keil.com/pack/Keil.STM32F4xx_DFP.3.1.1.pack
                Keil::STM32F4xx_DFP@3.1.1
                STMicroelectronics STM32F4 Series Device Support

<h2>Collection of Component include folders:</h2>
  ./RTE/_PWR_Control_F401RT6
  C:/Users/andre/AppData/Local/Arm/Packs/ARM/CMSIS/6.3.0/CMSIS/Core/Include

<h2>Collection of Component Files used:</h2>

   * Component: ARM::CMSIS:CORE@6.2.0
      Include file:  CMSIS/Core/Include/tz_context.h
Build Time Elapsed:  00:00:03
</pre>
</body>
</html>
