Component: Arm Compiler for Embedded 6.19 Tool: armlink [5e73cb00]

==============================================================================

Section Cross References

    startup_stm32f401xc.o(STACK) refers (Special) to heapauxi.o(.text) for __use_two_region_memory
    startup_stm32f401xc.o(HEAP) refers (Special) to heapauxi.o(.text) for __use_two_region_memory
    startup_stm32f401xc.o(RESET) refers (Special) to heapauxi.o(.text) for __use_two_region_memory
    startup_stm32f401xc.o(RESET) refers to startup_stm32f401xc.o(STACK) for __initial_sp
    startup_stm32f401xc.o(RESET) refers to startup_stm32f401xc.o(.text) for Reset_Handler
    startup_stm32f401xc.o(RESET) refers to stm32f4xx_it.o(.text.NMI_Handler) for NMI_Handler
    startup_stm32f401xc.o(RESET) refers to stm32f4xx_it.o(.text.HardFault_Handler) for HardFault_Handler
    startup_stm32f401xc.o(RESET) refers to stm32f4xx_it.o(.text.MemManage_Handler) for MemManage_Handler
    startup_stm32f401xc.o(RESET) refers to stm32f4xx_it.o(.text.BusFault_Handler) for BusFault_Handler
    startup_stm32f401xc.o(RESET) refers to stm32f4xx_it.o(.text.UsageFault_Handler) for UsageFault_Handler
    startup_stm32f401xc.o(RESET) refers to stm32f4xx_it.o(.text.SVC_Handler) for SVC_Handler
    startup_stm32f401xc.o(RESET) refers to stm32f4xx_it.o(.text.DebugMon_Handler) for DebugMon_Handler
    startup_stm32f401xc.o(RESET) refers to stm32f4xx_it.o(.text.PendSV_Handler) for PendSV_Handler
    startup_stm32f401xc.o(RESET) refers to stm32f4xx_it.o(.text.SysTick_Handler) for SysTick_Handler
    startup_stm32f401xc.o(RESET) refers to stm32f4xx_it.o(.text.TIM1_CC_IRQHandler) for TIM1_CC_IRQHandler
    startup_stm32f401xc.o(RESET) refers to stm32f4xx_it.o(.text.TIM2_IRQHandler) for TIM2_IRQHandler
    startup_stm32f401xc.o(RESET) refers to stm32f4xx_it.o(.text.TIM3_IRQHandler) for TIM3_IRQHandler
    startup_stm32f401xc.o(RESET) refers to stm32f4xx_it.o(.text.USART1_IRQHandler) for USART1_IRQHandler
    startup_stm32f401xc.o(RESET) refers to stm32f4xx_it.o(.text.USART2_IRQHandler) for USART2_IRQHandler
    startup_stm32f401xc.o(.text) refers (Special) to heapauxi.o(.text) for __use_two_region_memory
    startup_stm32f401xc.o(.text) refers to system_stm32f4xx.o(.text.SystemInit) for SystemInit
    startup_stm32f401xc.o(.text) refers to __main.o(!!!main) for __main
    startup_stm32f401xc.o(.text) refers to startup_stm32f401xc.o(HEAP) for Heap_Mem
    startup_stm32f401xc.o(.text) refers to startup_stm32f401xc.o(STACK) for Stack_Mem
    computer_bridge.o(.ARM.exidx.text.ComputerBridge_Init) refers to computer_bridge.o(.text.ComputerBridge_Init) for [Anonymous Symbol]
    config.o(.text.flags_init) refers to config.o(.bss..L_MergedGlobals.18) for .L_MergedGlobals.18
    config.o(.text.flags_init) refers to config.o(.data..L_MergedGlobals) for .L_MergedGlobals
    config.o(.ARM.exidx.text.flags_init) refers to config.o(.text.flags_init) for [Anonymous Symbol]
    config.o(.text.Config_GetTagTable) refers to config.o(.rodata.TLV_TagTable) for TLV_TagTable
    config.o(.ARM.exidx.text.Config_GetTagTable) refers to config.o(.text.Config_GetTagTable) for [Anonymous Symbol]
    config.o(.rodata.TLV_TagTable) refers to config.o(.rodata.str1.1) for [Anonymous Symbol]
    flow_lut.o(.text.FlowLUT_GetDutyForFlow) refers to flow_lut.o(.data..L_MergedGlobals) for .L_MergedGlobals
    flow_lut.o(.ARM.exidx.text.FlowLUT_GetDutyForFlow) refers to flow_lut.o(.text.FlowLUT_GetDutyForFlow) for [Anonymous Symbol]
    flow_lut.o(.text.FlowLUT_SetPoints) refers to flow_lut.o(.data..L_MergedGlobals) for .L_MergedGlobals
    flow_lut.o(.ARM.exidx.text.FlowLUT_SetPoints) refers to flow_lut.o(.text.FlowLUT_SetPoints) for [Anonymous Symbol]
    flow_lut.o(.text.FlowLUT_AutoTune) refers to injection_and_flow.o(.bss.Pump_Control) for Pump_Control
    flow_lut.o(.text.FlowLUT_AutoTune) refers to tim.o(.bss.htim5) for htim5
    flow_lut.o(.text.FlowLUT_AutoTune) refers to stm32f4xx_hal.o(.text.HAL_Delay) for HAL_Delay
    flow_lut.o(.text.FlowLUT_AutoTune) refers to injection_and_flow.o(.text.FlowMeter_UpdateInstantaneous) for FlowMeter_UpdateInstantaneous
    flow_lut.o(.text.FlowLUT_AutoTune) refers to injection_and_flow.o(.text.FlowMeter_GetFlow_mLmin) for FlowMeter_GetFlow_mLmin
    flow_lut.o(.text.FlowLUT_AutoTune) refers to flow_lut.o(.bss.FlowLUT_AutoTune.new_lut) for FlowLUT_AutoTune.new_lut
    flow_lut.o(.text.FlowLUT_AutoTune) refers to flow_lut.o(.data..L_MergedGlobals) for .L_MergedGlobals
    flow_lut.o(.ARM.exidx.text.FlowLUT_AutoTune) refers to flow_lut.o(.text.FlowLUT_AutoTune) for [Anonymous Symbol]
    flow_lut.o(.data..L_MergedGlobals) refers to flow_lut.o(.data.FlowLUT_Hardcoded) for [Anonymous Symbol]
    hall_sensor.o(.text.hall_status_check) refers to main.o(.bss..L_MergedGlobals) for hall_check_flag
    hall_sensor.o(.text.hall_status_check) refers to stm32f4xx_hal_gpio.o(.text.HAL_GPIO_ReadPin) for HAL_GPIO_ReadPin
[...]
    [Anonymous Symbol]                       0x08001fdc   Section        0  stm32f4xx_hal.o(.text.HAL_GetTick)
    [Anonymous Symbol]                       0x08001fe8   Section        0  stm32f4xx_hal.o(.text.HAL_IncTick)
    [Anonymous Symbol]                       0x08002004   Section        0  stm32f4xx_hal.o(.text.HAL_Init)
    [Anonymous Symbol]                       0x0800203c   Section        0  stm32f4xx_hal.o(.text.HAL_InitTick)
    [Anonymous Symbol]                       0x08002084   Section        0  stm32f4xx_hal_msp.o(.text.HAL_MspInit)
    [Anonymous Symbol]                       0x080020bc   Section        0  stm32f4xx_hal_cortex.o(.text.HAL_NVIC_EnableIRQ)
    [Anonymous Symbol]                       0x080020e4   Section        0  stm32f4xx_hal_cortex.o(.text.HAL_NVIC_SetPriority)
    [Anonymous Symbol]                       0x0800213c   Section        0  stm32f4xx_hal_cortex.o(.text.HAL_NVIC_SetPriorityGrouping)
    [Anonymous Symbol]                       0x0800215c   Section        0  stm32f4xx_hal_rcc.o(.text.HAL_RCC_ClockConfig)
    [Anonymous Symbol]                       0x080022bc   Section        0  stm32f4xx_hal_rcc.o(.text.HAL_RCC_GetPCLK1Freq)
    [Anonymous Symbol]                       0x080022e4   Section        0  stm32f4xx_hal_rcc.o(.text.HAL_RCC_GetPCLK2Freq)
    [Anonymous Symbol]                       0x0800230c   Section        0  stm32f4xx_hal_rcc.o(.text.HAL_RCC_GetSysClockFreq)
    [Anonymous Symbol]                       0x08002378   Section        0  stm32f4xx_hal_rcc.o(.text.HAL_RCC_OscConfig)
    [Anonymous Symbol]                       0x080026ec   Section        0  stm32f4xx_hal_cortex.o(.text.HAL_SYSTICK_Config)
    [Anonymous Symbol]                       0x08002718   Section        0  stm32f4xx_hal_tim_ex.o(.text.HAL_TIMEx_BreakCallback)
    [Anonymous Symbol]                       0x0800271c   Section        0  stm32f4xx_hal_tim_ex.o(.text.HAL_TIMEx_CommutCallback)
    [Anonymous Symbol]                       0x08002720   Section        0  stm32f4xx_hal_tim_ex.o(.text.HAL_TIMEx_MasterConfigSynchronization)
    [Anonymous Symbol]                       0x080027b0   Section        0  stm32f4xx_hal_tim.o(.text.HAL_TIM_Base_Init)
    [Anonymous Symbol]                       0x0800280c   Section        0  tim.o(.text.HAL_TIM_Base_MspInit)
    [Anonymous Symbol]                       0x08002984   Section        0  stm32f4xx_hal_tim.o(.text.HAL_TIM_Base_Start_IT)
    [Anonymous Symbol]                       0x08002a08   Section        0  stm32f4xx_hal_tim.o(.text.HAL_TIM_ConfigClockSource)
    [Anonymous Symbol]                       0x08002ba4   Section        0  main.o(.text.HAL_TIM_IC_CaptureCallback)
    [Anonymous Symbol]                       0x08002bdc   Section        0  stm32f4xx_hal_tim.o(.text.HAL_TIM_IC_ConfigChannel)
    [Anonymous Symbol]                       0x08002d80   Section        0  stm32f4xx_hal_tim.o(.text.HAL_TIM_IC_Init)
    [Anonymous Symbol]                       0x08002ddc   Section        0  stm32f4xx_hal_tim.o(.text.HAL_TIM_IC_MspInit)
    [Anonymous Symbol]                       0x08002de0   Section        0  stm32f4xx_hal_tim.o(.text.HAL_TIM_IC_Start_IT)
    [Anonymous Symbol]                       0x08002f28   Section        0  stm32f4xx_hal_tim.o(.text.HAL_TIM_IRQHandler)
    [Anonymous Symbol]                       0x08003078   Section        0  stm32f4xx_hal_tim.o(.text.HAL_TIM_OC_DelayElapsedCallback)
    [Anonymous Symbol]                       0x0800307c   Section        0  stm32f4xx_hal_tim.o(.text.HAL_TIM_PWM_ConfigChannel)
    [Anonymous Symbol]                       0x08003280   Section        0  stm32f4xx_hal_tim.o(.text.HAL_TIM_PWM_Init)
    [Anonymous Symbol]                       0x080032dc   Section        0  stm32f4xx_hal_tim.o(.text.HAL_TIM_PWM_MspInit)
    [Anonymous Symbol]                       0x080032e0   Section        0  stm32f4xx_hal_tim.o(.text.HAL_TIM_PWM_PulseFinishedCallback)
    [Anonymous Symbol]                       0x080032e4   Section        0  stm32f4xx_hal_tim.o(.text.HAL_TIM_PWM_Start)
    [Anonymous Symbol]                       0x080033d8   Section        0  main.o(.text.HAL_TIM_PeriodElapsedCallback)
    [Anonymous Symbol]                       0x08003500   Section        0  stm32f4xx_hal_tim.o(.text.HAL_TIM_TriggerCallback)
    [Anonymous Symbol]                       0x08003504   Section        0  stm32f4xx_hal_uart.o(.text.HAL_UARTEx_RxEventCallback)
    [Anonymous Symbol]                       0x08003508   Section        0  stm32f4xx_hal_uart.o(.text.HAL_UART_ErrorCallback)
    [Anonymous Symbol]                       0x0800350c   Section        0  stm32f4xx_hal_uart.o(.text.HAL_UART_IRQHandler)
    [Anonymous Symbol]                       0x08003a90   Section        0  stm32f4xx_hal_uart.o(.text.HAL_UART_Init)
    [Anonymous Symbol]                       0x08003af0   Section        0  usart.o(.text.HAL_UART_MspInit)
    [Anonymous Symbol]                       0x08003bc4   Section        0  stm32f4xx_hal_uart.o(.text.HAL_UART_RxCpltCallback)
    [Anonymous Symbol]                       0x08003bc8   Section        0  stm32f4xx_hal_uart.o(.text.HAL_UART_TxCpltCallback)
    [Anonymous Symbol]                       0x08003bcc   Section        0  stm32f4xx_it.o(.text.HardFault_Handler)
    [Anonymous Symbol]                       0x08003bd0   Section        0  injection_and_flow.o(.text.InjectionAndFlow_Init)
    [Anonymous Symbol]                       0x08003e1c   Section        0  gpio.o(.text.MX_GPIO_Init)
    [Anonymous Symbol]                       0x08003ec0   Section        0  tim.o(.text.MX_TIM1_Init)
    [Anonymous Symbol]                       0x08003f7c   Section        0  tim.o(.text.MX_TIM2_Init)
    [Anonymous Symbol]                       0x08004034   Section        0  tim.o(.text.MX_TIM3_Init)
    [Anonymous Symbol]                       0x080040a8   Section        0  tim.o(.text.MX_TIM5_Init)
    [Anonymous Symbol]                       0x080041a8   Section        0  usart.o(.text.MX_USART1_UART_Init)
    [Anonymous Symbol]                       0x080041e8   Section        0  usart.o(.text.MX_USART2_UART_Init)
    [Anonymous Symbol]                       0x08004228   Section        0  stm32f4xx_it.o(.text.MemManage_Handler)
    [Anonymous Symbol]                       0x0800422c   Section        0  stm32f4xx_it.o(.text.NMI_Handler)
    [Anonymous Symbol]                       0x08004230   Section        0  stm32f4xx_it.o(.text.PendSV_Handler)
    [Anonymous Symbol]                       0x08004234   Section        0  state_machine.o(.text.RunStartupSequence)
    [Anonymous Symbol]                       0x08004344   Section        0  stm32f4xx_it.o(.text.SVC_Handler)
    [Anonymous Symbol]                       0x08004348   Section        0  state_machine.o(.text.StateMachine_EnterDebug)
    [Anonymous Symbol]                       0x0800435c   Section        0  state_machine.o(.text.StateMachine_ExitDebug)
    [Anonymous Symbol]                       0x080043a8   Section        0  state_machine.o(.text.StateMachine_GetStartupStep)
    [Anonymous Symbol]                       0x080043b4   Section        0  state_machine.o(.text.StateMachine_GetState)
    [Anonymous Symbol]                       0x080043c0   Section        0  state_machine.o(.text.StateMachine_Init)
    [Anonymous Symbol]                       0x080043e4   Section        0  state_machine.o(.text.StateMachine_OnHandshakeAccepted)
    [Anonymous Symbol]                       0x080043f8   Section        0  state_machine.o(.text.StateMachine_ProcessTick)
    [Anonymous Symbol]                       0x0800455c   Section        0  stm32f4xx_it.o(.text.SysTick_Handler)
    [Anonymous Symbol]                       0x08004560   Section        0  system_stm32f4xx.o(.text.SystemInit)
    [Anonymous Symbol]                       0x08004574   Section        0  stm32f4xx_it.o(.text.TIM1_CC_IRQHandler)
    [Anonymous Symbol]                       0x08004580   Section        0  stm32f4xx_it.o(.text.TIM2_IRQHandler)
    [Anonymous Symbol]                       0x0800458c   Section        0  stm32f4xx_it.o(.text.TIM3_IRQHandler)
    [Anonymous Symbol]                       0x08004598   Section        0  stm32f4xx_hal_tim.o(.text.TIM_Base_SetConfig)
    UART_DMAAbortOnError                     0x08004691   Thumb Code    10  stm32f4xx_hal_uart.o(.text.UART_DMAAbortOnError)
    [Anonymous Symbol]                       0x08004690   Section        0  stm32f4xx_hal_uart.o(.text.UART_DMAAbortOnError)
    UART_Receive_IT                          0x0800469d   Thumb Code   254  stm32f4xx_hal_uart.o(.text.UART_Receive_IT)
    [Anonymous Symbol]                       0x0800469c   Section        0  stm32f4xx_hal_uart.o(.text.UART_Receive_IT)
    UART_SetConfig                           0x0800479d   Thumb Code   238  stm32f4xx_hal_uart.o(.text.UART_SetConfig)
    [Anonymous Symbol]                       0x0800479c   Section        0  stm32f4xx_hal_uart.o(.text.UART_SetConfig)
    [Anonymous Symbol]                       0x0800488c   Section        0  stm32f4xx_it.o(.text.USART1_IRQHandler)
    [Anonymous Symbol]                       0x080048ac   Section        0  stm32f4xx_it.o(.text.USART2_IRQHandler)
    [Anonymous Symbol]                       0x080048cc   Section        0  uart_hal.o(.text.UartHAL_Attach)
    [Anonymous Symbol]                       0x08004928   Section        0  uart_hal.o(.text.UartHAL_FlushRx)
    [Anonymous Symbol]                       0x0800497c   Section        0  uart_hal.o(.text.UartHAL_IRQHandler)
    [Anonymous Symbol]                       0x08004a48   Section        0  uart_hal.o(.text.UartHAL_Read)
    [Anonymous Symbol]                       0x08004ac0   Section        0  uart_hal.o(.text.UartHAL_RxAvailable)
    [Anonymous Symbol]                       0x08004b3c   Section        0  uart_hal.o(.text.UartHAL_Send)
    [Anonymous Symbol]                       0x08004be4   Section        0  injection_and_flow.o(.text.Update_Solenoid_State)
    [Anonymous Symbol]                       0x08004c14   Section        0  stm32f4xx_it.o(.text.UsageFault_Handler)
    [Anonymous Symbol]                       0x08004c18   Section        0  config.o(.text.flags_init)
    [Anonymous Symbol]                       0x08004c94   Section        0  mks42d.o(.text.goHome)
    [Anonymous Symbol]                       0x08004ccc   Section        0  main.o(.text.main)
    [Anonymous Symbol]                       0x08004dfc   Section        0  motor_control.o(.text.motor_read)
    [Anonymous Symbol]                       0x08004e8c   Section        0  mks42d.o(.text.positionMode2Run)
    [Anonymous Symbol]                       0x08004f08   Section        0  mks42d.o(.text.readGoHomeFinishAck)
    [Anonymous Symbol]                       0x08005000   Section        0  mks42d.o(.text.readMotorStatusTx)
    [Anonymous Symbol]                       0x08005028   Section        0  mks42d.o(.text.readSetZeroAck)
    [Anonymous Symbol]                       0x08005108   Section        0  mks42d.o(.text.readStepperPos)
    [Anonymous Symbol]                       0x080051c8   Section        0  mks42d.o(.text.readStepperPosTx)
    [Anonymous Symbol]                       0x08005200   Section        0  mks42d.o(.text.setZero)
    [Anonymous Symbol]                       0x08005238   Section        0  injection_and_flow.o(.text.update_pump_state)
    $v0                                      0x0800534c   Number         0  fpinit.o(x$fpl$fpinit)
    x$fpl$fpinit                             0x0800534c   Section       26  fpinit.o(x$fpl$fpinit)
    .L.str                                   0x08005366   Data           2  comms_protocol.o(.rodata..L.str)
    [Anonymous Symbol]                       0x08005366   Section        0  comms_protocol.o(.rodata..L.str)
    .Lswitch.table.HAL_TIM_IC_Start_IT       0x08005380   Data          16  stm32f4xx_hal_tim.o(.rodata.cst16)
    .Lswitch.table.HAL_TIM_IC_Stop_IT        0x08005390   Data          16  stm32f4xx_hal_tim.o(.rodata.cst16)
    .L_MergedGlobals                         0x20000000   Data          36  config.o(.data..L_MergedGlobals)
    [Anonymous Symbol]                       0x20000000   Section        0  config.o(.data..L_MergedGlobals)
    .L_MergedGlobals                         0x20000024   Data           8  flow_lut.o(.data..L_MergedGlobals)
    FlowLUT.0                                0x20000024   Data           4  flow_lut.o(.data..L_MergedGlobals)
    [Anonymous Symbol]                       0x20000024   Section        0  flow_lut.o(.data..L_MergedGlobals)
    FlowLUT.1                                0x20000028   Data           4  flow_lut.o(.data..L_MergedGlobals)
    .L_MergedGlobals                         0x2000002c   Data           8  stm32f4xx_hal.o(.data..L_MergedGlobals)
    [Anonymous Symbol]                       0x2000002c   Section        0  stm32f4xx_hal.o(.data..L_MergedGlobals)
    FlowLUT_Hardcoded                        0x20000034   Data          48  flow_lut.o(.data.FlowLUT_Hardcoded)
    [Anonymous Symbol]                       0x20000034   Section        0  flow_lut.o(.data.FlowLUT_Hardcoded)
    .bss                                     0x20000078   Section       96  libspace.o(.bss)
    .L_MergedGlobals                         0x200000d8   Data           8  injection_and_flow.o(.bss..L_MergedGlobals)
    saw_direction                            0x200000d8   Data           1  injection_and_flow.o(.bss..L_MergedGlobals)
    [Anonymous Symbol]                       0x200000d8   Section        0  injection_and_flow.o(.bss..L_MergedGlobals)
    saw_pwm_duty                             0x200000dc   Data           4  injection_and_flow.o(.bss..L_MergedGlobals)
    .L_MergedGlobals                         0x200000e0   Data          20  main.o(.bss..L_MergedGlobals)
    [Anonymous Symbol]                       0x200000e0   Section        0  main.o(.bss..L_MergedGlobals)
    .L_MergedGlobals                         0x200000f4   Data          20  state_machine.o(.bss..L_MergedGlobals)
    [Anonymous Symbol]                       0x200000f4   Section        0  state_machine.o(.bss..L_MergedGlobals)
    startup_step                             0x200000f5   Data           1  state_machine.o(.bss..L_MergedGlobals)
    step_timer_tick                          0x200000f8   Data           4  state_machine.o(.bss..L_MergedGlobals)
    motor_status_poll_tick                   0x200000fc   Data           4  state_machine.o(.bss..L_MergedGlobals)
    pairing_enter_tick                       0x20000100   Data           4  state_machine.o(.bss..L_MergedGlobals)
    StateMachine_ProcessTick.last_toggle_tick 0x20000104   Data           4  state_machine.o(.bss..L_MergedGlobals)
    .L_MergedGlobals                         0x20000108   Data          28  comms_app.o(.bss..L_MergedGlobals)
    [Anonymous Symbol]                       0x20000108   Section        0  comms_app.o(.bss..L_MergedGlobals)
    seq_counter                              0x20000109   Data           1  comms_app.o(.bss..L_MergedGlobals)
    flow_pulse_q_count                       0x2000010a   Data           1  comms_app.o(.bss..L_MergedGlobals)
    flow_pulse_q_tail                        0x2000010b   Data           1  comms_app.o(.bss..L_MergedGlobals)
    flow_pulse_q_head                        0x2000010c   Data           1  comms_app.o(.bss..L_MergedGlobals)
    handshake_cb                             0x20000110   Data           4  comms_app.o(.bss..L_MergedGlobals)
    config_cb                                0x20000114   Data           4  comms_app.o(.bss..L_MergedGlobals)
    Comms_Tick.last_heartbeat_tick           0x2000011c   Data           4  comms_app.o(.bss..L_MergedGlobals)
    Comms_Tick.last_telemetry_tick           0x20000120   Data           4  comms_app.o(.bss..L_MergedGlobals)
    .L_MergedGlobals                         0x20000124   Data          16  comms_protocol.o(.bss..L_MergedGlobals)
    pstate                                   0x20000124   Data           1  comms_protocol.o(.bss..L_MergedGlobals)
    [Anonymous Symbol]                       0x20000124   Section        0  comms_protocol.o(.bss..L_MergedGlobals)
    tmp_type                                 0x20000125   Data           1  comms_protocol.o(.bss..L_MergedGlobals)
    tmp_seq                                  0x20000126   Data           1  comms_protocol.o(.bss..L_MergedGlobals)
    tmp_len                                  0x20000127   Data           1  comms_protocol.o(.bss..L_MergedGlobals)
    payload_idx                              0x20000128   Data           1  comms_protocol.o(.bss..L_MergedGlobals)
    comms_uart                               0x2000012c   Data           4  comms_protocol.o(.bss..L_MergedGlobals)
    packet_cb                                0x20000130   Data           4  comms_protocol.o(.bss..L_MergedGlobals)
    .L_MergedGlobals.18                      0x20000134   Data          20  config.o(.bss..L_MergedGlobals.18)
    [Anonymous Symbol]                       0x20000134   Section        0  config.o(.bss..L_MergedGlobals.18)
    _ports                                   0x200062fc   Data       12384  uart_hal.o(.bss._ports)
    [Anonymous Symbol]                       0x200062fc   Section        0  uart_hal.o(.bss._ports)
    flow_pulse_queue                         0x2000935c   Data         192  comms_app.o(.bss.flow_pulse_queue)
    [Anonymous Symbol]                       0x2000935c   Section        0  comms_app.o(.bss.flow_pulse_queue)
    payload_buf                              0x200095cc   Data         128  comms_protocol.o(.bss.payload_buf)
    [Anonymous Symbol]                       0x200095cc   Section        0  comms_protocol.o(.bss.payload_buf)
    txBuffer                                 0x20009655   Data          64  mks42d.o(.bss.txBuffer)
    [Anonymous Symbol]                       0x20009655   Section        0  mks42d.o(.bss.txBuffer)
    Heap_Mem                                 0x200096a0   Data         512  startup_stm32f401xc.o(HEAP)
    HEAP                                     0x200096a0   Section      512  startup_stm32f401xc.o(HEAP)
    Stack_Mem                                0x200098a0   Data        1024  startup_stm32f401xc.o(STACK)
    STACK                                    0x200098a0   Section     1024  startup_stm32f401xc.o(STACK)
    __initial_sp                             0x20009ca0   Data           0  startup_stm32f401xc.o(STACK)

    Global Symbols

    Symbol Name                              Value     Ov Type        Size  Object(Section)

    BuildAttributes$$THM_ISAv4$E$P$D$K$B$S$7EM$VFPi3$EXTD16$VFPS$VFMA$PE$A:L22UL41UL21$X:L11$S22US41US21$IEEE1$IW$~IW$USESV6$~STKCKD$USESV7$~SHL$OTIME$ROPI$EBA8$UX$STANDARDLIB$REQ8$PRES8$EABIv2 0x00000000   Number         0  anon$$obj.o ABSOLUTE
    __ARM_exceptions_init                     - Undefined Weak Reference
    __alloca_initialize                       - Undefined Weak Reference
    __arm_preinit_                            - Undefined Weak Reference
    __arm_relocate_pie_                       - Undefined Weak Reference
    __cpp_initialize__aeabi_                  - Undefined Weak Reference
    __cxa_finalize                            - Undefined Weak Reference
    __rt_locale                               - Undefined Weak Reference
    __sigvec_lookup                           - Undefined Weak Reference
    _atexit_init                              - Undefined Weak Reference
    _call_atexit_fns                          - Undefined Weak Reference
    _clock_init                               - Undefined Weak Reference
    _fp_trap_init                             - Undefined Weak Reference
    _fp_trap_shutdown                         - Undefined Weak Reference
    _get_lc_collate                           - Undefined Weak Reference
    _get_lc_ctype                             - Undefined Weak Reference
    _get_lc_monetary                          - Undefined Weak Reference
    _get_lc_numeric                           - Undefined Weak Reference
    _get_lc_time                              - Undefined Weak Reference
    _getenv_init                              - Undefined Weak Reference
    _handle_redirection                       - Undefined Weak Reference
    _init_alloc                               - Undefined Weak Reference
    _init_user_alloc                          - Undefined Weak Reference
    _initio                                   - Undefined Weak Reference
    _rand_init                                - Undefined Weak Reference
    _signal_finish                            - Undefined Weak Reference
    _signal_init                              - Undefined Weak Reference
    _terminate_alloc                          - Undefined Weak Reference
    _terminate_user_alloc                     - Undefined Weak Reference
    _terminateio                              - Undefined Weak Reference
    __Vectors_Size                           0x00000194   Number         0  startup_stm32f401xc.o ABSOLUTE
    __Vectors                                0x08000000   Data           4  startup_stm32f401xc.o(RESET)
    __Vectors_End                            0x08000194   Data           0  startup_stm32f401xc.o(RESET)
    __main                                   0x08000195   Thumb Code     8  __main.o(!!!main)
    __scatterload                            0x0800019d   Thumb Code     0  __scatter.o(!!!scatter)
    __scatterload_rt2                        0x0800019d   Thumb Code    44  __scatter.o(!!!scatter)
    __scatterload_rt2_thumb_only             0x0800019d   Thumb Code     0  __scatter.o(!!!scatter)
    __scatterload_null                       0x080001ab   Thumb Code     0  __scatter.o(!!!scatter)
    __scatterload_copy                       0x080001d1   Thumb Code    26  __scatter_copy.o(!!handler_copy)
    __scatterload_zeroinit                   0x080001ed   Thumb Code    28  __scatter_zi.o(!!handler_zi)
    __rt_lib_init                            0x08000209   Thumb Code     0  libinit.o(.ARM.Collect$$libinit$$00000000)
    __rt_lib_init_fp_1                       0x0800020b   Thumb Code     0  libinit2.o(.ARM.Collect$$libinit$$00000001)
    __rt_lib_init_alloca_1                   0x0800020f   Thumb Code     0  libinit2.o(.ARM.Collect$$libinit$$00000030)
    __rt_lib_init_argv_1                     0x0800020f   Thumb Code     0  libinit2.o(.ARM.Collect$$libinit$$0000002E)
    __rt_lib_init_atexit_1                   0x0800020f   Thumb Code     0  libinit2.o(.ARM.Collect$$libinit$$0000001D)
    __rt_lib_init_clock_1                    0x0800020f   Thumb Code     0  libinit2.o(.ARM.Collect$$libinit$$00000023)
    __rt_lib_init_cpp_1                      0x0800020f   Thumb Code     0  libinit2.o(.ARM.Collect$$libinit$$00000034)
    __rt_lib_init_exceptions_1               0x0800020f   Thumb Code     0  libinit2.o(.ARM.Collect$$libinit$$00000032)
    __rt_lib_init_fp_trap_1                  0x0800020f   Thumb Code     0  libinit2.o(.ARM.Collect$$libinit$$00000021)
    __rt_lib_init_getenv_1                   0x0800020f   Thumb Code     0  libinit2.o(.ARM.Collect$$libinit$$00000025)
    __rt_lib_init_heap_1                     0x0800020f   Thumb Code     0  libinit2.o(.ARM.Collect$$libinit$$0000000C)
    __rt_lib_init_lc_collate_1               0x0800020f   Thumb Code     0  libinit2.o(.ARM.Collect$$libinit$$00000013)
    __rt_lib_init_lc_ctype_1                 0x0800020f   Thumb Code     0  libinit2.o(.ARM.Collect$$libinit$$00000015)
    __rt_lib_init_lc_monetary_1              0x0800020f   Thumb Code     0  libinit2.o(.ARM.Collect$$libinit$$00000017)
    __rt_lib_init_lc_numeric_1               0x0800020f   Thumb Code     0  libinit2.o(.ARM.Collect$$libinit$$00000019)
    __rt_lib_init_lc_time_1                  0x0800020f   Thumb Code     0  libinit2.o(.ARM.Collect$$libinit$$0000001B)
    __rt_lib_init_preinit_1                  0x0800020f   Thumb Code     0  libinit2.o(.ARM.Collect$$libinit$$00000006)
    __rt_lib_init_rand_1                     0x0800020f   Thumb Code     0  libinit2.o(.ARM.Collect$$libinit$$00000010)
    __rt_lib_init_relocate_pie_1             0x0800020f   Thumb Code     0  libinit2.o(.ARM.Collect$$libinit$$00000004)
    __rt_lib_init_return                     0x0800020f   Thumb Code     0  libinit2.o(.ARM.Collect$$libinit$$00000035)
    __rt_lib_init_signal_1                   0x0800020f   Thumb Code     0  libinit2.o(.ARM.Collect$$libinit$$0000001F)
    __rt_lib_init_stdio_1                    0x0800020f   Thumb Code     0  libinit2.o(.ARM.Collect$$libinit$$00000027)
    __rt_lib_init_user_alloc_1               0x0800020f   Thumb Code     0  libinit2.o(.ARM.Collect$$libinit$$0000000E)
    __rt_lib_shutdown                        0x08000211   Thumb Code     0  libshutdown.o(.ARM.Collect$$libshutdown$$00000000)
    __rt_lib_shutdown_cpp_1                  0x08000213   Thumb Code     0  libshutdown2.o(.ARM.Collect$$libshutdown$$00000002)
    __rt_lib_shutdown_fp_trap_1              0x08000213   Thumb Code     0  libshutdown2.o(.ARM.Collect$$libshutdown$$00000007)
    __rt_lib_shutdown_heap_1                 0x08000213   Thumb Code     0  libshutdown2.o(.ARM.Collect$$libshutdown$$0000000F)
    __rt_lib_shutdown_return                 0x08000213   Thumb Code     0  libshutdown2.o(.ARM.Collect$$libshutdown$$00000010)
    __rt_lib_shutdown_signal_1               0x08000213   Thumb Code     0  libshutdown2.o(.ARM.Collect$$libshutdown$$0000000A)
    __rt_lib_shutdown_stdio_1                0x08000213   Thumb Code     0  libshutdown2.o(.ARM.Collect$$libshutdown$$00000004)
    __rt_lib_shutdown_user_alloc_1           0x08000213   Thumb Code     0  libshutdown2.o(.ARM.Collect$$libshutdown$$0000000C)
    __rt_entry                               0x08000215   Thumb Code     0  __rtentry.o(.ARM.Collect$$rtentry$$00000000)
    __rt_entry_presh_1                       0x08000215   Thumb Code     0  __rtentry2.o(.ARM.Collect$$rtentry$$00000002)
    __rt_entry_sh                            0x08000215   Thumb Code     0  __rtentry4.o(.ARM.Collect$$rtentry$$00000004)
    __rt_entry_li                            0x0800021b   Thumb Code     0  __rtentry2.o(.ARM.Collect$$rtentry$$0000000A)
    __rt_entry_postsh_1                      0x0800021b   Thumb Code     0  __rtentry2.o(.ARM.Collect$$rtentry$$00000009)
    __rt_entry_main                          0x0800021f   Thumb Code     0  __rtentry2.o(.ARM.Collect$$rtentry$$0000000D)
    __rt_entry_postli_1                      0x0800021f   Thumb Code     0  __rtentry2.o(.ARM.Collect$$rtentry$$0000000C)
    __rt_exit                                0x08000227   Thumb Code     0  rtexit.o(.ARM.Collect$$rtexit$$00000000)
    __rt_exit_ls                             0x08000229   Thumb Code     0  rtexit2.o(.ARM.Collect$$rtexit$$00000003)
    __rt_exit_prels_1                        0x08000229   Thumb Code     0  rtexit2.o(.ARM.Collect$$rtexit$$00000002)
    __rt_exit_exit                           0x0800022d   Thumb Code     0  rtexit2.o(.ARM.Collect$$rtexit$$00000004)
    Reset_Handler                            0x08000235   Thumb Code     8  startup_stm32f401xc.o(.text)
    ADC_IRQHandler                           0x0800024f   Thumb Code     0  startup_stm32f401xc.o(.text)
    DMA1_Stream0_IRQHandler                  0x0800024f   Thumb Code     0  startup_stm32f401xc.o(.text)
    DMA1_Stream1_IRQHandler                  0x0800024f   Thumb Code     0  startup_stm32f401xc.o(.text)
    DMA1_Stream2_IRQHandler                  0x0800024f   Thumb Code     0  startup_stm32f401xc.o(.text)
    DMA1_Stream3_IRQHandler                  0x0800024f   Thumb Code     0  startup_stm32f401xc.o(.text)
    DMA1_Stream4_IRQHandler                  0x0800024f   Thumb Code     0  startup_stm32f401xc.o(.text)
    DMA1_Stream5_IRQHandler                  0x0800024f   Thumb Code     0  startup_stm32f401xc.o(.text)
    DMA1_Stream6_IRQHandler                  0x0800024f   Thumb Code     0  startup_stm32f401xc.o(.text)
    DMA1_Stream7_IRQHandler                  0x0800024f   Thumb Code     0  startup_stm32f401xc.o(.text)
    DMA2_Stream0_IRQHandler                  0x0800024f   Thumb Code     0  startup_stm32f401xc.o(.text)
    DMA2_Stream1_IRQHandler                  0x0800024f   Thumb Code     0  startup_stm32f401xc.o(.text)
    DMA2_Stream2_IRQHandler                  0x0800024f   Thumb Code     0  startup_stm32f401xc.o(.text)
    DMA2_Stream3_IRQHandler                  0x0800024f   Thumb Code     0  startup_stm32f401xc.o(.text)
    DMA2_Stream4_IRQHandler                  0x0800024f   Thumb Code     0  startup_stm32f401xc.o(.text)
    DMA2_Stream5_IRQHandler                  0x0800024f   Thumb Code     0  startup_stm32f401xc.o(.text)
    DMA2_Stream6_IRQHandler                  0x0800024f   Thumb Code     0  startup_stm32f401xc.o(.text)
    DMA2_Stream7_IRQHandler                  0x0800024f   Thumb Code     0  startup_stm32f401xc.o(.text)
    EXTI0_IRQHandler                         0x0800024f   Thumb Code     0  startup_stm32f401xc.o(.text)
    EXTI15_10_IRQHandler                     0x0800024f   Thumb Code     0  startup_stm32f401xc.o(.text)
    EXTI1_IRQHandler                         0x0800024f   Thumb Code     0  startup_stm32f401xc.o(.text)
    EXTI2_IRQHandler                         0x0800024f   Thumb Code     0  startup_stm32f401xc.o(.text)
    EXTI3_IRQHandler                         0x0800024f   Thumb Code     0  startup_stm32f401xc.o(.text)
    EXTI4_IRQHandler                         0x0800024f   Thumb Code     0  startup_stm32f401xc.o(.text)
    EXTI9_5_IRQHandler                       0x0800024f   Thumb Code     0  startup_stm32f401xc.o(.text)
    FLASH_IRQHandler                         0x0800024f   Thumb Code     0  startup_stm32f401xc.o(.text)
    FPU_IRQHandler                           0x0800024f   Thumb Code     0  startup_stm32f401xc.o(.text)
    I2C1_ER_IRQHandler                       0x0800024f   Thumb Code     0  startup_stm32f401xc.o(.text)
    I2C1_EV_IRQHandler                       0x0800024f   Thumb Code     0  startup_stm32f401xc.o(.text)
    I2C2_ER_IRQHandler                       0x0800024f   Thumb Code     0  startup_stm32f401xc.o(.text)
    I2C2_EV_IRQHandler                       0x0800024f   Thumb Code     0  startup_stm32f401xc.o(.text)
    I2C3_ER_IRQHandler                       0x0800024f   Thumb Code     0  startup_stm32f401xc.o(.text)
    I2C3_EV_IRQHandler                       0x0800024f   Thumb Code     0  startup_stm32f401xc.o(.text)
    OTG_FS_IRQHandler                        0x0800024f   Thumb Code     0  startup_stm32f401xc.o(.text)
    OTG_FS_WKUP_IRQHandler                   0x0800024f   Thumb Code     0  startup_stm32f401xc.o(.text)
    PVD_IRQHandler                           0x0800024f   Thumb Code     0  startup_stm32f401xc.o(.text)
    RCC_IRQHandler                           0x0800024f   Thumb Code     0  startup_stm32f401xc.o(.text)
    RTC_Alarm_IRQHandler                     0x0800024f   Thumb Code     0  startup_stm32f401xc.o(.text)
    RTC_WKUP_IRQHandler                      0x0800024f   Thumb Code     0  startup_stm32f401xc.o(.text)
    SDIO_IRQHandler                          0x0800024f   Thumb Code     0  startup_stm32f401xc.o(.text)
    SPI1_IRQHandler                          0x0800024f   Thumb Code     0  startup_stm32f401xc.o(.text)
    SPI2_IRQHandler                          0x0800024f   Thumb Code     0  startup_stm32f401xc.o(.text)
    SPI3_IRQHandler                          0x0800024f   Thumb Code     0  startup_stm32f401xc.o(.text)
    SPI4_IRQHandler                          0x0800024f   Thumb Code     0  startup_stm32f401xc.o(.text)
    TAMP_STAMP_IRQHandler                    0x0800024f   Thumb Code     0  startup_stm32f401xc.o(.text)
    TIM1_BRK_TIM9_IRQHandler                 0x0800024f   Thumb Code     0  startup_stm32f401xc.o(.text)
    TIM1_TRG_COM_TIM11_IRQHandler            0x0800024f   Thumb Code     0  startup_stm32f401xc.o(.text)
    TIM1_UP_TIM10_IRQHandler                 0x0800024f   Thumb Code     0  startup_stm32f401xc.o(.text)
    TIM4_IRQHandler                          0x0800024f   Thumb Code     0  startup_stm32f401xc.o(.text)
    TIM5_IRQHandler                          0x0800024f   Thumb Code     0  startup_stm32f401xc.o(.text)
    USART6_IRQHandler                        0x0800024f   Thumb Code     0  startup_stm32f401xc.o(.text)
    WWDG_IRQHandler                          0x0800024f   Thumb Code     0  startup_stm32f401xc.o(.text)
    __user_initial_stackheap                 0x08000251   Thumb Code     0  startup_stm32f401xc.o(.text)
    __aeabi_uldivmod                         0x08000275   Thumb Code     0  lludivv7m.o(.text)
    _ll_udiv                                 0x08000275   Thumb Code   240  lludivv7m.o(.text)
    __aeabi_memcpy                           0x08000365   Thumb Code     0  rt_memcpy_v6.o(.text)
    __rt_memcpy                              0x08000365   Thumb Code   138  rt_memcpy_v6.o(.text)
    _memcpy_lastbytes                        0x080003cb   Thumb Code     0  rt_memcpy_v6.o(.text)
    __aeabi_memclr4                          0x080003ef   Thumb Code     0  rt_memclr_w.o(.text)
    __aeabi_memclr8                          0x080003ef   Thumb Code     0  rt_memclr_w.o(.text)
    __rt_memclr_w                            0x080003ef   Thumb Code     0  rt_memclr_w.o(.text)
    _memset_w                                0x080003f3   Thumb Code    74  rt_memclr_w.o(.text)
    __use_two_region_memory                  0x0800043d   Thumb Code     2  heapauxi.o(.text)
    __rt_heap_escrow$2region                 0x0800043f   Thumb Code     2  heapauxi.o(.text)
    __rt_heap_expand$2region                 0x08000441   Thumb Code     2  heapauxi.o(.text)
    __aeabi_memcpy4                          0x08000443   Thumb Code     0  rt_memcpy_w.o(.text)
    __aeabi_memcpy8                          0x08000443   Thumb Code     0  rt_memcpy_w.o(.text)
    __rt_memcpy_w                            0x08000443   Thumb Code   100  rt_memcpy_w.o(.text)
    _memcpy_lastbytes_aligned                0x0800048b   Thumb Code     0  rt_memcpy_w.o(.text)
    __user_setup_stackheap                   0x080004a7   Thumb Code    74  sys_stackheap_outer.o(.text)
    exit                                     0x080004f1   Thumb Code    18  exit.o(.text)
    __user_libspace                          0x08000505   Thumb Code     8  libspace.o(.text)
    __user_perproc_libspace                  0x08000505   Thumb Code     0  libspace.o(.text)
    __user_perthread_libspace                0x08000505   Thumb Code     0  libspace.o(.text)
    _sys_exit                                0x0800050d   Thumb Code     8  sys_exit.o(.text)
    __I$use$semihosting                      0x08000519   Thumb Code     0  use_no_semi.o(.text)
    __use_no_semihosting_swi                 0x08000519   Thumb Code     2  use_no_semi.o(.text)
    __semihosting_library_function           0x0800051b   Thumb Code     0  indicate_semi.o(.text)
    BusFault_Handler                         0x0800051d   Thumb Code     2  stm32f4xx_it.o(.text.BusFault_Handler)
    CommsProtocol_Init                       0x08000521   Thumb Code    20  comms_protocol.o(.text.CommsProtocol_Init)
    CommsProtocol_Process                    0x08000535   Thumb Code   378  comms_protocol.o(.text.CommsProtocol_Process)
    CommsProtocol_RegisterPacketHandler      0x080006b1   Thumb Code    12  comms_protocol.o(.text.CommsProtocol_RegisterPacketHandler)
    CommsProtocol_Send                       0x080006bd   Thumb Code   254  comms_protocol.o(.text.CommsProtocol_Send)
    Comms_ApplyConfigTLV                     0x080007bd   Thumb Code   938  comms_app.o(.text.Comms_ApplyConfigTLV)
    Comms_EnqueueFlowmeterPulse              0x08000b69   Thumb Code    96  comms_app.o(.text.Comms_EnqueueFlowmeterPulse)
    Comms_Init                               0x08000bc9   Thumb Code   136  comms_app.o(.text.Comms_Init)
    Comms_Process                            0x08000f19   Thumb Code     4  comms_app.o(.text.Comms_Process)
    Comms_SendAck                            0x08000f1d   Thumb Code    58  comms_app.o(.text.Comms_SendAck)
    Comms_SendNack                           0x08000f59   Thumb Code    58  comms_app.o(.text.Comms_SendNack)
    Comms_SendTelemetry                      0x08000f95   Thumb Code   202  comms_app.o(.text.Comms_SendTelemetry)
    Comms_Tick                               0x08001061   Thumb Code   364  comms_app.o(.text.Comms_Tick)
    DebugMon_Handler                         0x080011cd   Thumb Code     2  stm32f4xx_it.o(.text.DebugMon_Handler)
    EchoDebug_Process                        0x080011d1   Thumb Code    80  comms_app.o(.text.EchoDebug_Process)
    Error_Handler                            0x08001221   Thumb Code     6  main.o(.text.Error_Handler)
    FlowLUT_GetDutyForFlow                   0x08001229   Thumb Code   244  flow_lut.o(.text.FlowLUT_GetDutyForFlow)
    FlowMeter2_GetFlow_mLmin                 0x0800131d   Thumb Code    14  injection_and_flow.o(.text.FlowMeter2_GetFlow_mLmin)
    FlowMeter2_GetTotal_mL                   0x0800132d   Thumb Code    14  injection_and_flow.o(.text.FlowMeter2_GetTotal_mL)
    FlowMeter2_PulseCallback                 0x0800133d   Thumb Code   146  injection_and_flow.o(.text.FlowMeter2_PulseCallback)
    FlowMeter2_UpdateInstantaneous           0x080013d1   Thumb Code   948  injection_and_flow.o(.text.FlowMeter2_UpdateInstantaneous)
    FlowMeter2_UpdateTotal                   0x08001785   Thumb Code    36  injection_and_flow.o(.text.FlowMeter2_UpdateTotal)
    FlowMeter_GetFlow_mLmin                  0x080017a9   Thumb Code    14  injection_and_flow.o(.text.FlowMeter_GetFlow_mLmin)
    FlowMeter_GetTotal_mL                    0x080017b9   Thumb Code    14  injection_and_flow.o(.text.FlowMeter_GetTotal_mL)
    FlowMeter_PulseCallback                  0x080017c9   Thumb Code   172  injection_and_flow.o(.text.FlowMeter_PulseCallback)
    FlowMeter_TickHook                       0x08001875   Thumb Code    72  injection_and_flow.o(.text.FlowMeter_TickHook)
    FlowMeter_UpdateInstantaneous            0x080018bd   Thumb Code   948  injection_and_flow.o(.text.FlowMeter_UpdateInstantaneous)
    FlowMeter_UpdateTotal                    0x08001c71   Thumb Code    36  injection_and_flow.o(.text.FlowMeter_UpdateTotal)
    FlowSchedule_Push                        0x08001c95   Thumb Code    48  injection_and_flow.o(.text.FlowSchedule_Push)
    FlowSchedule_PushImmediate               0x08001cc5   Thumb Code    34  injection_and_flow.o(.text.FlowSchedule_PushImmediate)
    GenerateSawWaveDebug                     0x08001ce9   Thumb Code    82  injection_and_flow.o(.text.GenerateSawWaveDebug)
    HAL_DMA_Abort                            0x08001d3d   Thumb Code   142  stm32f4xx_hal_dma.o(.text.HAL_DMA_Abort)
    HAL_DMA_Abort_IT                         0x08001dcd   Thumb Code    36  stm32f4xx_hal_dma.o(.text.HAL_DMA_Abort_IT)
    HAL_Delay                                0x08001df1   Thumb Code    40  stm32f4xx_hal.o(.text.HAL_Delay)
    HAL_GPIO_Init                            0x08001e19   Thumb Code   422  stm32f4xx_hal_gpio.o(.text.HAL_GPIO_Init)
    HAL_GPIO_TogglePin                       0x08001fc1   Thumb Code    16  stm32f4xx_hal_gpio.o(.text.HAL_GPIO_TogglePin)
    HAL_GPIO_WritePin                        0x08001fd1   Thumb Code    10  stm32f4xx_hal_gpio.o(.text.HAL_GPIO_WritePin)
    HAL_GetTick                              0x08001fdd   Thumb Code    12  stm32f4xx_hal.o(.text.HAL_GetTick)
    HAL_IncTick                              0x08001fe9   Thumb Code    26  stm32f4xx_hal.o(.text.HAL_IncTick)
    HAL_Init                                 0x08002005   Thumb Code    54  stm32f4xx_hal.o(.text.HAL_Init)
    HAL_InitTick                             0x0800203d   Thumb Code    72  stm32f4xx_hal.o(.text.HAL_InitTick)
    HAL_MspInit                              0x08002085   Thumb Code    56  stm32f4xx_hal_msp.o(.text.HAL_MspInit)
    HAL_NVIC_EnableIRQ                       0x080020bd   Thumb Code    38  stm32f4xx_hal_cortex.o(.text.HAL_NVIC_EnableIRQ)
    HAL_NVIC_SetPriority                     0x080020e5   Thumb Code    86  stm32f4xx_hal_cortex.o(.text.HAL_NVIC_SetPriority)
    HAL_NVIC_SetPriorityGrouping             0x0800213d   Thumb Code    32  stm32f4xx_hal_cortex.o(.text.HAL_NVIC_SetPriorityGrouping)
    HAL_RCC_ClockConfig                      0x0800215d   Thumb Code   352  stm32f4xx_hal_rcc.o(.text.HAL_RCC_ClockConfig)
    HAL_RCC_GetPCLK1Freq                     0x080022bd   Thumb Code    38  stm32f4xx_hal_rcc.o(.text.HAL_RCC_GetPCLK1Freq)
    HAL_RCC_GetPCLK2Freq                     0x080022e5   Thumb Code    38  stm32f4xx_hal_rcc.o(.text.HAL_RCC_GetPCLK2Freq)
    HAL_RCC_GetSysClockFreq                  0x0800230d   Thumb Code   106  stm32f4xx_hal_rcc.o(.text.HAL_RCC_GetSysClockFreq)
    HAL_RCC_OscConfig                        0x08002379   Thumb Code   884  stm32f4xx_hal_rcc.o(.text.HAL_RCC_OscConfig)
    HAL_SYSTICK_Config                       0x080026ed   Thumb Code    44  stm32f4xx_hal_cortex.o(.text.HAL_SYSTICK_Config)
    HAL_TIMEx_BreakCallback                  0x08002719   Thumb Code     2  stm32f4xx_hal_tim_ex.o(.text.HAL_TIMEx_BreakCallback)
    HAL_TIMEx_CommutCallback                 0x0800271d   Thumb Code     2  stm32f4xx_hal_tim_ex.o(.text.HAL_TIMEx_CommutCallback)
    HAL_TIMEx_MasterConfigSynchronization    0x08002721   Thumb Code   144  stm32f4xx_hal_tim_ex.o(.text.HAL_TIMEx_MasterConfigSynchronization)
    HAL_TIM_Base_Init                        0x080027b1   Thumb Code    90  stm32f4xx_hal_tim.o(.text.HAL_TIM_Base_Init)
    HAL_TIM_Base_MspInit                     0x0800280d   Thumb Code   374  tim.o(.text.HAL_TIM_Base_MspInit)
    HAL_TIM_Base_Start_IT                    0x08002985   Thumb Code   132  stm32f4xx_hal_tim.o(.text.HAL_TIM_Base_Start_IT)
    HAL_TIM_ConfigClockSource                0x08002a09   Thumb Code   412  stm32f4xx_hal_tim.o(.text.HAL_TIM_ConfigClockSource)
    HAL_TIM_IC_CaptureCallback               0x08002ba5   Thumb Code    54  main.o(.text.HAL_TIM_IC_CaptureCallback)
    HAL_TIM_IC_ConfigChannel                 0x08002bdd   Thumb Code   418  stm32f4xx_hal_tim.o(.text.HAL_TIM_IC_ConfigChannel)
    HAL_TIM_IC_Init                          0x08002d81   Thumb Code    90  stm32f4xx_hal_tim.o(.text.HAL_TIM_IC_Init)
    HAL_TIM_IC_MspInit                       0x08002ddd   Thumb Code     2  stm32f4xx_hal_tim.o(.text.HAL_TIM_IC_MspInit)
    HAL_TIM_IC_Start_IT                      0x08002de1   Thumb Code   326  stm32f4xx_hal_tim.o(.text.HAL_TIM_IC_Start_IT)
    HAL_TIM_IRQHandler                       0x08002f29   Thumb Code   334  stm32f4xx_hal_tim.o(.text.HAL_TIM_IRQHandler)
    HAL_TIM_OC_DelayElapsedCallback          0x08003079   Thumb Code     2  stm32f4xx_hal_tim.o(.text.HAL_TIM_OC_DelayElapsedCallback)
    HAL_TIM_PWM_ConfigChannel                0x0800307d   Thumb Code   514  stm32f4xx_hal_tim.o(.text.HAL_TIM_PWM_ConfigChannel)
    HAL_TIM_PWM_Init                         0x08003281   Thumb Code    90  stm32f4xx_hal_tim.o(.text.HAL_TIM_PWM_Init)
    HAL_TIM_PWM_MspInit                      0x080032dd   Thumb Code     2  stm32f4xx_hal_tim.o(.text.HAL_TIM_PWM_MspInit)
    HAL_TIM_PWM_PulseFinishedCallback        0x080032e1   Thumb Code     2  stm32f4xx_hal_tim.o(.text.HAL_TIM_PWM_PulseFinishedCallback)
    HAL_TIM_PWM_Start                        0x080032e5   Thumb Code   244  stm32f4xx_hal_tim.o(.text.HAL_TIM_PWM_Start)
    HAL_TIM_PeriodElapsedCallback            0x080033d9   Thumb Code   294  main.o(.text.HAL_TIM_PeriodElapsedCallback)
    HAL_TIM_TriggerCallback                  0x08003501   Thumb Code     2  stm32f4xx_hal_tim.o(.text.HAL_TIM_TriggerCallback)
    HAL_UARTEx_RxEventCallback               0x08003505   Thumb Code     2  stm32f4xx_hal_uart.o(.text.HAL_UARTEx_RxEventCallback)
    HAL_UART_ErrorCallback                   0x08003509   Thumb Code     2  stm32f4xx_hal_uart.o(.text.HAL_UART_ErrorCallback)
    HAL_UART_IRQHandler                      0x0800350d   Thumb Code  1412  stm32f4xx_hal_uart.o(.text.HAL_UART_IRQHandler)
    HAL_UART_Init                            0x08003a91   Thumb Code    96  stm32f4xx_hal_uart.o(.text.HAL_UART_Init)
    HAL_UART_MspInit                         0x08003af1   Thumb Code   210  usart.o(.text.HAL_UART_MspInit)
    HAL_UART_RxCpltCallback                  0x08003bc5   Thumb Code     2  stm32f4xx_hal_uart.o(.text.HAL_UART_RxCpltCallback)
    HAL_UART_TxCpltCallback                  0x08003bc9   Thumb Code     2  stm32f4xx_hal_uart.o(.text.HAL_UART_TxCpltCallback)
    HardFault_Handler                        0x08003bcd   Thumb Code     2  stm32f4xx_it.o(.text.HardFault_Handler)
    InjectionAndFlow_Init                    0x08003bd1   Thumb Code   586  injection_and_flow.o(.text.InjectionAndFlow_Init)
    MX_GPIO_Init                             0x08003e1d   Thumb Code   164  gpio.o(.text.MX_GPIO_Init)
    MX_TIM1_Init                             0x08003ec1   Thumb Code   186  tim.o(.text.MX_TIM1_Init)
    MX_TIM2_Init                             0x08003f7d   Thumb Code   182  tim.o(.text.MX_TIM2_Init)
    MX_TIM3_Init                             0x08004035   Thumb Code   116  tim.o(.text.MX_TIM3_Init)
    MX_TIM5_Init                             0x080040a9   Thumb Code   256  tim.o(.text.MX_TIM5_Init)
    MX_USART1_UART_Init                      0x080041a9   Thumb Code    64  usart.o(.text.MX_USART1_UART_Init)
    MX_USART2_UART_Init                      0x080041e9   Thumb Code    64  usart.o(.text.MX_USART2_UART_Init)
    MemManage_Handler                        0x08004229   Thumb Code     2  stm32f4xx_it.o(.text.MemManage_Handler)
    NMI_Handler                              0x0800422d   Thumb Code     2  stm32f4xx_it.o(.text.NMI_Handler)
    PendSV_Handler                           0x08004231   Thumb Code     2  stm32f4xx_it.o(.text.PendSV_Handler)
    RunStartupSequence                       0x08004235   Thumb Code   270  state_machine.o(.text.RunStartupSequence)
    SVC_Handler                              0x08004345   Thumb Code     2  stm32f4xx_it.o(.text.SVC_Handler)
    StateMachine_EnterDebug                  0x08004349   Thumb Code    20  state_machine.o(.text.StateMachine_EnterDebug)
    StateMachine_ExitDebug                   0x0800435d   Thumb Code    76  state_machine.o(.text.StateMachine_ExitDebug)
    StateMachine_GetStartupStep              0x080043a9   Thumb Code    12  state_machine.o(.text.StateMachine_GetStartupStep)
    StateMachine_GetState                    0x080043b5   Thumb Code    12  state_machine.o(.text.StateMachine_GetState)
    StateMachine_Init                        0x080043c1   Thumb Code    34  state_machine.o(.text.StateMachine_Init)
    StateMachine_OnHandshakeAccepted         0x080043e5   Thumb Code    20  state_machine.o(.text.StateMachine_OnHandshakeAccepted)
    StateMachine_ProcessTick                 0x080043f9   Thumb Code   354  state_machine.o(.text.StateMachine_ProcessTick)
    SysTick_Handler                          0x0800455d   Thumb Code     4  stm32f4xx_it.o(.text.SysTick_Handler)
    SystemInit                               0x08004561   Thumb Code    18  system_stm32f4xx.o(.text.SystemInit)
    TIM1_CC_IRQHandler                       0x08004575   Thumb Code    12  stm32f4xx_it.o(.text.TIM1_CC_IRQHandler)
    TIM2_IRQHandler                          0x08004581   Thumb Code    12  stm32f4xx_it.o(.text.TIM2_IRQHandler)
    TIM3_IRQHandler                          0x0800458d   Thumb Code    12  stm32f4xx_it.o(.text.TIM3_IRQHandler)
    TIM_Base_SetConfig                       0x08004599   Thumb Code   248  stm32f4xx_hal_tim.o(.text.TIM_Base_SetConfig)
    USART1_IRQHandler                        0x0800488d   Thumb Code    30  stm32f4xx_it.o(.text.USART1_IRQHandler)
    USART2_IRQHandler                        0x080048ad   Thumb Code    30  stm32f4xx_it.o(.text.USART2_IRQHandler)
    UartHAL_Attach                           0x080048cd   Thumb Code    92  uart_hal.o(.text.UartHAL_Attach)
    UartHAL_FlushRx                          0x08004929   Thumb Code    82  uart_hal.o(.text.UartHAL_FlushRx)
    UartHAL_IRQHandler                       0x0800497d   Thumb Code   204  uart_hal.o(.text.UartHAL_IRQHandler)
    UartHAL_Read                             0x08004a49   Thumb Code   118  uart_hal.o(.text.UartHAL_Read)
    UartHAL_RxAvailable                      0x08004ac1   Thumb Code   124  uart_hal.o(.text.UartHAL_RxAvailable)
    UartHAL_Send                             0x08004b3d   Thumb Code   166  uart_hal.o(.text.UartHAL_Send)
    Update_Solenoid_State                    0x08004be5   Thumb Code    48  injection_and_flow.o(.text.Update_Solenoid_State)
    UsageFault_Handler                       0x08004c15   Thumb Code     2  stm32f4xx_it.o(.text.UsageFault_Handler)
    flags_init                               0x08004c19   Thumb Code   124  config.o(.text.flags_init)
    goHome                                   0x08004c95   Thumb Code    54  mks42d.o(.text.goHome)
    main                                     0x08004ccd   Thumb Code   302  main.o(.text.main)
    motor_read                               0x08004dfd   Thumb Code   142  motor_control.o(.text.motor_read)
    positionMode2Run                         0x08004e8d   Thumb Code   124  mks42d.o(.text.positionMode2Run)
    readGoHomeFinishAck                      0x08004f09   Thumb Code   248  mks42d.o(.text.readGoHomeFinishAck)
    readMotorStatusTx                        0x08005001   Thumb Code    38  mks42d.o(.text.readMotorStatusTx)
    readSetZeroAck                           0x08005029   Thumb Code   224  mks42d.o(.text.readSetZeroAck)
    readStepperPos                           0x08005109   Thumb Code   190  mks42d.o(.text.readStepperPos)
    readStepperPosTx                         0x080051c9   Thumb Code    54  mks42d.o(.text.readStepperPosTx)
    setZero                                  0x08005201   Thumb Code    54  mks42d.o(.text.setZero)
    update_pump_state                        0x08005239   Thumb Code   276  injection_and_flow.o(.text.update_pump_state)
    _fp_init                                 0x0800534d   Thumb Code    26  fpinit.o(x$fpl$fpinit)
    __fplib_config_fpu_vfp                   0x08005365   Thumb Code     0  fpinit.o(x$fpl$fpinit)
    __fplib_config_pureend_doubles           0x08005365   Thumb Code     0  fpinit.o(x$fpl$fpinit)
    AHBPrescTable                            0x08005368   Data          16  system_stm32f4xx.o(.rodata.AHBPrescTable)
    APBPrescTable                            0x08005378   Data           8  system_stm32f4xx.o(.rodata.APBPrescTable)
    Region$$Table$$Base                      0x080053a0   Number         0  anon$$obj.o(Region$$Table)
    Region$$Table$$Limit                     0x080053c0   Number         0  anon$$obj.o(Region$$Table)
    pi_control_enabled                       0x20000000   Data           1  config.o(.data..L_MergedGlobals)
    serial_send_ms                           0x20000002   Data           2  config.o(.data..L_MergedGlobals)
    flow_window_ms                           0x20000004   Data           2  config.o(.data..L_MergedGlobals)
    pump_sample_time_ms                      0x20000006   Data           2  config.o(.data..L_MergedGlobals)
    flow2_window_ms                          0x20000008   Data           2  config.o(.data..L_MergedGlobals)
    flowmeter_window_ticks                   0x2000000c   Data           4  config.o(.data..L_MergedGlobals)
    serial_send_ticks_threshold              0x20000010   Data           4  config.o(.data..L_MergedGlobals)
    pump_ticks_threshold                     0x20000014   Data           4  config.o(.data..L_MergedGlobals)
    flow_pulses_per_litre                    0x20000018   Data           4  config.o(.data..L_MergedGlobals)
    flow2_pulses_per_litre                   0x2000001c   Data           4  config.o(.data..L_MergedGlobals)
    flowmeter2_window_ticks                  0x20000020   Data           4  config.o(.data..L_MergedGlobals)
    uwTickFreq                               0x2000002c   Data           1  stm32f4xx_hal.o(.data..L_MergedGlobals)
    uwTickPrio                               0x20000030   Data           4  stm32f4xx_hal.o(.data..L_MergedGlobals)
    SystemCoreClock                          0x20000064   Data           4  system_stm32f4xx.o(.data.SystemCoreClock)
    handshake_timeout_ms                     0x20000068   Data           4  state_machine.o(.data.handshake_timeout_ms)
    heartbeat_period_ms                      0x2000006c   Data           2  config.o(.data.heartbeat_period_ms)
    run_state                                0x2000006e   Data           1  computer_bridge.o(.data.run_state)
    send_ack_and_nack_packets                0x2000006f   Data           1  config.o(.data.send_ack_and_nack_packets)
    telemetry_period_ms                      0x20000070   Data           2  config.o(.data.telemetry_period_ms)
    __libspace_start                         0x20000078   Data          96  libspace.o(.bss)
    __temporary_stack_top$libspace           0x200000d8   Data           0  libspace.o(.bss)
    hall_check_flag                          0x200000e0   Data           1  main.o(.bss..L_MergedGlobals)
    lasers_flag                              0x200000e1   Data           1  main.o(.bss..L_MergedGlobals)
    motor_flag                               0x200000e2   Data           1  main.o(.bss..L_MergedGlobals)
    motor_read_flag                          0x200000e3   Data           1  main.o(.bss..L_MergedGlobals)
    stepper_rx_check_flag                    0x200000e4   Data           1  main.o(.bss..L_MergedGlobals)
    check_start_flag                         0x200000e5   Data           1  main.o(.bss..L_MergedGlobals)
    timer_cnt_10ms                           0x200000e6   Data           1  main.o(.bss..L_MergedGlobals)
    timer_cnt_1s                             0x200000e8   Data           4  main.o(.bss..L_MergedGlobals)
    timer_sync_count                         0x200000ec   Data           4  main.o(.bss..L_MergedGlobals)
    usb_serial_timer                         0x200000f0   Data           4  main.o(.bss..L_MergedGlobals)
    cur_state                                0x200000f4   Data           1  state_machine.o(.bss..L_MergedGlobals)
    stepper_cmnd                             0x20000108   Data           1  comms_app.o(.bss..L_MergedGlobals)
    heartbeat_counter                        0x2000010e   Data           2  comms_app.o(.bss..L_MergedGlobals)
    set_pulses                               0x20000118   Data           4  comms_app.o(.bss..L_MergedGlobals)
    usb_serial_debug_enabled                 0x20000134   Data           1  config.o(.bss..L_MergedGlobals.18)
    pwm_debug_enabled                        0x20000135   Data           1  config.o(.bss..L_MergedGlobals.18)
    echo_debug_enabled                       0x20000136   Data           1  config.o(.bss..L_MergedGlobals.18)
    flowmeter_pulse_send_debug_enabled       0x20000137   Data           1  config.o(.bss..L_MergedGlobals.18)
    lookup_table_enabled                     0x20000138   Data           1  config.o(.bss..L_MergedGlobals.18)
    manual_pwm_enabled                       0x20000139   Data           1  config.o(.bss..L_MergedGlobals.18)
    request_dump_long_term                   0x2000013a   Data           1  config.o(.bss..L_MergedGlobals.18)
    stream_enabled                           0x2000013b   Data           1  config.o(.bss..L_MergedGlobals.18)
    debug_flag_1                             0x2000013c   Data           1  config.o(.bss..L_MergedGlobals.18)
    usb_serial_flag                          0x2000013d   Data           1  config.o(.bss..L_MergedGlobals.18)
    solenoid_test_enabled                    0x2000013e   Data           1  config.o(.bss..L_MergedGlobals.18)
    debug_ticker_1                           0x20000140   Data           2  config.o(.bss..L_MergedGlobals.18)
    manual_pwm_duty                          0x20000144   Data           4  config.o(.bss..L_MergedGlobals.18)
    Flow_State                               0x20000148   Data       12228  injection_and_flow.o(.bss.Flow_State)
    Flow_State2                              0x2000310c   Data       12228  injection_and_flow.o(.bss.Flow_State2)
    Pump_Control                             0x200060d0   Data         552  injection_and_flow.o(.bss.Pump_Control)
    SYSTEM_TICK                              0x200062f8   Data           4  tim.o(.bss.SYSTEM_TICK)
    htim1                                    0x2000941c   Data          72  tim.o(.bss.htim1)
    htim2                                    0x20009464   Data          72  tim.o(.bss.htim2)
    htim3                                    0x200094ac   Data          72  tim.o(.bss.htim3)
    htim5                                    0x200094f4   Data          72  tim.o(.bss.htim5)
    huart1                                   0x2000953c   Data          72  usart.o(.bss.huart1)
    huart2                                   0x20009584   Data          72  usart.o(.bss.huart2)
    self_op_enabled                          0x2000964c   Data           1  config.o(.bss.self_op_enabled)
    stepper_pos                              0x20009650   Data           4  motor_control.o(.bss.stepper_pos)
    stepper_rx_check_start                   0x20009654   Data           1  motor_control.o(.bss.stepper_rx_check_start)
    uwTick                                   0x20009698   Data           4  stm32f4xx_hal.o(.bss.uwTick)



==============================================================================

Memory Map of the image

  Image Entry point : 0x08000195

  Load Region LR_IROM1 (Base: 0x08000000, Size: 0x00005438, Max: 0x00040000, ABSOLUTE)

    Execution Region ER_IROM1 (Exec base: 0x08000000, Load base: 0x08000000, Size: 0x000053c0, Max: 0x00040000, ABSOLUTE)

    Exec Addr    Load Addr    Size         Type   Attr      Idx    E Section Name        Object

    0x08000000   0x08000000   0x00000194   Data   RO            3    RESET               startup_stm32f401xc.o
    0x08000194   0x08000194   0x00000008   Code   RO         1298  * !!!main             c_w.l(__main.o)
    0x0800019c   0x0800019c   0x00000034   Code   RO         1475    !!!scatter          c_w.l(__scatter.o)
    0x080001d0   0x080001d0   0x0000001a   Code   RO         1477    !!handler_copy      c_w.l(__scatter_copy.o)
    0x080001ea   0x080001ea   0x00000002   PAD
    0x080001ec   0x080001ec   0x0000001c   Code   RO         1479    !!handler_zi        c_w.l(__scatter_zi.o)
    0x08000208   0x08000208   0x00000002   Code   RO         1337    .ARM.Collect$$libinit$$00000000  c_w.l(libinit.o)
    0x0800020a   0x0800020a   0x00000004   Code   RO         1349    .ARM.Collect$$libinit$$00000001  c_w.l(libinit2.o)
    0x0800020e   0x0800020e   0x00000000   Code   RO         1352    .ARM.Collect$$libinit$$00000004  c_w.l(libinit2.o)
    0x0800020e   0x0800020e   0x00000000   Code   RO         1354    .ARM.Collect$$libinit$$00000006  c_w.l(libinit2.o)
    0x0800020e   0x0800020e   0x00000000   Code   RO         1357    .ARM.Collect$$libinit$$0000000C  c_w.l(libinit2.o)
    0x0800020e   0x0800020e   0x00000000   Code   RO         1359    .ARM.Collect$$libinit$$0000000E  c_w.l(libinit2.o)
    0x0800020e   0x0800020e   0x00000000   Code   RO         1361    .ARM.Collect$$libinit$$00000010  c_w.l(libinit2.o)
    0x0800020e   0x0800020e   0x00000000   Code   RO         1364    .ARM.Collect$$libinit$$00000013  c_w.l(libinit2.o)
    0x0800020e   0x0800020e   0x00000000   Code   RO         1366    .ARM.Collect$$libinit$$00000015  c_w.l(libinit2.o)
    0x0800020e   0x0800020e   0x00000000   Code   RO         1368    .ARM.Collect$$libinit$$00000017  c_w.l(libinit2.o)
    0x0800020e   0x0800020e   0x00000000   Code   RO         1370    .ARM.Collect$$libinit$$00000019  c_w.l(libinit2.o)
    0x0800020e   0x0800020e   0x00000000   Code   RO         1372    .ARM.Collect$$libinit$$0000001B  c_w.l(libinit2.o)
    0x0800020e   0x0800020e   0x00000000   Code   RO         1374    .ARM.Collect$$libinit$$0000001D  c_w.l(libinit2.o)
    0x0800020e   0x0800020e   0x00000000   Code   RO         1376    .ARM.Collect$$libinit$$0000001F  c_w.l(libinit2.o)
    0x0800020e   0x0800020e   0x00000000   Code   RO         1378    .ARM.Collect$$libinit$$00000021  c_w.l(libinit2.o)
    0x0800020e   0x0800020e   0x00000000   Code   RO         1380    .ARM.Collect$$libinit$$00000023  c_w.l(libinit2.o)
    0x0800020e   0x0800020e   0x00000000   Code   RO         1382    .ARM.Collect$$libinit$$00000025  c_w.l(libinit2.o)
    0x0800020e   0x0800020e   0x00000000   Code   RO         1384    .ARM.Collect$$libinit$$00000027  c_w.l(libinit2.o)
    0x0800020e   0x0800020e   0x00000000   Code   RO         1388    .ARM.Collect$$libinit$$0000002E  c_w.l(libinit2.o)
    0x0800020e   0x0800020e   0x00000000   Code   RO         1390    .ARM.Collect$$libinit$$00000030  c_w.l(libinit2.o)
    0x0800020e   0x0800020e   0x00000000   Code   RO         1392    .ARM.Collect$$libinit$$00000032  c_w.l(libinit2.o)
    0x0800020e   0x0800020e   0x00000000   Code   RO         1394    .ARM.Collect$$libinit$$00000034  c_w.l(libinit2.o)
    0x0800020e   0x0800020e   0x00000002   Code   RO         1395    .ARM.Collect$$libinit$$00000035  c_w.l(libinit2.o)
    0x08000210   0x08000210   0x00000002   Code   RO         1430    .ARM.Collect$$libshutdown$$00000000  c_w.l(libshutdown.o)
    0x08000212   0x08000212   0x00000000   Code   RO         1458    .ARM.Collect$$libshutdown$$00000002  c_w.l(libshutdown2.o)
    0x08000212   0x08000212   0x00000000   Code   RO         1460    .ARM.Collect$$libshutdown$$00000004  c_w.l(libshutdown2.o)
    0x08000212   0x08000212   0x00000000   Code   RO         1463    .ARM.Collect$$libshutdown$$00000007  c_w.l(libshutdown2.o)
    0x08000212   0x08000212   0x00000000   Code   RO         1466    .ARM.Collect$$libshutdown$$0000000A  c_w.l(libshutdown2.o)
    0x08000212   0x08000212   0x00000000   Code   RO         1468    .ARM.Collect$$libshutdown$$0000000C  c_w.l(libshutdown2.o)
    0x08000212   0x08000212   0x00000000   Code   RO         1471    .ARM.Collect$$libshutdown$$0000000F  c_w.l(libshutdown2.o)
    0x08000212   0x08000212   0x00000002   Code   RO         1472    .ARM.Collect$$libshutdown$$00000010  c_w.l(libshutdown2.o)
    0x08000214   0x08000214   0x00000000   Code   RO         1300    .ARM.Collect$$rtentry$$00000000  c_w.l(__rtentry.o)
    0x08000214   0x08000214   0x00000000   Code   RO         1308    .ARM.Collect$$rtentry$$00000002  c_w.l(__rtentry2.o)
    0x08000214   0x08000214   0x00000006   Code   RO         1320    .ARM.Collect$$rtentry$$00000004  c_w.l(__rtentry4.o)
    0x0800021a   0x0800021a   0x00000000   Code   RO         1310    .ARM.Collect$$rtentry$$00000009  c_w.l(__rtentry2.o)
    0x0800021a   0x0800021a   0x00000004   Code   RO         1311    .ARM.Collect$$rtentry$$0000000A  c_w.l(__rtentry2.o)
    0x0800021e   0x0800021e   0x00000000   Code   RO         1313    .ARM.Collect$$rtentry$$0000000C  c_w.l(__rtentry2.o)
    0x0800021e   0x0800021e   0x00000008   Code   RO         1314    .ARM.Collect$$rtentry$$0000000D  c_w.l(__rtentry2.o)
    0x08000226   0x08000226   0x00000002   Code   RO         1341    .ARM.Collect$$rtexit$$00000000  c_w.l(rtexit.o)
    0x08000228   0x08000228   0x00000000   Code   RO         1401    .ARM.Collect$$rtexit$$00000002  c_w.l(rtexit2.o)
    0x08000228   0x08000228   0x00000004   Code   RO         1402    .ARM.Collect$$rtexit$$00000003  c_w.l(rtexit2.o)
    0x0800022c   0x0800022c   0x00000006   Code   RO         1403    .ARM.Collect$$rtexit$$00000004  c_w.l(rtexit2.o)
    0x08000232   0x08000232   0x00000002   PAD
    0x08000234   0x08000234   0x00000040   Code   RO            4    .text               startup_stm32f401xc.o
    0x08000274   0x08000274   0x000000f0   Code   RO         1290    .text               c_w.l(lludivv7m.o)
    0x08000364   0x08000364   0x0000008a   Code   RO         1292    .text               c_w.l(rt_memcpy_v6.o)
    0x080003ee   0x080003ee   0x0000004e   Code   RO         1294    .text               c_w.l(rt_memclr_w.o)
    0x0800043c   0x0800043c   0x00000006   Code   RO         1296    .text               c_w.l(heapauxi.o)
    0x08000442   0x08000442   0x00000064   Code   RO         1305    .text               c_w.l(rt_memcpy_w.o)
    0x080004a6   0x080004a6   0x0000004a   Code   RO         1324    .text               c_w.l(sys_stackheap_outer.o)
    0x080004f0   0x080004f0   0x00000012   Code   RO         1326    .text               c_w.l(exit.o)
    0x08000502   0x08000502   0x00000002   PAD
    0x08000504   0x08000504   0x00000008   Code   RO         1338    .text               c_w.l(libspace.o)
    0x0800050c   0x0800050c   0x0000000c   Code   RO         1396    .text               c_w.l(sys_exit.o)
    0x08000518   0x08000518   0x00000002   Code   RO         1419    .text               c_w.l(use_no_semi.o)
    0x0800051a   0x0800051a   0x00000000   Code   RO         1421    .text               c_w.l(indicate_semi.o)
    0x0800051a   0x0800051a   0x00000002   PAD
    0x0800051c   0x0800051c   0x00000002   Code   RO          323    .text.BusFault_Handler  stm32f4xx_it.o
    0x0800051e   0x0800051e   0x00000002   PAD
    0x08000520   0x08000520   0x00000014   Code   RO          428    .text.CommsProtocol_Init  comms_protocol.o
    0x08000534   0x08000534   0x0000017a   Code   RO          434    .text.CommsProtocol_Process  comms_protocol.o
    0x080006ae   0x080006ae   0x00000002   PAD
    0x080006b0   0x080006b0   0x0000000c   Code   RO          430    .text.CommsProtocol_RegisterPacketHandler  comms_protocol.o
    0x080006bc   0x080006bc   0x000000fe   Code   RO          432    .text.CommsProtocol_Send  comms_protocol.o
    0x080007ba   0x080007ba   0x00000002   PAD
    0x080007bc   0x080007bc   0x000003aa   Code   RO          394    .text.Comms_ApplyConfigTLV  comms_app.o
    0x08000b66   0x08000b66   0x00000002   PAD
    0x08000b68   0x08000b68   0x00000060   Code   RO          414    .text.Comms_EnqueueFlowmeterPulse  comms_app.o
    0x08000bc8   0x08000bc8   0x00000088   Code   RO          404    .text.Comms_Init    comms_app.o
    0x08000c50   0x08000c50   0x000002c8   Code   RO          406    .text.Comms_OnPacket  comms_app.o
    0x08000f18   0x08000f18   0x00000004   Code   RO          408    .text.Comms_Process  comms_app.o
    0x08000f1c   0x08000f1c   0x0000003a   Code   RO          396    .text.Comms_SendAck  comms_app.o
    0x08000f56   0x08000f56   0x00000002   PAD
    0x08000f58   0x08000f58   0x0000003a   Code   RO          398    .text.Comms_SendNack  comms_app.o
    0x08000f92   0x08000f92   0x00000002   PAD
    0x08000f94   0x08000f94   0x000000ca   Code   RO          400    .text.Comms_SendTelemetry  comms_app.o
    0x0800105e   0x0800105e   0x00000002   PAD
    0x08001060   0x08001060   0x0000016c   Code   RO          410    .text.Comms_Tick    comms_app.o
    0x080011cc   0x080011cc   0x00000002   Code   RO          329    .text.DebugMon_Handler  stm32f4xx_it.o
    0x080011ce   0x080011ce   0x00000002   PAD
    0x080011d0   0x080011d0   0x00000050   Code   RO          412    .text.EchoDebug_Process  comms_app.o
    0x08001220   0x08001220   0x00000006   Code   RO          243    .text.Error_Handler  main.o
    0x08001226   0x08001226   0x00000002   PAD
    0x08001228   0x08001228   0x000000f4   Code   RO           40    .text.FlowLUT_GetDutyForFlow  flow_lut.o
    0x0800131c   0x0800131c   0x0000000e   Code   RO          108    .text.FlowMeter2_GetFlow_mLmin  injection_and_flow.o
    0x0800132a   0x0800132a   0x00000002   PAD
    0x0800132c   0x0800132c   0x0000000e   Code   RO          110    .text.FlowMeter2_GetTotal_mL  injection_and_flow.o
    0x0800133a   0x0800133a   0x00000002   PAD
    0x0800133c   0x0800133c   0x00000092   Code   RO          102    .text.FlowMeter2_PulseCallback  injection_and_flow.o
    0x080013ce   0x080013ce   0x00000002   PAD
    0x080013d0   0x080013d0   0x000003b4   Code   RO          104    .text.FlowMeter2_UpdateInstantaneous  injection_and_flow.o
    0x08001784   0x08001784   0x00000024   Code   RO          106    .text.FlowMeter2_UpdateTotal  injection_and_flow.o
    0x080017a8   0x080017a8   0x0000000e   Code   RO           82    .text.FlowMeter_GetFlow_mLmin  injection_and_flow.o
    0x080017b6   0x080017b6   0x00000002   PAD
    0x080017b8   0x080017b8   0x0000000e   Code   RO           84    .text.FlowMeter_GetTotal_mL  injection_and_flow.o
    0x080017c6   0x080017c6   0x00000002   PAD
    0x080017c8   0x080017c8   0x000000ac   Code   RO           76    .text.FlowMeter_PulseCallback  injection_and_flow.o
    0x08001874   0x08001874   0x00000048   Code   RO           74    .text.FlowMeter_TickHook  injection_and_flow.o
    0x080018bc   0x080018bc   0x000003b4   Code   RO           78    .text.FlowMeter_UpdateInstantaneous  injection_and_flow.o
    0x08001c70   0x08001c70   0x00000024   Code   RO           80    .text.FlowMeter_UpdateTotal  injection_and_flow.o
    0x08001c94   0x08001c94   0x00000030   Code   RO           92    .text.FlowSchedule_Push  injection_and_flow.o
    0x08001cc4   0x08001cc4   0x00000022   Code   RO           94    .text.FlowSchedule_PushImmediate  injection_and_flow.o
    0x08001ce6   0x08001ce6   0x00000002   PAD
    0x08001ce8   0x08001ce8   0x00000052   Code   RO          100    .text.GenerateSawWaveDebug  injection_and_flow.o
    0x08001d3a   0x08001d3a   0x00000002   PAD
    0x08001d3c   0x08001d3c   0x0000008e   Code   RO          930    .text.HAL_DMA_Abort  stm32f4xx_hal_dma.o
    0x08001dca   0x08001dca   0x00000002   PAD
    0x08001dcc   0x08001dcc   0x00000024   Code   RO          932    .text.HAL_DMA_Abort_IT  stm32f4xx_hal_dma.o
    0x08001df0   0x08001df0   0x00000028   Code   RO         1097    .text.HAL_Delay     stm32f4xx_hal.o
    0x08001e18   0x08001e18   0x000001a6   Code   RO          884    .text.HAL_GPIO_Init  stm32f4xx_hal_gpio.o
    0x08001fbe   0x08001fbe   0x00000002   PAD
    0x08001fc0   0x08001fc0   0x00000010   Code   RO          892    .text.HAL_GPIO_TogglePin  stm32f4xx_hal_gpio.o
    0x08001fd0   0x08001fd0   0x0000000a   Code   RO          890    .text.HAL_GPIO_WritePin  stm32f4xx_hal_gpio.o
    0x08001fda   0x08001fda   0x00000002   PAD
    0x08001fdc   0x08001fdc   0x0000000c   Code   RO         1089    .text.HAL_GetTick   stm32f4xx_hal.o
    0x08001fe8   0x08001fe8   0x0000001a   Code   RO         1087    .text.HAL_IncTick   stm32f4xx_hal.o
    0x08002002   0x08002002   0x00000002   PAD
    0x08002004   0x08002004   0x00000036   Code   RO         1077    .text.HAL_Init      stm32f4xx_hal.o
    0x0800203a   0x0800203a   0x00000002   PAD
    0x0800203c   0x0800203c   0x00000048   Code   RO         1079    .text.HAL_InitTick  stm32f4xx_hal.o
    0x08002084   0x08002084   0x00000038   Code   RO          352    .text.HAL_MspInit   stm32f4xx_hal_msp.o
    0x080020bc   0x080020bc   0x00000026   Code   RO         1029    .text.HAL_NVIC_EnableIRQ  stm32f4xx_hal_cortex.o
    0x080020e2   0x080020e2   0x00000002   PAD
    0x080020e4   0x080020e4   0x00000056   Code   RO         1027    .text.HAL_NVIC_SetPriority  stm32f4xx_hal_cortex.o
    0x0800213a   0x0800213a   0x00000002   PAD
    0x0800213c   0x0800213c   0x00000020   Code   RO         1025    .text.HAL_NVIC_SetPriorityGrouping  stm32f4xx_hal_cortex.o
    0x0800215c   0x0800215c   0x00000160   Code   RO          770    .text.HAL_RCC_ClockConfig  stm32f4xx_hal_rcc.o
    0x080022bc   0x080022bc   0x00000026   Code   RO          782    .text.HAL_RCC_GetPCLK1Freq  stm32f4xx_hal_rcc.o
    0x080022e2   0x080022e2   0x00000002   PAD
    0x080022e4   0x080022e4   0x00000026   Code   RO          784    .text.HAL_RCC_GetPCLK2Freq  stm32f4xx_hal_rcc.o
    0x0800230a   0x0800230a   0x00000002   PAD
    0x0800230c   0x0800230c   0x0000006a   Code   RO          772    .text.HAL_RCC_GetSysClockFreq  stm32f4xx_hal_rcc.o
    0x08002376   0x08002376   0x00000002   PAD
    0x08002378   0x08002378   0x00000374   Code   RO          768    .text.HAL_RCC_OscConfig  stm32f4xx_hal_rcc.o
    0x080026ec   0x080026ec   0x0000002c   Code   RO         1037    .text.HAL_SYSTICK_Config  stm32f4xx_hal_cortex.o
    0x08002718   0x08002718   0x00000002   Code   RO          752    .text.HAL_TIMEx_BreakCallback  stm32f4xx_hal_tim_ex.o
    0x0800271a   0x0800271a   0x00000002   PAD
    0x0800271c   0x0800271c   0x00000002   Code   RO          748    .text.HAL_TIMEx_CommutCallback  stm32f4xx_hal_tim_ex.o
    0x0800271e   0x0800271e   0x00000002   PAD
    0x08002720   0x08002720   0x00000090   Code   RO          742    .text.HAL_TIMEx_MasterConfigSynchronization  stm32f4xx_hal_tim_ex.o
    0x080027b0   0x080027b0   0x0000005a   Code   RO          447    .text.HAL_TIM_Base_Init  stm32f4xx_hal_tim.o
    0x0800280a   0x0800280a   0x00000002   PAD
    0x0800280c   0x0800280c   0x00000176   Code   RO          282    .text.HAL_TIM_Base_MspInit  tim.o
    0x08002982   0x08002982   0x00000002   PAD
    0x08002984   0x08002984   0x00000084   Code   RO          461    .text.HAL_TIM_Base_Start_IT  stm32f4xx_hal_tim.o
    0x08002a08   0x08002a08   0x0000019c   Code   RO          627    .text.HAL_TIM_ConfigClockSource  stm32f4xx_hal_tim.o
    0x08002ba4   0x08002ba4   0x00000036   Code   RO          245    .text.HAL_TIM_IC_CaptureCallback  main.o
    0x08002bda   0x08002bda   0x00000002   PAD
    0x08002bdc   0x08002bdc   0x000001a2   Code   RO          597    .text.HAL_TIM_IC_ConfigChannel  stm32f4xx_hal_tim.o
    0x08002d7e   0x08002d7e   0x00000002   PAD
    0x08002d80   0x08002d80   0x0000005a   Code   RO          521    .text.HAL_TIM_IC_Init  stm32f4xx_hal_tim.o
    0x08002dda   0x08002dda   0x00000002   PAD
    0x08002ddc   0x08002ddc   0x00000002   Code   RO          523    .text.HAL_TIM_IC_MspInit  stm32f4xx_hal_tim.o
    0x08002dde   0x08002dde   0x00000002   PAD
    0x08002de0   0x08002de0   0x00000146   Code   RO          533    .text.HAL_TIM_IC_Start_IT  stm32f4xx_hal_tim.o
    0x08002f26   0x08002f26   0x00000002   PAD
    0x08002f28   0x08002f28   0x0000014e   Code   RO          581    .text.HAL_TIM_IRQHandler  stm32f4xx_hal_tim.o
    0x08003076   0x08003076   0x00000002   PAD
    0x08003078   0x08003078   0x00000002   Code   RO          585    .text.HAL_TIM_OC_DelayElapsedCallback  stm32f4xx_hal_tim.o
    0x0800307a   0x0800307a   0x00000002   PAD
    0x0800307c   0x0800307c   0x00000202   Code   RO          601    .text.HAL_TIM_PWM_ConfigChannel  stm32f4xx_hal_tim.o
    0x0800327e   0x0800327e   0x00000002   PAD
    0x08003280   0x08003280   0x0000005a   Code   RO          501    .text.HAL_TIM_PWM_Init  stm32f4xx_hal_tim.o
    0x080032da   0x080032da   0x00000002   PAD
    0x080032dc   0x080032dc   0x00000002   Code   RO          503    .text.HAL_TIM_PWM_MspInit  stm32f4xx_hal_tim.o
    0x080032de   0x080032de   0x00000002   PAD
    0x080032e0   0x080032e0   0x00000002   Code   RO          587    .text.HAL_TIM_PWM_PulseFinishedCallback  stm32f4xx_hal_tim.o
    0x080032e2   0x080032e2   0x00000002   PAD
    0x080032e4   0x080032e4   0x000000f4   Code   RO          509    .text.HAL_TIM_PWM_Start  stm32f4xx_hal_tim.o
    0x080033d8   0x080033d8   0x00000126   Code   RO          247    .text.HAL_TIM_PeriodElapsedCallback  main.o
    0x080034fe   0x080034fe   0x00000002   PAD
    0x08003500   0x08003500   0x00000002   Code   RO          591    .text.HAL_TIM_TriggerCallback  stm32f4xx_hal_tim.o
    0x08003502   0x08003502   0x00000002   PAD
    0x08003504   0x08003504   0x00000002   Code   RO         1253    .text.HAL_UARTEx_RxEventCallback  stm32f4xx_hal_uart.o
    0x08003506   0x08003506   0x00000002   PAD
    0x08003508   0x08003508   0x00000002   Code   RO         1251    .text.HAL_UART_ErrorCallback  stm32f4xx_hal_uart.o
    0x0800350a   0x0800350a   0x00000002   PAD
    0x0800350c   0x0800350c   0x00000584   Code   RO         1245    .text.HAL_UART_IRQHandler  stm32f4xx_hal_uart.o
    0x08003a90   0x08003a90   0x00000060   Code   RO         1167    .text.HAL_UART_Init  stm32f4xx_hal_uart.o
    0x08003af0   0x08003af0   0x000000d2   Code   RO          303    .text.HAL_UART_MspInit  usart.o
    0x08003bc2   0x08003bc2   0x00000002   PAD
    0x08003bc4   0x08003bc4   0x00000002   Code   RO         1259    .text.HAL_UART_RxCpltCallback  stm32f4xx_hal_uart.o
    0x08003bc6   0x08003bc6   0x00000002   PAD
    0x08003bc8   0x08003bc8   0x00000002   Code   RO         1255    .text.HAL_UART_TxCpltCallback  stm32f4xx_hal_uart.o
    0x08003bca   0x08003bca   0x00000002   PAD
    0x08003bcc   0x08003bcc   0x00000002   Code   RO          319    .text.HardFault_Handler  stm32f4xx_it.o
    0x08003bce   0x08003bce   0x00000002   PAD
    0x08003bd0   0x08003bd0   0x0000024a   Code   RO           66    .text.InjectionAndFlow_Init  injection_and_flow.o
    0x08003e1a   0x08003e1a   0x00000002   PAD
    0x08003e1c   0x08003e1c   0x000000a4   Code   RO          263    .text.MX_GPIO_Init  gpio.o
    0x08003ec0   0x08003ec0   0x000000ba   Code   RO          272    .text.MX_TIM1_Init  tim.o
    0x08003f7a   0x08003f7a   0x00000002   PAD
    0x08003f7c   0x08003f7c   0x000000b6   Code   RO          274    .text.MX_TIM2_Init  tim.o
    0x08004032   0x08004032   0x00000002   PAD
    0x08004034   0x08004034   0x00000074   Code   RO          276    .text.MX_TIM3_Init  tim.o
    0x080040a8   0x080040a8   0x00000100   Code   RO          278    .text.MX_TIM5_Init  tim.o
    0x080041a8   0x080041a8   0x00000040   Code   RO          299    .text.MX_USART1_UART_Init  usart.o
    0x080041e8   0x080041e8   0x00000040   Code   RO          301    .text.MX_USART2_UART_Init  usart.o
    0x08004228   0x08004228   0x00000002   Code   RO          321    .text.MemManage_Handler  stm32f4xx_it.o
    0x0800422a   0x0800422a   0x00000002   PAD
    0x0800422c   0x0800422c   0x00000002   Code   RO          317    .text.NMI_Handler   stm32f4xx_it.o
    0x0800422e   0x0800422e   0x00000002   PAD
    0x08004230   0x08004230   0x00000002   Code   RO          331    .text.PendSV_Handler  stm32f4xx_it.o
    0x08004232   0x08004232   0x00000002   PAD
    0x08004234   0x08004234   0x0000010e   Code   RO          360    .text.RunStartupSequence  state_machine.o
    0x08004342   0x08004342   0x00000002   PAD
    0x08004344   0x08004344   0x00000002   Code   RO          327    .text.SVC_Handler   stm32f4xx_it.o
    0x08004346   0x08004346   0x00000002   PAD
    0x08004348   0x08004348   0x00000014   Code   RO          374    .text.StateMachine_EnterDebug  state_machine.o
    0x0800435c   0x0800435c   0x0000004c   Code   RO          376    .text.StateMachine_ExitDebug  state_machine.o
    0x080043a8   0x080043a8   0x0000000c   Code   RO          368    .text.StateMachine_GetStartupStep  state_machine.o
    0x080043b4   0x080043b4   0x0000000c   Code   RO          366    .text.StateMachine_GetState  state_machine.o
    0x080043c0   0x080043c0   0x00000022   Code   RO          364    .text.StateMachine_Init  state_machine.o
    0x080043e2   0x080043e2   0x00000002   PAD
    0x080043e4   0x080043e4   0x00000014   Code   RO          370    .text.StateMachine_OnHandshakeAccepted  state_machine.o
    0x080043f8   0x080043f8   0x00000162   Code   RO          378    .text.StateMachine_ProcessTick  state_machine.o
    0x0800455a   0x0800455a   0x00000002   PAD
    0x0800455c   0x0800455c   0x00000004   Code   RO          333    .text.SysTick_Handler  stm32f4xx_it.o
    0x08004560   0x08004560   0x00000012   Code   RO          200    .text.SystemInit    system_stm32f4xx.o
    0x08004572   0x08004572   0x00000002   PAD
    0x08004574   0x08004574   0x0000000c   Code   RO          335    .text.TIM1_CC_IRQHandler  stm32f4xx_it.o
    0x08004580   0x08004580   0x0000000c   Code   RO          337    .text.TIM2_IRQHandler  stm32f4xx_it.o
    0x0800458c   0x0800458c   0x0000000c   Code   RO          339    .text.TIM3_IRQHandler  stm32f4xx_it.o
    0x08004598   0x08004598   0x000000f8   Code   RO          451    .text.TIM_Base_SetConfig  stm32f4xx_hal_tim.o
    0x08004690   0x08004690   0x0000000a   Code   RO         1249    .text.UART_DMAAbortOnError  stm32f4xx_hal_uart.o
    0x0800469a   0x0800469a   0x00000002   PAD
    0x0800469c   0x0800469c   0x000000fe   Code   RO         1247    .text.UART_Receive_IT  stm32f4xx_hal_uart.o
    0x0800479a   0x0800479a   0x00000002   PAD
    0x0800479c   0x0800479c   0x000000ee   Code   RO         1171    .text.UART_SetConfig  stm32f4xx_hal_uart.o
    0x0800488a   0x0800488a   0x00000002   PAD
    0x0800488c   0x0800488c   0x0000001e   Code   RO          341    .text.USART1_IRQHandler  stm32f4xx_it.o
    0x080048aa   0x080048aa   0x00000002   PAD
    0x080048ac   0x080048ac   0x0000001e   Code   RO          343    .text.USART2_IRQHandler  stm32f4xx_it.o
    0x080048ca   0x080048ca   0x00000002   PAD
    0x080048cc   0x080048cc   0x0000005c   Code   RO          215    .text.UartHAL_Attach  uart_hal.o
    0x08004928   0x08004928   0x00000052   Code   RO          219    .text.UartHAL_FlushRx  uart_hal.o
    0x0800497a   0x0800497a   0x00000002   PAD
    0x0800497c   0x0800497c   0x000000cc   Code   RO          225    .text.UartHAL_IRQHandler  uart_hal.o
    0x08004a48   0x08004a48   0x00000076   Code   RO          221    .text.UartHAL_Read  uart_hal.o
    0x08004abe   0x08004abe   0x00000002   PAD
    0x08004ac0   0x08004ac0   0x0000007c   Code   RO          227    .text.UartHAL_RxAvailable  uart_hal.o
    0x08004b3c   0x08004b3c   0x000000a6   Code   RO          223    .text.UartHAL_Send  uart_hal.o
    0x08004be2   0x08004be2   0x00000002   PAD
    0x08004be4   0x08004be4   0x00000030   Code   RO           98    .text.Update_Solenoid_State  injection_and_flow.o
    0x08004c14   0x08004c14   0x00000002   Code   RO          325    .text.UsageFault_Handler  stm32f4xx_it.o
    0x08004c16   0x08004c16   0x00000002   PAD
    0x08004c18   0x08004c18   0x0000007c   Code   RO           20    .text.flags_init    config.o
    0x08004c94   0x08004c94   0x00000036   Code   RO          153    .text.goHome        mks42d.o
    0x08004cca   0x08004cca   0x00000002   PAD
    0x08004ccc   0x08004ccc   0x0000012e   Code   RO          239    .text.main          main.o
    0x08004dfa   0x08004dfa   0x00000002   PAD
    0x08004dfc   0x08004dfc   0x0000008e   Code   RO          188    .text.motor_read    motor_control.o
    0x08004e8a   0x08004e8a   0x00000002   PAD
    0x08004e8c   0x08004e8c   0x0000007c   Code   RO          169    .text.positionMode2Run  mks42d.o
    0x08004f08   0x08004f08   0x000000f8   Code   RO          155    .text.readGoHomeFinishAck  mks42d.o
    0x08005000   0x08005000   0x00000026   Code   RO          161    .text.readMotorStatusTx  mks42d.o
    0x08005026   0x08005026   0x00000002   PAD
    0x08005028   0x08005028   0x000000e0   Code   RO          159    .text.readSetZeroAck  mks42d.o
    0x08005108   0x08005108   0x000000be   Code   RO          175    .text.readStepperPos  mks42d.o
    0x080051c6   0x080051c6   0x00000002   PAD
    0x080051c8   0x080051c8   0x00000036   Code   RO          171    .text.readStepperPosTx  mks42d.o
    0x080051fe   0x080051fe   0x00000002   PAD
    0x08005200   0x08005200   0x00000036   Code   RO          157    .text.setZero       mks42d.o
    0x08005236   0x08005236   0x00000002   PAD
    0x08005238   0x08005238   0x00000114   Code   RO           88    .text.update_pump_state  injection_and_flow.o
    0x0800534c   0x0800534c   0x0000001a   Code   RO         1413    x$fpl$fpinit        fz_wm.l(fpinit.o)
    0x08005366   0x08005366   0x00000002   Data   RO          436    .rodata..L.str      comms_protocol.o
    0x08005368   0x08005368   0x00000010   Data   RO          205    .rodata.AHBPrescTable  system_stm32f4xx.o
    0x08005378   0x08005378   0x00000008   Data   RO          206    .rodata.APBPrescTable  system_stm32f4xx.o
    0x08005380   0x08005380   0x00000020   Data   RO          667    .rodata.cst16       stm32f4xx_hal_tim.o
    0x080053a0   0x080053a0   0x00000020   Data   RO         1474    Region$$Table       anon$$obj.o


    Execution Region RW_IRAM1 (Exec base: 0x20000000, Load base: 0x080053c0, Size: 0x00009ca0, Max: 0x00010000, ABSOLUTE)

    Exec Addr    Load Addr    Size         Type   Attr      Idx    E Section Name        Object

    0x20000000   0x080053c0   0x00000024   Data   RW           30    .data..L_MergedGlobals  config.o
    0x20000024   0x080053e4   0x00000008   Data   RW           48    .data..L_MergedGlobals  flow_lut.o
    0x2000002c   0x080053ec   0x00000008   Data   RW         1132    .data..L_MergedGlobals  stm32f4xx_hal.o
    0x20000034   0x080053f4   0x00000030   Data   RW           47    .data.FlowLUT_Hardcoded  flow_lut.o
    0x20000064   0x08005424   0x00000004   Data   RW          204    .data.SystemCoreClock  system_stm32f4xx.o
    0x20000068   0x08005428   0x00000004   Data   RW          380    .data.handshake_timeout_ms  state_machine.o
    0x2000006c   0x0800542c   0x00000002   Data   RW           25    .data.heartbeat_period_ms  config.o
    0x2000006e   0x0800542e   0x00000001   Data   RW           13    .data.run_state     computer_bridge.o
    0x2000006f   0x0800542f   0x00000001   Data   RW           26    .data.send_ack_and_nack_packets  config.o
    0x20000070   0x08005430   0x00000002   Data   RW           24    .data.telemetry_period_ms  config.o
    0x20000072   0x08005432   0x00000006   PAD
    0x20000078        -       0x00000060   Zero   RW         1339    .bss                c_w.l(libspace.o)
    0x200000d8        -       0x00000008   Zero   RW          117    .bss..L_MergedGlobals  injection_and_flow.o
    0x200000e0        -       0x00000014   Zero   RW          254    .bss..L_MergedGlobals  main.o
    0x200000f4        -       0x00000014   Zero   RW          381    .bss..L_MergedGlobals  state_machine.o
    0x20000108        -       0x0000001c   Zero   RW          419    .bss..L_MergedGlobals  comms_app.o
    0x20000124        -       0x00000010   Zero   RW          438    .bss..L_MergedGlobals  comms_protocol.o
    0x20000134        -       0x00000014   Zero   RW           31    .bss..L_MergedGlobals.18  config.o
    0x20000148        -       0x00002fc4   Zero   RW          114    .bss.Flow_State     injection_and_flow.o
    0x2000310c        -       0x00002fc4   Zero   RW          115    .bss.Flow_State2    injection_and_flow.o
    0x200060d0        -       0x00000228   Zero   RW          116    .bss.Pump_Control   injection_and_flow.o
    0x200062f8        -       0x00000004   Zero   RW          290    .bss.SYSTEM_TICK    tim.o
    0x200062fc        -       0x00003060   Zero   RW          229    .bss._ports         uart_hal.o
    0x2000935c        -       0x000000c0   Zero   RW          418    .bss.flow_pulse_queue  comms_app.o
    0x2000941c        -       0x00000048   Zero   RW          286    .bss.htim1          tim.o
    0x20009464        -       0x00000048   Zero   RW          287    .bss.htim2          tim.o
    0x200094ac        -       0x00000048   Zero   RW          288    .bss.htim3          tim.o
    0x200094f4        -       0x00000048   Zero   RW          289    .bss.htim5          tim.o
    0x2000953c        -       0x00000048   Zero   RW          307    .bss.huart1         usart.o
    0x20009584        -       0x00000048   Zero   RW          308    .bss.huart2         usart.o
    0x200095cc        -       0x00000080   Zero   RW          437    .bss.payload_buf    comms_protocol.o
    0x2000964c        -       0x00000001   Zero   RW           27    .bss.self_op_enabled  config.o
    0x2000964d   0x08005432   0x00000003   PAD
    0x20009650        -       0x00000004   Zero   RW          192    .bss.stepper_pos    motor_control.o
    0x20009654        -       0x00000001   Zero   RW          191    .bss.stepper_rx_check_start  motor_control.o
    0x20009655        -       0x00000040   Zero   RW          177    .bss.txBuffer       mks42d.o
    0x20009695   0x08005432   0x00000003   PAD
    0x20009698        -       0x00000004   Zero   RW         1131    .bss.uwTick         stm32f4xx_hal.o
    0x2000969c   0x08005432   0x00000004   PAD
    0x200096a0        -       0x00000200   Zero   RW            2    HEAP                startup_stm32f401xc.o
    0x200098a0        -       0x00000400   Zero   RW            1    STACK               startup_stm32f401xc.o


==============================================================================

Image component sizes


      Code (inc. data)   RO Data    RW Data    ZI Data      Debug   Object Name

      2648        242          0          0        220      11117   comms_app.o
       664          8          2          0        144       4115   comms_protocol.o
         0          0          0          1          0        468   computer_bridge.o
       124          0          0         41         21       2823   config.o
       244          0          0         56          0       3959   flow_lut.o
       164          0          0          0          0       2250   gpio.o
      3488         28          0          0      25016      15433   injection_and_flow.o
       656          0          0          0         20       7757   main.o
       986          8          0          0         64       8691   mks42d.o
       142          4          0          0          5       1130   motor_control.o
        64         26        404          0       1536        892   startup_stm32f401xc.o
       798         10          0          4         20       3901   state_machine.o
       204          0          0          8          4       6899   stm32f4xx_hal.o
       200          0          0          0          0      10350   stm32f4xx_hal_cortex.o
       178          0          0          0          0      10597   stm32f4xx_hal_dma.o
       448          0          0          0          0       5351   stm32f4xx_hal_gpio.o
        56          0          0          0          0       1557   stm32f4xx_hal_msp.o
      1418          0          0          0          0       7483   stm32f4xx_hal_rcc.o
      2908         12         32          0          0      54577   stm32f4xx_hal_tim.o
       148          0          0          0          0      21062   stm32f4xx_hal_tim_ex.o
      2018          0          0          0          0      32181   stm32f4xx_hal_uart.o
       116          0          0          0          0       6105   stm32f4xx_it.o
        18          0         24          4          0       2689   system_stm32f4xx.o
      1114          0          0          0        292       9386   tim.o
       786          0          0          0      12384       4983   uart_hal.o
       338          0          0          0        144       6787   usart.o

    ----------------------------------------------------------------------
     20080        338        494        116      39884     242543   Object Totals
         0          0         32          0          0          0   (incl. Generated)
       152          0          0          2         14          0   (incl. Padding)

    ----------------------------------------------------------------------

      Code (inc. data)   RO Data    RW Data    ZI Data      Debug   Library Member Name

         8          0          0          0          0         68   __main.o
         0          0          0          0          0          0   __rtentry.o
        12          0          0          0          0          0   __rtentry2.o
         6          0          0          0          0          0   __rtentry4.o
        52          8          0          0          0          0   __scatter.o
        26          0          0          0          0          0   __scatter_copy.o
        28          0          0          0          0          0   __scatter_zi.o
        18          0          0          0          0         80   exit.o
         6          0          0          0          0        152   heapauxi.o
         0          0          0          0          0          0   indicate_semi.o
         2          0          0          0          0          0   libinit.o
         6          0          0          0          0          0   libinit2.o
         2          0          0          0          0          0   libshutdown.o
         2          0          0          0          0          0   libshutdown2.o
         8          4          0          0         96         68   libspace.o
       240          0          0          0          0        100   lludivv7m.o
        78          0          0          0          0         80   rt_memclr_w.o
       138          0          0          0          0         68   rt_memcpy_v6.o
       100          0          0          0          0         80   rt_memcpy_w.o
         2          0          0          0          0          0   rtexit.o
        10          0          0          0          0          0   rtexit2.o
        12          4          0          0          0         68   sys_exit.o
        74          0          0          0          0         80   sys_stackheap_outer.o
         2          0          0          0          0         68   use_no_semi.o
        26          0          0          0          0        116   fpinit.o

    ----------------------------------------------------------------------
       866         16          0          0         96       1028   Library Totals
         8          0          0          0          0          0   (incl. Padding)

    ----------------------------------------------------------------------

      Code (inc. data)   RO Data    RW Data    ZI Data      Debug   Library Name

       832         16          0          0         96        912   c_w.l
        26          0          0          0          0        116   fz_wm.l

    ----------------------------------------------------------------------
       866         16          0          0         96       1028   Library Totals

    ----------------------------------------------------------------------

==============================================================================


      Code (inc. data)   RO Data    RW Data    ZI Data      Debug   

     20946        354        494        116      39980     242747   Grand Totals
     20946        354        494        116      39980     242747   ELF Image Totals
     20946        354        494        116          0          0   ROM Totals

==============================================================================

    Total RO  Size (Code + RO Data)                21440 (  20.94kB)
    Total RW  Size (RW Data + ZI Data)             40096 (  39.16kB)
    Total ROM Size (Code + RO Data + RW Data)      21556 (  21.05kB)

==============================================================================

